Component: ARM Compiler 5.06 update 5 (build 528) Tool: armlink [4d35e2]

==============================================================================

Section Cross References

    startup_stm32f10x_md.o(STACK) refers (Special) to heapauxi.o(.text) for __use_two_region_memory
    startup_stm32f10x_md.o(HEAP) refers (Special) to heapauxi.o(.text) for __use_two_region_memory
    startup_stm32f10x_md.o(RESET) refers (Special) to heapauxi.o(.text) for __use_two_region_memory
    startup_stm32f10x_md.o(RESET) refers to startup_stm32f10x_md.o(STACK) for __initial_sp
    startup_stm32f10x_md.o(RESET) refers to startup_stm32f10x_md.o(.text) for Reset_Handler
    startup_stm32f10x_md.o(RESET) refers to stm32f10x_it.o(i.NMI_Handler) for NMI_Handler
    startup_stm32f10x_md.o(RESET) refers to stm32f10x_it.o(i.HardFault_Handler) for HardFault_Handler
    startup_stm32f10x_md.o(RESET) refers to stm32f10x_it.o(i.MemManage_Handler) for MemManage_Handler
    startup_stm32f10x_md.o(RESET) refers to stm32f10x_it.o(i.BusFault_Handler) for BusFault_Handler
    startup_stm32f10x_md.o(RESET) refers to stm32f10x_it.o(i.UsageFault_Handler) for UsageFault_Handler
    startup_stm32f10x_md.o(RESET) refers to stm32f10x_it.o(i.SVC_Handler) for SVC_Handler
    startup_stm32f10x_md.o(RESET) refers to stm32f10x_it.o(i.DebugMon_Handler) for DebugMon_Handler
    startup_stm32f10x_md.o(RESET) refers to stm32f10x_it.o(i.PendSV_Handler) for PendSV_Handler
    startup_stm32f10x_md.o(RESET) refers to stm32f10x_it.o(i.SysTick_Handler) for SysTick_Handler
    startup_stm32f10x_md.o(RESET) refers to main.o(i.EXTI4_IRQHandler) for EXTI4_IRQHandler
    startup_stm32f10x_md.o(RESET) refers to serial3.o(i.DMA1_Channel2_IRQHandler) for DMA1_Channel2_IRQHandler
    startup_stm32f10x_md.o(RESET) refers to serial2.o(i.DMA1_Channel7_IRQHandler) for DMA1_Channel7_IRQHandler
    startup_stm32f10x_md.o(RESET) refers to mytim.o(i.TIM1_UP_IRQHandler) for TIM1_UP_IRQHandler
    startup_stm32f10x_md.o(RESET) refers to mytim.o(i.TIM2_IRQHandler) for TIM2_IRQHandler
    startup_stm32f10x_md.o(RESET) refers to mytim.o(i.TIM3_IRQHandler) for TIM3_IRQHandler
    startup_stm32f10x_md.o(RESET) refers to mytim.o(i.TIM4_IRQHandler) for TIM4_IRQHandler
    startup_stm32f10x_md.o(RESET) refers to serial2.o(i.USART2_IRQHandler) for USART2_IRQHandler
    startup_stm32f10x_md.o(RESET) refers to serial3.o(i.USART3_IRQHandler) for USART3_IRQHandler
    startup_stm32f10x_md.o(RESET) refers to main.o(i.EXTI15_10_IRQHandler) for EXTI15_10_IRQHandler
    startup_stm32f10x_md.o(.text) refers (Special) to heapauxi.o(.text) for __use_two_region_memory
    startup_stm32f10x_md.o(.text) refers to system_stm32f10x.o(i.SystemInit) for SystemInit
    startup_stm32f10x_md.o(.text) refers to __main.o(!!!main) for __main
    startup_stm32f10x_md.o(.text) refers to startup_stm32f10x_md.o(HEAP) for Heap_Mem
    startup_stm32f10x_md.o(.text) refers to startup_stm32f10x_md.o(STACK) for Stack_Mem
    system_stm32f10x.o(i.SetSysClock) refers to system_stm32f10x.o(i.SetSysClockTo72) for SetSysClockTo72
    system_stm32f10x.o(i.SystemCoreClockUpdate) refers to system_stm32f10x.o(.data) for SystemCoreClock
    system_stm32f10x.o(i.SystemInit) refers to system_stm32f10x.o(i.SetSysClock) for SetSysClock
    stm32f10x_adc.o(i.ADC_DeInit) refers to stm32f10x_rcc.o(i.RCC_APB2PeriphResetCmd) for RCC_APB2PeriphResetCmd
    stm32f10x_bkp.o(i.BKP_DeInit) refers to stm32f10x_rcc.o(i.RCC_BackupResetCmd) for RCC_BackupResetCmd
    stm32f10x_can.o(i.CAN_DeInit) refers to stm32f10x_rcc.o(i.RCC_APB1PeriphResetCmd) for RCC_APB1PeriphResetCmd
    stm32f10x_can.o(i.CAN_GetITStatus) refers to stm32f10x_can.o(i.CheckITStatus) for CheckITStatus
    stm32f10x_cec.o(i.CEC_DeInit) refers to stm32f10x_rcc.o(i.RCC_APB1PeriphResetCmd) for RCC_APB1PeriphResetCmd
    stm32f10x_dac.o(i.DAC_DeInit) refers to stm32f10x_rcc.o(i.RCC_APB1PeriphResetCmd) for RCC_APB1PeriphResetCmd
    stm32f10x_flash.o(i.FLASH_EnableWriteProtection) refers to stm32f10x_flash.o(i.FLASH_WaitForLastOperation) for FLASH_WaitForLastOperation
    stm32f10x_flash.o(i.FLASH_EraseAllBank1Pages) refers to stm32f10x_flash.o(i.FLASH_WaitForLastBank1Operation) for FLASH_WaitForLastBank1Operation
    stm32f10x_flash.o(i.FLASH_EraseAllPages) refers to stm32f10x_flash.o(i.FLASH_WaitForLastOperation) for FLASH_WaitForLastOperation
    stm32f10x_flash.o(i.FLASH_EraseOptionBytes) refers to stm32f10x_flash.o(i.FLASH_GetReadOutProtectionStatus) for FLASH_GetReadOutProtectionStatus
    stm32f10x_flash.o(i.FLASH_EraseOptionBytes) refers to stm32f10x_flash.o(i.FLASH_WaitForLastOperation) for FLASH_WaitForLastOperation
    stm32f10x_flash.o(i.FLASH_ErasePage) refers to stm32f10x_flash.o(i.FLASH_WaitForLastOperation) for FLASH_WaitForLastOperation
    stm32f10x_flash.o(i.FLASH_ProgramHalfWord) refers to stm32f10x_flash.o(i.FLASH_WaitForLastOperation) for FLASH_WaitForLastOperation
[...]
    TIM1_CC_IRQHandler                       0x08000297   Thumb Code     0  startup_stm32f10x_md.o(.text)
    TIM1_TRG_COM_IRQHandler                  0x08000297   Thumb Code     0  startup_stm32f10x_md.o(.text)
    USART1_IRQHandler                        0x08000297   Thumb Code     0  startup_stm32f10x_md.o(.text)
    USBWakeUp_IRQHandler                     0x08000297   Thumb Code     0  startup_stm32f10x_md.o(.text)
    USB_HP_CAN1_TX_IRQHandler                0x08000297   Thumb Code     0  startup_stm32f10x_md.o(.text)
    USB_LP_CAN1_RX0_IRQHandler               0x08000297   Thumb Code     0  startup_stm32f10x_md.o(.text)
    WWDG_IRQHandler                          0x08000297   Thumb Code     0  startup_stm32f10x_md.o(.text)
    __user_initial_stackheap                 0x08000299   Thumb Code     0  startup_stm32f10x_md.o(.text)
    snprintf                                 0x080002bd   Thumb Code    50  snprintf.o(.text)
    __2snprintf                              0x080002f5   Thumb Code    50  __2snprintf.o(.text)
    _printf_str                              0x0800032d   Thumb Code    82  _printf_str.o(.text)
    _printf_int_dec                          0x08000381   Thumb Code   104  _printf_dec.o(.text)
    __printf                                 0x080003f9   Thumb Code   388  __printf_flags_ss_wp.o(.text)
    atoi                                     0x08000581   Thumb Code    26  atoi.o(.text)
    strstr                                   0x0800059b   Thumb Code    36  strstr.o(.text)
    strlen                                   0x080005bf   Thumb Code    62  strlen.o(.text)
    __aeabi_memcpy                           0x080005fd   Thumb Code     0  rt_memcpy_v6.o(.text)
    __rt_memcpy                              0x080005fd   Thumb Code   138  rt_memcpy_v6.o(.text)
    _memcpy_lastbytes                        0x08000663   Thumb Code     0  rt_memcpy_v6.o(.text)
    __aeabi_memclr                           0x08000687   Thumb Code     0  rt_memclr.o(.text)
    __rt_memclr                              0x08000687   Thumb Code    68  rt_memclr.o(.text)
    _memset                                  0x0800068b   Thumb Code     0  rt_memclr.o(.text)
    __use_two_region_memory                  0x080006cb   Thumb Code     2  heapauxi.o(.text)
    __rt_heap_escrow$2region                 0x080006cd   Thumb Code     2  heapauxi.o(.text)
    __rt_heap_expand$2region                 0x080006cf   Thumb Code     2  heapauxi.o(.text)
    __aeabi_errno_addr                       0x080006d1   Thumb Code     8  rt_errno_addr_intlibspace.o(.text)
    __errno$intlibspace                      0x080006d1   Thumb Code     0  rt_errno_addr_intlibspace.o(.text)
    __rt_errno_addr$intlibspace              0x080006d1   Thumb Code     0  rt_errno_addr_intlibspace.o(.text)
    _printf_pre_padding                      0x080006d9   Thumb Code    44  _printf_pad.o(.text)
    _printf_post_padding                     0x08000705   Thumb Code    34  _printf_pad.o(.text)
    _printf_truncate_signed                  0x08000727   Thumb Code    18  _printf_truncate.o(.text)
    _printf_truncate_unsigned                0x08000739   Thumb Code    18  _printf_truncate.o(.text)
    _printf_int_common                       0x0800074b   Thumb Code   178  _printf_intcommon.o(.text)
    _printf_charcount                        0x080007fd   Thumb Code    40  _printf_charcount.o(.text)
    _printf_char_common                      0x0800082f   Thumb Code    32  _printf_char_common.o(.text)
    _sputc                                   0x08000855   Thumb Code    10  _sputc.o(.text)
    _snputc                                  0x0800085f   Thumb Code    16  _snputc.o(.text)
    _printf_cs_common                        0x0800086f   Thumb Code    20  _printf_char.o(.text)
    _printf_char                             0x08000883   Thumb Code    16  _printf_char.o(.text)
    _printf_string                           0x08000893   Thumb Code     8  _printf_char.o(.text)
    _printf_wctomb                           0x0800089d   Thumb Code   182  _printf_wctomb.o(.text)
    _printf_longlong_dec                     0x08000959   Thumb Code   108  _printf_longlong_dec.o(.text)
    _printf_longlong_oct                     0x080009d5   Thumb Code    66  _printf_oct_int_ll.o(.text)
    _printf_int_oct                          0x08000a17   Thumb Code    24  _printf_oct_int_ll.o(.text)
    _printf_ll_oct                           0x08000a2f   Thumb Code    12  _printf_oct_int_ll.o(.text)
    _printf_longlong_hex                     0x08000a45   Thumb Code    86  _printf_hex_int_ll_ptr.o(.text)
    _printf_int_hex                          0x08000a9b   Thumb Code    28  _printf_hex_int_ll_ptr.o(.text)
    _printf_ll_hex                           0x08000ab7   Thumb Code    12  _printf_hex_int_ll_ptr.o(.text)
    _printf_hex_ptr                          0x08000ac3   Thumb Code    18  _printf_hex_int_ll_ptr.o(.text)
    strtol                                   0x08000ad9   Thumb Code   112  strtol.o(.text)
    __aeabi_memcpy4                          0x08000b49   Thumb Code     0  rt_memcpy_w.o(.text)
    __aeabi_memcpy8                          0x08000b49   Thumb Code     0  rt_memcpy_w.o(.text)
    __rt_memcpy_w                            0x08000b49   Thumb Code   100  rt_memcpy_w.o(.text)
    _memcpy_lastbytes_aligned                0x08000b91   Thumb Code     0  rt_memcpy_w.o(.text)
    __aeabi_memclr4                          0x08000bad   Thumb Code     0  rt_memclr_w.o(.text)
    __aeabi_memclr8                          0x08000bad   Thumb Code     0  rt_memclr_w.o(.text)
    __rt_memclr_w                            0x08000bad   Thumb Code    78  rt_memclr_w.o(.text)
    _memset_w                                0x08000bb1   Thumb Code     0  rt_memclr_w.o(.text)
    __user_libspace                          0x08000bfd   Thumb Code     8  libspace.o(.text)
    __user_perproc_libspace                  0x08000bfd   Thumb Code     0  libspace.o(.text)
    __user_perthread_libspace                0x08000bfd   Thumb Code     0  libspace.o(.text)
    __rt_ctype_table                         0x08000c05   Thumb Code    16  rt_ctype_table.o(.text)
    _ll_udiv10                               0x08000c15   Thumb Code   138  lludiv10.o(.text)
    __lib_sel_fp_printf                      0x08000c9f   Thumb Code     2  _printf_fp_dec.o(.text)
    _printf_fp_dec_real                      0x08000e51   Thumb Code   620  _printf_fp_dec.o(.text)
    _printf_fp_hex_real                      0x080010bd   Thumb Code   756  _printf_fp_hex.o(.text)
    _printf_lcs_common                       0x080013b9   Thumb Code    20  _printf_wchar.o(.text)
    _printf_wchar                            0x080013cd   Thumb Code    16  _printf_wchar.o(.text)
    _printf_wstring                          0x080013dd   Thumb Code     8  _printf_wchar.o(.text)
    _strtoul                                 0x080013e5   Thumb Code   158  _strtoul.o(.text)
    _wcrtomb                                 0x08001483   Thumb Code    64  _wcrtomb.o(.text)
    __user_setup_stackheap                   0x080014c3   Thumb Code    74  sys_stackheap_outer.o(.text)
    __rt_locale                              0x0800150d   Thumb Code     8  rt_locale_intlibspace.o(.text)
    _printf_fp_infnan                        0x08001515   Thumb Code   112  _printf_fp_infnan.o(.text)
    _chval                                   0x08001595   Thumb Code    28  _chval.o(.text)
    _btod_etento                             0x080015b1   Thumb Code   224  bigflt0.o(.text)
    exit                                     0x08001695   Thumb Code    18  exit.o(.text)
    strcmp                                   0x080016a9   Thumb Code   128  strcmpv7m.o(.text)
    _sys_exit                                0x08001729   Thumb Code     8  sys_exit.o(.text)
    __I$use$semihosting                      0x08001735   Thumb Code     0  use_no_semi.o(.text)
    __use_no_semihosting_swi                 0x08001735   Thumb Code     2  use_no_semi.o(.text)
    __semihosting_library_function           0x08001737   Thumb Code     0  indicate_semi.o(.text)
    _btod_d2e                                0x08001737   Thumb Code    62  btod.o(CL$$btod_d2e)
    _d2e_denorm_low                          0x08001775   Thumb Code    70  btod.o(CL$$btod_d2e_denorm_low)
    _d2e_norm_op1                            0x080017bb   Thumb Code    96  btod.o(CL$$btod_d2e_norm_op1)
    __btod_div_common                        0x0800181b   Thumb Code   696  btod.o(CL$$btod_div_common)
    _e2e                                     0x08001b53   Thumb Code   220  btod.o(CL$$btod_e2e)
    _btod_ediv                               0x08001c2f   Thumb Code    42  btod.o(CL$$btod_ediv)
    _btod_emul                               0x08001c59   Thumb Code    42  btod.o(CL$$btod_emul)
    __btod_mult_common                       0x08001c83   Thumb Code   580  btod.o(CL$$btod_mult_common)
    ADC_Cmd                                  0x08001ec7   Thumb Code    22  stm32f10x_adc.o(i.ADC_Cmd)
    ADC_DMACmd                               0x08001edd   Thumb Code    22  stm32f10x_adc.o(i.ADC_DMACmd)
    ADC_GetCalibrationStatus                 0x08001ef3   Thumb Code    20  stm32f10x_adc.o(i.ADC_GetCalibrationStatus)
    ADC_GetResetCalibrationStatus            0x08001f07   Thumb Code    20  stm32f10x_adc.o(i.ADC_GetResetCalibrationStatus)
    ADC_Init                                 0x08001f1d   Thumb Code    70  stm32f10x_adc.o(i.ADC_Init)
    ADC_RegularChannelConfig                 0x08001f6d   Thumb Code   184  stm32f10x_adc.o(i.ADC_RegularChannelConfig)
    ADC_ResetCalibration                     0x08002025   Thumb Code    10  stm32f10x_adc.o(i.ADC_ResetCalibration)
    ADC_SoftwareStartConvCmd                 0x0800202f   Thumb Code    22  stm32f10x_adc.o(i.ADC_SoftwareStartConvCmd)
    ADC_StartCalibration                     0x08002045   Thumb Code    10  stm32f10x_adc.o(i.ADC_StartCalibration)
    ADC_StructInit                           0x0800204f   Thumb Code    18  stm32f10x_adc.o(i.ADC_StructInit)
    AT_Init_Str                              0x08002061   Thumb Code   118  at.o(i.AT_Init_Str)
    AT_ParseCmdMsg                           0x080021d5   Thumb Code   214  at.o(i.AT_ParseCmdMsg)
    AT_ParseMessage                          0x080022c1   Thumb Code    50  at.o(i.AT_ParseMessage)
    AT_Report                                0x080022f9   Thumb Code   150  at.o(i.AT_Report)
    AT_Report_1                              0x080023c5   Thumb Code   250  at.o(i.AT_Report_1)
    AT_Report_2                              0x080024d1   Thumb Code   214  at.o(i.AT_Report_2)
    AT_SM                                    0x080025b9   Thumb Code   892  at.o(i.AT_SM)
    BusFault_Handler                         0x08002985   Thumb Code     4  stm32f10x_it.o(i.BusFault_Handler)
    DMA1_Channel2_IRQHandler                 0x08002989   Thumb Code    30  serial3.o(i.DMA1_Channel2_IRQHandler)
    DMA1_Channel7_IRQHandler                 0x080029ad   Thumb Code    34  serial2.o(i.DMA1_Channel7_IRQHandler)
    DMA_ClearITPendingBit                    0x080029d9   Thumb Code    18  stm32f10x_dma.o(i.DMA_ClearITPendingBit)
    DMA_Cmd                                  0x080029f5   Thumb Code    24  stm32f10x_dma.o(i.DMA_Cmd)
    DMA_DeInit                               0x08002a0d   Thumb Code   324  stm32f10x_dma.o(i.DMA_DeInit)
    DMA_GetCurrDataCounter                   0x08002b59   Thumb Code     8  stm32f10x_dma.o(i.DMA_GetCurrDataCounter)
    DMA_GetITStatus                          0x08002b61   Thumb Code    36  stm32f10x_dma.o(i.DMA_GetITStatus)
    DMA_ITConfig                             0x08002b8d   Thumb Code    18  stm32f10x_dma.o(i.DMA_ITConfig)
    DMA_Init                                 0x08002b9f   Thumb Code    60  stm32f10x_dma.o(i.DMA_Init)
    DMA_SetCurrDataCounter                   0x08002bdb   Thumb Code     4  stm32f10x_dma.o(i.DMA_SetCurrDataCounter)
    DMA_StructInit                           0x08002bdf   Thumb Code    26  stm32f10x_dma.o(i.DMA_StructInit)
    DebugMon_Handler                         0x08002bf9   Thumb Code     2  stm32f10x_it.o(i.DebugMon_Handler)
    Delay_ms                                 0x08002bfb   Thumb Code    24  delay.o(i.Delay_ms)
    Delay_us                                 0x08002c13   Thumb Code    46  delay.o(i.Delay_us)
    EXTI15_10_IRQHandler                     0x08002c41   Thumb Code    26  main.o(i.EXTI15_10_IRQHandler)
    EXTI4_IRQHandler                         0x08002c5b   Thumb Code    24  main.o(i.EXTI4_IRQHandler)
    EXTI_ClearITPendingBit                   0x08002c75   Thumb Code     6  stm32f10x_exti.o(i.EXTI_ClearITPendingBit)
    EXTI_GetITStatus                         0x08002c81   Thumb Code    34  stm32f10x_exti.o(i.EXTI_GetITStatus)
    EXTI_Init                                0x08002ca9   Thumb Code   142  stm32f10x_exti.o(i.EXTI_Init)
    EXTI_StructInit                          0x08002d3d   Thumb Code    16  stm32f10x_exti.o(i.EXTI_StructInit)
    GPIO_EXTILineConfig                      0x08002d4d   Thumb Code    60  stm32f10x_gpio.o(i.GPIO_EXTILineConfig)
    GPIO_Init                                0x08002d8d   Thumb Code   278  stm32f10x_gpio.o(i.GPIO_Init)
    GPIO_ReadInputDataBit                    0x08002ea3   Thumb Code    18  stm32f10x_gpio.o(i.GPIO_ReadInputDataBit)
    GPIO_ResetBits                           0x08002eb5   Thumb Code     4  stm32f10x_gpio.o(i.GPIO_ResetBits)
    GPIO_SetBits                             0x08002eb9   Thumb Code     4  stm32f10x_gpio.o(i.GPIO_SetBits)
    GPIO_StructInit                          0x08002ebd   Thumb Code    16  stm32f10x_gpio.o(i.GPIO_StructInit)
    GPIO_WriteBit                            0x08002ecd   Thumb Code    10  stm32f10x_gpio.o(i.GPIO_WriteBit)
    HardFault_Handler                        0x08002ed7   Thumb Code     4  stm32f10x_it.o(i.HardFault_Handler)
    MemManage_Handler                        0x08002edb   Thumb Code     4  stm32f10x_it.o(i.MemManage_Handler)
    MyADCAndDMA_Init                         0x08002ee1   Thumb Code   188  myadcanddma.o(i.MyADCAndDMA_Init)
    MyAirP_Init                              0x08002fa9   Thumb Code    40  myairp.o(i.MyAirP_Init)
    MyAirP_SET                               0x08002fd5   Thumb Code    14  myairp.o(i.MyAirP_SET)
    MyAirP_SetRunStatus                      0x08002fe9   Thumb Code    36  myairp.o(i.MyAirP_SetRunStatus)
    MyAirSReadCheck                          0x08003015   Thumb Code    28  myairs.o(i.MyAirSReadCheck)
    MyAirS_Count_ReadInterval_Save           0x08003035   Thumb Code    50  myairs.o(i.MyAirS_Count_ReadInterval_Save)
    MyAirS_Count_ReadInterval_Start          0x08003079   Thumb Code    20  myairs.o(i.MyAirS_Count_ReadInterval_Start)
    MyAirS_Count_TIM3ARer                    0x08003099   Thumb Code    20  myairs.o(i.MyAirS_Count_TIM3ARer)
    MyAirS_DataTranslate                     0x080030b5   Thumb Code   138  myairs.o(i.MyAirS_DataTranslate)
    MyAirS_Init                              0x08003151   Thumb Code   102  myairs.o(i.MyAirS_Init)
    MyAirS_ReadCheckTimer                    0x080031c5   Thumb Code    44  myairs.o(i.MyAirS_ReadCheckTimer)
    MyAirS_ReadFailed                        0x080031f9   Thumb Code     8  myairs.o(i.MyAirS_ReadFailed)
    MyAirS_ReadSucced                        0x08003201   Thumb Code     8  myairs.o(i.MyAirS_ReadSucced)
    MyAirS_ReaderSM                          0x08003209   Thumb Code   250  myairs.o(i.MyAirS_ReaderSM)
    MyAirS_ReaderSM_PrePrepare               0x0800331d   Thumb Code    14  myairs.o(i.MyAirS_ReaderSM_PrePrepare)
    MyAirS_Reset                             0x08003331   Thumb Code    22  myairs.o(i.MyAirS_Reset)
    MyAirS_SetEXTITrigFalling                0x08003355   Thumb Code    16  myairs.o(i.MyAirS_SetEXTITrigFalling)
    MyAirS_SetEXTITrigRising                 0x08003369   Thumb Code    16  myairs.o(i.MyAirS_SetEXTITrigRising)
    MyAirS_SetMode_Read                      0x0800337d   Thumb Code    28  myairs.o(i.MyAirS_SetMode_Read)
    MyAirS_SetMode_Write                     0x080033a5   Thumb Code    28  myairs.o(i.MyAirS_SetMode_Write)
    MyAirS_SwitchOn                          0x080033cd   Thumb Code    36  myairs.o(i.MyAirS_SwitchOn)
    MyAirS_WriterSM                          0x08003401   Thumb Code   106  myairs.o(i.MyAirS_WriterSM)
    MyAquariumL_Init                         0x08003481   Thumb Code    88  myaquariuml.o(i.MyAquariumL_Init)
    MyAquariumL_SetPulse                     0x080034e5   Thumb Code    18  myaquariuml.o(i.MyAquariumL_SetPulse)
    MyAquariumL_SetVoltageRatio              0x08003501   Thumb Code    26  myaquariuml.o(i.MyAquariumL_SetVoltageRatio)
    MyArray_GetAverage_uint16_t              0x08003521   Thumb Code    52  array.o(i.MyArray_GetAverage_uint16_t)
    MyArray_TailAdd_uint16_t                 0x08003555   Thumb Code    34  array.o(i.MyArray_TailAdd_uint16_t)
    MyFeeder_Init                            0x08003579   Thumb Code    94  myfeeder.o(i.MyFeeder_Init)
    MyFeeder_SetPulse                        0x080035e5   Thumb Code    18  myfeeder.o(i.MyFeeder_SetPulse)
    MyFeeder_Triger                          0x08003601   Thumb Code    36  myfeeder.o(i.MyFeeder_Triger)
    MyIlluminationS_Init                     0x0800362d   Thumb Code    48  myilluminations.o(i.MyIlluminationS_Init)
    MyPlantGL_Init                           0x08003665   Thumb Code    88  myplantgl.o(i.MyPlantGL_Init)
    MyPlantGL_SetPulse                       0x080036c9   Thumb Code    18  myplantgl.o(i.MyPlantGL_SetPulse)
    MyPlantGL_SetVoltageRatio                0x080036e5   Thumb Code    26  myplantgl.o(i.MyPlantGL_SetVoltageRatio)
    MySoilMS_Init                            0x08003705   Thumb Code    48  mysoilms.o(i.MySoilMS_Init)
    MyTIM1_Init                              0x0800373d   Thumb Code   118  mytim.o(i.MyTIM1_Init)
    MyTIM2_Init                              0x080037b9   Thumb Code   122  mytim.o(i.MyTIM2_Init)
    MyTIM3_DIV10                             0x08003835   Thumb Code    30  mytim.o(i.MyTIM3_DIV10)
    MyTIM3_DIVx                              0x08003859   Thumb Code    32  mytim.o(i.MyTIM3_DIVx)
    MyTIM3_DIVy                              0x0800387d   Thumb Code    36  mytim.o(i.MyTIM3_DIVy)
    MyTIM3_Init                              0x080038a5   Thumb Code   110  mytim.o(i.MyTIM3_Init)
    MyTIM4_Init                              0x08003919   Thumb Code   110  mytim.o(i.MyTIM4_Init)
    MyTIMx_ENABLECmd                         0x0800398d   Thumb Code    14  mytim.o(i.MyTIMx_ENABLECmd)
    MyWaterH_Init                            0x0800399d   Thumb Code    40  mywaterh.o(i.MyWaterH_Init)
    MyWaterH_SET                             0x080039c9   Thumb Code    14  mywaterh.o(i.MyWaterH_SET)
    MyWaterH_SetRunStatus                    0x080039dd   Thumb Code    36  mywaterh.o(i.MyWaterH_SetRunStatus)
    MyWaterP_Init                            0x08003a09   Thumb Code    94  mywaterp.o(i.MyWaterP_Init)
    MyWaterP_SetPulse                        0x08003a75   Thumb Code    18  mywaterp.o(i.MyWaterP_SetPulse)
    MyWaterP_SetVoltageRatio                 0x08003a91   Thumb Code    20  mywaterp.o(i.MyWaterP_SetVoltageRatio)
    MyWaterQS_Init                           0x08003aa9   Thumb Code    48  mywaterqs.o(i.MyWaterQS_Init)
    MyWaterSS_CollectEchoSpan                0x08003ae1   Thumb Code    56  mywaterss.o(i.MyWaterSS_CollectEchoSpan)
    MyWaterSS_EchoCtrlerSM                   0x08003b29   Thumb Code    86  mywaterss.o(i.MyWaterSS_EchoCtrlerSM)
    MyWaterSS_Echo_Init                      0x08003b95   Thumb Code   108  mywaterss.o(i.MyWaterSS_Echo_Init)
    MyWaterSS_SetEXITTrig                    0x08003c09   Thumb Code    14  mywaterss.o(i.MyWaterSS_SetEXITTrig)
    MyWaterSS_TrigCtrler                     0x08003c1d   Thumb Code    48  mywaterss.o(i.MyWaterSS_TrigCtrler)
    MyWaterSS_TrigCtrlerSwitchOn             0x08003c55   Thumb Code    12  mywaterss.o(i.MyWaterSS_TrigCtrlerSwitchOn)
    MyWaterSS_TrigRESETer                    0x08003c69   Thumb Code    34  mywaterss.o(i.MyWaterSS_TrigRESETer)
    MyWaterSS_TrigSETer                      0x08003c99   Thumb Code    28  mywaterss.o(i.MyWaterSS_TrigSETer)
    MyWaterSS_Trig_Init                      0x08003cbd   Thumb Code    48  mywaterss.o(i.MyWaterSS_Trig_Init)
    MyWaterTS_Init                           0x08003cf1   Thumb Code    32  mywaterts.o(i.MyWaterTS_Init)
    MyWaterTS_TaskSM                         0x08003d7d   Thumb Code   772  mywaterts.o(i.MyWaterTS_TaskSM)
    MyWaterTS_TaskSM_TurnOn                  0x080040c9   Thumb Code    50  mywaterts.o(i.MyWaterTS_TaskSM_TurnOn)
    MyWaterTS_TaskSuccedCheckTimer           0x08004125   Thumb Code    54  mywaterts.o(i.MyWaterTS_TaskSuccedCheckTimer)
    NMI_Handler                              0x08004195   Thumb Code     2  stm32f10x_it.o(i.NMI_Handler)
    NVIC_Init                                0x08004199   Thumb Code   100  misc.o(i.NVIC_Init)
    NVIC_PriorityGroupConfig                 0x08004209   Thumb Code    10  misc.o(i.NVIC_PriorityGroupConfig)
    OLED_Clear                               0x0800421d   Thumb Code    42  oled.o(i.OLED_Clear)
    OLED_I2C_Init                            0x08004249   Thumb Code    76  oled.o(i.OLED_I2C_Init)
    OLED_I2C_SendByte                        0x08004299   Thumb Code    80  oled.o(i.OLED_I2C_SendByte)
    OLED_I2C_Start                           0x080042ed   Thumb Code    48  oled.o(i.OLED_I2C_Start)
    OLED_I2C_Stop                            0x08004321   Thumb Code    36  oled.o(i.OLED_I2C_Stop)
    OLED_Init                                0x08004349   Thumb Code   174  oled.o(i.OLED_Init)
    OLED_Pow                                 0x080043f7   Thumb Code    20  oled.o(i.OLED_Pow)
    OLED_SetCursor                           0x0800440b   Thumb Code    34  oled.o(i.OLED_SetCursor)
    OLED_ShowChar                            0x0800442d   Thumb Code   110  oled.o(i.OLED_ShowChar)
    OLED_ShowNum                             0x080044a1   Thumb Code    68  oled.o(i.OLED_ShowNum)
    OLED_WriteCommand                        0x080044e5   Thumb Code    32  oled.o(i.OLED_WriteCommand)
    OLED_WriteData                           0x08004505   Thumb Code    32  oled.o(i.OLED_WriteData)
    PendSV_Handler                           0x08004525   Thumb Code     2  stm32f10x_it.o(i.PendSV_Handler)
    RCC_ADCCLKConfig                         0x08004529   Thumb Code    18  stm32f10x_rcc.o(i.RCC_ADCCLKConfig)
    RCC_AHBPeriphClockCmd                    0x08004541   Thumb Code    26  stm32f10x_rcc.o(i.RCC_AHBPeriphClockCmd)
    RCC_APB1PeriphClockCmd                   0x08004561   Thumb Code    26  stm32f10x_rcc.o(i.RCC_APB1PeriphClockCmd)
    RCC_APB1PeriphResetCmd                   0x08004581   Thumb Code    26  stm32f10x_rcc.o(i.RCC_APB1PeriphResetCmd)
    RCC_APB2PeriphClockCmd                   0x080045a1   Thumb Code    26  stm32f10x_rcc.o(i.RCC_APB2PeriphClockCmd)
    RCC_APB2PeriphResetCmd                   0x080045c1   Thumb Code    26  stm32f10x_rcc.o(i.RCC_APB2PeriphResetCmd)
    RCC_GetClocksFreq                        0x080045e1   Thumb Code   192  stm32f10x_rcc.o(i.RCC_GetClocksFreq)
    SVC_Handler                              0x080046b5   Thumb Code     2  stm32f10x_it.o(i.SVC_Handler)
    Serial2_Init_All                         0x080046b7   Thumb Code    48  serial2.o(i.Serial2_Init_All)
    Serial2_Init_Com                         0x080046e9   Thumb Code    88  serial2.o(i.Serial2_Init_Com)
    Serial2_Init_Rx_DMA                      0x08004749   Thumb Code    90  serial2.o(i.Serial2_Init_Rx_DMA)
    Serial2_Init_Rx_USART                    0x080047b5   Thumb Code    66  serial2.o(i.Serial2_Init_Rx_USART)
    Serial2_Init_Tx_DMA                      0x08004809   Thumb Code   130  serial2.o(i.Serial2_Init_Tx_DMA)
    Serial2_Init_Tx_USART                    0x080048a1   Thumb Code    30  serial2.o(i.Serial2_Init_Tx_USART)
    Serial2_SendString                       0x080048c9   Thumb Code    72  serial2.o(i.Serial2_SendString)
    Serial3_Init_All                         0x0800491d   Thumb Code    52  serial3.o(i.Serial3_Init_All)
    Serial3_Init_Com                         0x08004951   Thumb Code    68  serial3.o(i.Serial3_Init_Com)
    Serial3_Init_Rx_DMA                      0x0800499d   Thumb Code    84  serial3.o(i.Serial3_Init_Rx_DMA)
    Serial3_Init_Rx_USART                    0x08004a01   Thumb Code    62  serial3.o(i.Serial3_Init_Rx_USART)
    Serial3_Init_Tx_DMA                      0x08004a51   Thumb Code   124  serial3.o(i.Serial3_Init_Tx_DMA)
    Serial3_Init_Tx_USART                    0x08004ae1   Thumb Code    36  serial3.o(i.Serial3_Init_Tx_USART)
    Serial3_SendString                       0x08004b0d   Thumb Code    76  serial3.o(i.Serial3_SendString)
    Serial3_Tx_Cmd                           0x08004b65   Thumb Code    14  serial3.o(i.Serial3_Tx_Cmd)
    Serial3_USART3_Cmd                       0x08004b79   Thumb Code    14  serial3.o(i.Serial3_USART3_Cmd)
    SysTick_Handler                          0x08004c75   Thumb Code     2  stm32f10x_it.o(i.SysTick_Handler)
    SystemInit                               0x08004c79   Thumb Code    78  system_stm32f10x.o(i.SystemInit)
    TIM1_UP_IRQHandler                       0x08004cd9   Thumb Code    24  mytim.o(i.TIM1_UP_IRQHandler)
    TIM2_IRQHandler                          0x08004cf5   Thumb Code    36  mytim.o(i.TIM2_IRQHandler)
    TIM3_IRQHandler                          0x08004d19   Thumb Code    54  mytim.o(i.TIM3_IRQHandler)
    TIM4_IRQHandler                          0x08004d55   Thumb Code    34  mytim.o(i.TIM4_IRQHandler)
    TIM_ARRPreloadConfig                     0x08004d89   Thumb Code    24  stm32f10x_tim.o(i.TIM_ARRPreloadConfig)
    TIM_ClearFlag                            0x08004da1   Thumb Code     6  stm32f10x_tim.o(i.TIM_ClearFlag)
    TIM_ClearITPendingBit                    0x08004da7   Thumb Code     6  stm32f10x_tim.o(i.TIM_ClearITPendingBit)
    TIM_Cmd                                  0x08004dad   Thumb Code    24  stm32f10x_tim.o(i.TIM_Cmd)
    TIM_CtrlPWMOutputs                       0x08004dc5   Thumb Code    30  stm32f10x_tim.o(i.TIM_CtrlPWMOutputs)
    TIM_GetCounter                           0x08004de3   Thumb Code     6  stm32f10x_tim.o(i.TIM_GetCounter)
    TIM_GetITStatus                          0x08004de9   Thumb Code    34  stm32f10x_tim.o(i.TIM_GetITStatus)
    TIM_ITConfig                             0x08004e0b   Thumb Code    18  stm32f10x_tim.o(i.TIM_ITConfig)
    TIM_InternalClockConfig                  0x08004e1d   Thumb Code    12  stm32f10x_tim.o(i.TIM_InternalClockConfig)
    TIM_OC1Init                              0x08004e29   Thumb Code   132  stm32f10x_tim.o(i.TIM_OC1Init)
    TIM_OC1PreloadConfig                     0x08004ec1   Thumb Code    18  stm32f10x_tim.o(i.TIM_OC1PreloadConfig)
    TIM_OC2Init                              0x08004ed5   Thumb Code   154  stm32f10x_tim.o(i.TIM_OC2Init)
    TIM_OC2PreloadConfig                     0x08004f79   Thumb Code    26  stm32f10x_tim.o(i.TIM_OC2PreloadConfig)
    TIM_OC3Init                              0x08004f95   Thumb Code   150  stm32f10x_tim.o(i.TIM_OC3Init)
    TIM_OC3PreloadConfig                     0x08005035   Thumb Code    18  stm32f10x_tim.o(i.TIM_OC3PreloadConfig)
    TIM_OC4Init                              0x08005049   Thumb Code   114  stm32f10x_tim.o(i.TIM_OC4Init)
    TIM_OC4PreloadConfig                     0x080050c5   Thumb Code    26  stm32f10x_tim.o(i.TIM_OC4PreloadConfig)
    TIM_OCStructInit                         0x080050df   Thumb Code    20  stm32f10x_tim.o(i.TIM_OCStructInit)
    TIM_TimeBaseInit                         0x080050f5   Thumb Code   122  stm32f10x_tim.o(i.TIM_TimeBaseInit)
    TIM_TimeBaseStructInit                   0x08005199   Thumb Code    18  stm32f10x_tim.o(i.TIM_TimeBaseStructInit)
    USART2_IRQHandler                        0x080051ad   Thumb Code   112  serial2.o(i.USART2_IRQHandler)
    USART3_IRQHandler                        0x08005229   Thumb Code   566  serial3.o(i.USART3_IRQHandler)
    USART_ClearITPendingBit                  0x08005581   Thumb Code    30  stm32f10x_usart.o(i.USART_ClearITPendingBit)
    USART_Cmd                                0x0800559f   Thumb Code    24  stm32f10x_usart.o(i.USART_Cmd)
    USART_DMACmd                             0x080055b7   Thumb Code    18  stm32f10x_usart.o(i.USART_DMACmd)
    USART_DeInit                             0x080055c9   Thumb Code   134  stm32f10x_usart.o(i.USART_DeInit)
    USART_GetITStatus                        0x08005665   Thumb Code    84  stm32f10x_usart.o(i.USART_GetITStatus)
    USART_ITConfig                           0x080056b9   Thumb Code    74  stm32f10x_usart.o(i.USART_ITConfig)
    USART_Init                               0x08005705   Thumb Code   210  stm32f10x_usart.o(i.USART_Init)
    USART_StructInit                         0x080057dd   Thumb Code    24  stm32f10x_usart.o(i.USART_StructInit)
    UsageFault_Handler                       0x080057f5   Thumb Code     4  stm32f10x_it.o(i.UsageFault_Handler)
    __ARM_fpclassify                         0x080057f9   Thumb Code    40  fpclassify.o(i.__ARM_fpclassify)
    _is_digit                                0x08005821   Thumb Code    14  __printf_wp.o(i._is_digit)
    main                                     0x08005831   Thumb Code   406  main.o(i.main)
    _get_lc_ctype                            0x080059fd   Thumb Code    44  lc_ctype_c.o(locale$$code)
    _get_lc_numeric                          0x08005a29   Thumb Code    44  lc_numeric_c.o(locale$$code)
    __aeabi_fdiv                             0x08005a55   Thumb Code     0  fdiv.o(x$fpl$fdiv)
    _fdiv                                    0x08005a55   Thumb Code   384  fdiv.o(x$fpl$fdiv)
    __aeabi_f2iz                             0x08005bd9   Thumb Code     0  ffix.o(x$fpl$ffix)
    _ffix                                    0x08005bd9   Thumb Code    54  ffix.o(x$fpl$ffix)
    __aeabi_f2uiz                            0x08005c11   Thumb Code     0  ffixu.o(x$fpl$ffixu)
    _ffixu                                   0x08005c11   Thumb Code    62  ffixu.o(x$fpl$ffixu)
    __aeabi_ui2f                             0x08005c51   Thumb Code     0  fflt_clz.o(x$fpl$ffltu)
    _ffltu                                   0x08005c51   Thumb Code    38  fflt_clz.o(x$fpl$ffltu)
    __fpl_fnaninf                            0x08005c77   Thumb Code   140  fnaninf.o(x$fpl$fnaninf)
    __fpl_fretinf                            0x08005d03   Thumb Code    10  fretinf.o(x$fpl$fretinf)
    _printf_fp_dec                           0x08005d0d   Thumb Code     4  printf1.o(x$fpl$printf1)
    _printf_fp_hex                           0x08005d11   Thumb Code     4  printf2.o(x$fpl$printf2)
    __I$use$fp                               0x08005d14   Number         0  usenofp.o(x$fpl$usenofp)
    msg_keywords                             0x08005d14   Data          80  at.o(.constdata)
    cmd_keywords                             0x08005d64   Data          48  at.o(.constdata)
    OLED_F8x16                               0x08005d94   Data        1520  oled.o(.constdata)
    Region$$Table$$Base                      0x080066c4   Number         0  anon$$obj.o(Region$$Table)
    Region$$Table$$Limit                     0x080066e4   Number         0  anon$$obj.o(Region$$Table)
    __ctype                                  0x080066f1   Data           0  lc_ctype_c.o(locale$$data)
    MyTIM_1UpCount                           0x20000014   Data           4  mytim.o(.data)
    MyTIM_2Count                             0x20000018   Data           4  mytim.o(.data)
    MyTIM_3Count                             0x2000001c   Data           4  mytim.o(.data)
    MyTIM_4Count                             0x20000020   Data           4  mytim.o(.data)
    rx3_msg                                  0x2000002a   Data         514  serial3.o(.data)
    tx3_tc_flag                              0x2000022c   Data           1  serial3.o(.data)
    tx2_msg                                  0x20000250   Data          12  serial2.o(.data)
    mqtt                                     0x2000025c   Data         457  at.o(.data)
    wifi                                     0x20000425   Data          41  at.o(.data)
    at_sm_status                             0x20000450   Data          16  at.o(.data)
    AT_Report_Ctrl                           0x20000460   Data           1  at.o(.data)
    ATCMD_QuitTT                             0x20000461   Data           6  at.o(.data)
    ATCMD_ATE0                               0x20000467   Data           7  at.o(.data)
    ATCMD_CWMODE1                            0x2000046e   Data          14  at.o(.data)
    ATCMD_CWQAP1                             0x2000047c   Data          13  at.o(.data)
    ATCMD_CIPMUX0                            0x20000489   Data          14  at.o(.data)
    ATCMD_CWJAP_C                            0x20000497   Data          50  at.o(.data)
    ATCMD_CWJAP_Q                            0x200004c9   Data          12  at.o(.data)
    ATCMD_CWJAP_C_main                       0x200004d5   Data          60  at.o(.data)
    KEYW_POWERON                             0x20000511   Data           4  at.o(.data)
    KEYW_OK                                  0x20000515   Data           3  at.o(.data)
    KEYW_ERROR                               0x20000518   Data           5  at.o(.data)
    KEYW_WIFI_CONN                           0x2000051d   Data           6  at.o(.data)
    KEYW_WIFI_DISCONN                        0x20000523   Data           6  at.o(.data)
    KEYW_MQTT_DISCONN                        0x20000529   Data           5  at.o(.data)
    KEYW_MQTT_CONN_SUCCESS                   0x2000052e   Data          57  at.o(.data)
    KEYW_WIFI_CONN_SUCCESS                   0x20000567   Data           4  at.o(.data)
    KEYW_DOWNCMD                             0x2000056b   Data           6  at.o(.data)
    KEYW_WIFI_GOTIP                          0x20000571   Data           6  at.o(.data)
    KEYW_WPVR                                0x20000577   Data           5  at.o(.data)
    KEYW_APRS                                0x2000057c   Data           5  at.o(.data)
    KEYW_WHRS                                0x20000581   Data           5  at.o(.data)
    KEYW_ALVR                                0x20000586   Data           5  at.o(.data)
    KEYW_PGLVR                               0x2000058b   Data           6  at.o(.data)
    KEYW_FT                                  0x20000591   Data           3  at.o(.data)
    Msg_KeyWord_t_count                      0x20000594   Data           1  at.o(.data)
    Cmd_KeyWord_t_count                      0x20000595   Data           1  at.o(.data)
    ATCMD_PART_CRLF                          0x20000596   Data           3  at.o(.data)
    MyWaterTS_ReadPacket_16Bit_Temp          0x200005b2   Data           2  mywaterts.o(.data)
    MyWaterTS_Result_12Bit_H7Bit             0x200005b4   Data           2  mywaterts.o(.data)
    MyWaterTS_Result_12Bit_L4Bit             0x200005b6   Data           2  mywaterts.o(.data)
    MyAirS_Flag_TIM3ARCounter_On             0x200005c8   Data           1  myairs.o(.data)
    MyAirS_Count_TIM3AR                      0x200005cc   Data           4  myairs.o(.data)
    MyAirS_Flag_ReadCheckTimer_On            0x200005d0   Data           1  myairs.o(.data)
    MyAirS_Flag_WriterSM_On                  0x200005d1   Data           1  myairs.o(.data)
    MyAirS_State_WriterSM                    0x200005d2   Data           1  myairs.o(.data)
    MyAirS_Count_WriterSM                    0x200005d4   Data           4  myairs.o(.data)
    MyAirS_DataArr                           0x200005d8   Data           3  myairs.o(.data)
    MyAirS_State_ReaderSM                    0x200005db   Data           1  myairs.o(.data)
    MyAirS_Count_ReadInterval                0x200005dc   Data           4  myairs.o(.data)
    MyAirS_Count_ReadIntervalStart           0x200005e0   Data           4  myairs.o(.data)
    MyAirS_Flag_ReadSucced                   0x200005e4   Data           1  myairs.o(.data)
    MyAirS_Count_ReadBit                     0x200005e5   Data           1  myairs.o(.data)
    AirT                                     0x200005e6   Data           1  myairs.o(.data)
    AirH                                     0x200005e7   Data           1  myairs.o(.data)
    EXTI_InitStruct                          0x200005ec   Data           8  mywaterss.o(.data)
    MyWaterSS_TrigCtrler_Ctrl                0x200005f4   Data           1  mywaterss.o(.data)
    MyWaterSS_TrigSETer_Ctrl                 0x200005f5   Data           1  mywaterss.o(.data)
    MyWaterSS_EchoCtrlerSM_Ctrl              0x200005f6   Data           1  mywaterss.o(.data)
    MyWaterSS_EchoCtrlerSM_State             0x200005f7   Data           1  mywaterss.o(.data)
    MyWaterSS_CountEchoSpan                  0x200005f8   Data           4  mywaterss.o(.data)
    WaterSD                                  0x200005fc   Data           2  mywaterss.o(.data)
    FeederRS                                 0x20000610   Data           1  myfeeder.o(.data)
    FeederAngle                              0x20000612   Data           2  myfeeder.o(.data)
    WaterPVR                                 0x20000616   Data           2  mywaterp.o(.data)
    AquariumLVR                              0x20000618   Data           4  myaquariuml.o(.data)
    PlantGLVR                                0x2000061c   Data           4  myplantgl.o(.data)
    MyADCAndDMA_Result                       0x20000620   Data           8  myadcanddma.o(.data)
    AirPRS                                   0x20000628   Data           1  myairp.o(.data)
    WaterHRS                                 0x20000629   Data           1  mywaterh.o(.data)
    rx2_msg                                  0x200006fc   Data         520  serial2.o(.bss)
    ATCMD_MQTTUSERCFG_main                   0x20000904   Data         127  at.o(.bss)
    ATCMD_MQTTCLIENTID_main                  0x20000983   Data         127  at.o(.bss)
    ATCMD_MQTTCONN_main                      0x20000a02   Data         127  at.o(.bss)
    ATCMD_MQTTSUB_main                       0x20000a81   Data         127  at.o(.bss)
    ATCMD_MQTTPUB_RPT_body                   0x20000b00   Data         255  at.o(.bss)
    ATCMD_MQTTPUB_RPT_main1                  0x20000bff   Data         255  at.o(.bss)
    ATCMD_MQTTPUB_RPT_main2                  0x20000cfe   Data         255  at.o(.bss)
    ATCMD_MQTTPUB_RPT_data1                  0x20000dfd   Data         255  at.o(.bss)
    ATCMD_MQTTPUB_RPT_data2                  0x20000efc   Data         255  at.o(.bss)
    ATCMD_MQTTPUB_UPRSP_body                 0x20000ffb   Data         127  at.o(.bss)
    ATCMD_MQTTPUB_UPRSP_main                 0x2000107a   Data         127  at.o(.bss)
    cmd                                      0x200010f9   Data          75  at.o(.bss)
    MyAirS_BitsArr                           0x2000118c   Data          40  myairs.o(.bss)
    __libspace_start                         0x200011f4   Data          96  libspace.o(.bss)
    __temporary_stack_top$libspace           0x20001254   Data           0  libspace.o(.bss)



==============================================================================

Memory Map of the image

  Image Entry point : 0x080000ed

  Load Region LR_IROM1 (Base: 0x08000000, Size: 0x00006e3c, Max: 0x00010000, ABSOLUTE, COMPRESSED[0x00006984])

    Execution Region ER_IROM1 (Exec base: 0x08000000, Load base: 0x08000000, Size: 0x00006810, Max: 0x00010000, ABSOLUTE)

    Exec Addr    Load Addr    Size         Type   Attr      Idx    E Section Name        Object

    0x08000000   0x08000000   0x000000ec   Data   RO           19    RESET               startup_stm32f10x_md.o
    0x080000ec   0x080000ec   0x00000008   Code   RO         4631  * !!!main             c_w.l(__main.o)
    0x080000f4   0x080000f4   0x00000034   Code   RO         4984    !!!scatter          c_w.l(__scatter.o)
    0x08000128   0x08000128   0x00000064   Code   RO         4982    !!dclz77c           c_w.l(__dclz77c.o)
    0x0800018c   0x0800018c   0x0000001c   Code   RO         4986    !!handler_zi        c_w.l(__scatter_zi.o)
    0x080001a8   0x080001a8   0x00000000   Code   RO         4618    .ARM.Collect$$_printf_percent$$00000000  c_w.l(_printf_percent.o)
    0x080001a8   0x080001a8   0x00000006   Code   RO         4722    .ARM.Collect$$_printf_percent$$00000001  c_w.l(_printf_n.o)
    0x080001ae   0x080001ae   0x00000006   Code   RO         4724    .ARM.Collect$$_printf_percent$$00000002  c_w.l(_printf_p.o)
    0x080001b4   0x080001b4   0x00000006   Code   RO         4728    .ARM.Collect$$_printf_percent$$00000003  c_w.l(_printf_f.o)
    0x080001ba   0x080001ba   0x00000006   Code   RO         4729    .ARM.Collect$$_printf_percent$$00000004  c_w.l(_printf_e.o)
    0x080001c0   0x080001c0   0x00000006   Code   RO         4730    .ARM.Collect$$_printf_percent$$00000005  c_w.l(_printf_g.o)
    0x080001c6   0x080001c6   0x00000006   Code   RO         4731    .ARM.Collect$$_printf_percent$$00000006  c_w.l(_printf_a.o)
    0x080001cc   0x080001cc   0x0000000a   Code   RO         4736    .ARM.Collect$$_printf_percent$$00000007  c_w.l(_printf_ll.o)
    0x080001d6   0x080001d6   0x00000006   Code   RO         4726    .ARM.Collect$$_printf_percent$$00000008  c_w.l(_printf_i.o)
    0x080001dc   0x080001dc   0x00000006   Code   RO         4617    .ARM.Collect$$_printf_percent$$00000009  c_w.l(_printf_d.o)
    0x080001e2   0x080001e2   0x00000006   Code   RO         4727    .ARM.Collect$$_printf_percent$$0000000A  c_w.l(_printf_u.o)
    0x080001e8   0x080001e8   0x00000006   Code   RO         4725    .ARM.Collect$$_printf_percent$$0000000B  c_w.l(_printf_o.o)
    0x080001ee   0x080001ee   0x00000006   Code   RO         4723    .ARM.Collect$$_printf_percent$$0000000C  c_w.l(_printf_x.o)
    0x080001f4   0x080001f4   0x00000006   Code   RO         4733    .ARM.Collect$$_printf_percent$$0000000D  c_w.l(_printf_lli.o)
    0x080001fa   0x080001fa   0x00000006   Code   RO         4734    .ARM.Collect$$_printf_percent$$0000000E  c_w.l(_printf_lld.o)
    0x08000200   0x08000200   0x00000006   Code   RO         4735    .ARM.Collect$$_printf_percent$$0000000F  c_w.l(_printf_llu.o)
    0x08000206   0x08000206   0x00000006   Code   RO         4740    .ARM.Collect$$_printf_percent$$00000010  c_w.l(_printf_llo.o)
    0x0800020c   0x0800020c   0x00000006   Code   RO         4741    .ARM.Collect$$_printf_percent$$00000011  c_w.l(_printf_llx.o)
    0x08000212   0x08000212   0x0000000a   Code   RO         4737    .ARM.Collect$$_printf_percent$$00000012  c_w.l(_printf_l.o)
    0x0800021c   0x0800021c   0x00000006   Code   RO         4721    .ARM.Collect$$_printf_percent$$00000013  c_w.l(_printf_c.o)
    0x08000222   0x08000222   0x00000006   Code   RO         4616    .ARM.Collect$$_printf_percent$$00000014  c_w.l(_printf_s.o)
    0x08000228   0x08000228   0x00000006   Code   RO         4738    .ARM.Collect$$_printf_percent$$00000015  c_w.l(_printf_lc.o)
    0x0800022e   0x0800022e   0x00000006   Code   RO         4739    .ARM.Collect$$_printf_percent$$00000016  c_w.l(_printf_ls.o)
    0x08000234   0x08000234   0x00000004   Code   RO         4732    .ARM.Collect$$_printf_percent$$00000017  c_w.l(_printf_percent_end.o)
    0x08000238   0x08000238   0x00000002   Code   RO         4849    .ARM.Collect$$libinit$$00000000  c_w.l(libinit.o)
    0x0800023a   0x0800023a   0x00000000   Code   RO         4859    .ARM.Collect$$libinit$$00000002  c_w.l(libinit2.o)
    0x0800023a   0x0800023a   0x00000000   Code   RO         4861    .ARM.Collect$$libinit$$00000004  c_w.l(libinit2.o)
    0x0800023a   0x0800023a   0x00000000   Code   RO         4864    .ARM.Collect$$libinit$$0000000A  c_w.l(libinit2.o)
    0x0800023a   0x0800023a   0x00000000   Code   RO         4866    .ARM.Collect$$libinit$$0000000C  c_w.l(libinit2.o)
    0x0800023a   0x0800023a   0x00000000   Code   RO         4868    .ARM.Collect$$libinit$$0000000E  c_w.l(libinit2.o)
    0x0800023a   0x0800023a   0x00000006   Code   RO         4869    .ARM.Collect$$libinit$$0000000F  c_w.l(libinit2.o)
    0x08000240   0x08000240   0x00000000   Code   RO         4871    .ARM.Collect$$libinit$$00000011  c_w.l(libinit2.o)
    0x08000240   0x08000240   0x0000000c   Code   RO         4872    .ARM.Collect$$libinit$$00000012  c_w.l(libinit2.o)
    0x0800024c   0x0800024c   0x00000000   Code   RO         4873    .ARM.Collect$$libinit$$00000013  c_w.l(libinit2.o)
    0x0800024c   0x0800024c   0x00000000   Code   RO         4875    .ARM.Collect$$libinit$$00000015  c_w.l(libinit2.o)
    0x0800024c   0x0800024c   0x0000000a   Code   RO         4876    .ARM.Collect$$libinit$$00000016  c_w.l(libinit2.o)
    0x08000256   0x08000256   0x00000000   Code   RO         4877    .ARM.Collect$$libinit$$00000017  c_w.l(libinit2.o)
    0x08000256   0x08000256   0x00000000   Code   RO         4879    .ARM.Collect$$libinit$$00000019  c_w.l(libinit2.o)
    0x08000256   0x08000256   0x00000000   Code   RO         4881    .ARM.Collect$$libinit$$0000001B  c_w.l(libinit2.o)
    0x08000256   0x08000256   0x00000000   Code   RO         4883    .ARM.Collect$$libinit$$0000001D  c_w.l(libinit2.o)
    0x08000256   0x08000256   0x00000000   Code   RO         4885    .ARM.Collect$$libinit$$0000001F  c_w.l(libinit2.o)
    0x08000256   0x08000256   0x00000000   Code   RO         4887    .ARM.Collect$$libinit$$00000021  c_w.l(libinit2.o)
    0x08000256   0x08000256   0x00000000   Code   RO         4889    .ARM.Collect$$libinit$$00000023  c_w.l(libinit2.o)
    0x08000256   0x08000256   0x00000000   Code   RO         4891    .ARM.Collect$$libinit$$00000025  c_w.l(libinit2.o)
    0x08000256   0x08000256   0x00000000   Code   RO         4895    .ARM.Collect$$libinit$$0000002C  c_w.l(libinit2.o)
    0x08000256   0x08000256   0x00000000   Code   RO         4897    .ARM.Collect$$libinit$$0000002E  c_w.l(libinit2.o)
    0x08000256   0x08000256   0x00000000   Code   RO         4899    .ARM.Collect$$libinit$$00000030  c_w.l(libinit2.o)
    0x08000256   0x08000256   0x00000000   Code   RO         4901    .ARM.Collect$$libinit$$00000032  c_w.l(libinit2.o)
    0x08000256   0x08000256   0x00000002   Code   RO         4902    .ARM.Collect$$libinit$$00000033  c_w.l(libinit2.o)
    0x08000258   0x08000258   0x00000002   Code   RO         4922    .ARM.Collect$$libshutdown$$00000000  c_w.l(libshutdown.o)
    0x0800025a   0x0800025a   0x00000000   Code   RO         4935    .ARM.Collect$$libshutdown$$00000002  c_w.l(libshutdown2.o)
    0x0800025a   0x0800025a   0x00000000   Code   RO         4937    .ARM.Collect$$libshutdown$$00000004  c_w.l(libshutdown2.o)
    0x0800025a   0x0800025a   0x00000000   Code   RO         4940    .ARM.Collect$$libshutdown$$00000007  c_w.l(libshutdown2.o)
    0x0800025a   0x0800025a   0x00000000   Code   RO         4943    .ARM.Collect$$libshutdown$$0000000A  c_w.l(libshutdown2.o)
    0x0800025a   0x0800025a   0x00000000   Code   RO         4945    .ARM.Collect$$libshutdown$$0000000C  c_w.l(libshutdown2.o)
    0x0800025a   0x0800025a   0x00000000   Code   RO         4948    .ARM.Collect$$libshutdown$$0000000F  c_w.l(libshutdown2.o)
    0x0800025a   0x0800025a   0x00000002   Code   RO         4949    .ARM.Collect$$libshutdown$$00000010  c_w.l(libshutdown2.o)
    0x0800025c   0x0800025c   0x00000000   Code   RO         4667    .ARM.Collect$$rtentry$$00000000  c_w.l(__rtentry.o)
    0x0800025c   0x0800025c   0x00000000   Code   RO         4769    .ARM.Collect$$rtentry$$00000002  c_w.l(__rtentry2.o)
    0x0800025c   0x0800025c   0x00000006   Code   RO         4781    .ARM.Collect$$rtentry$$00000004  c_w.l(__rtentry4.o)
    0x08000262   0x08000262   0x00000000   Code   RO         4771    .ARM.Collect$$rtentry$$00000009  c_w.l(__rtentry2.o)
    0x08000262   0x08000262   0x00000004   Code   RO         4772    .ARM.Collect$$rtentry$$0000000A  c_w.l(__rtentry2.o)
    0x08000266   0x08000266   0x00000000   Code   RO         4774    .ARM.Collect$$rtentry$$0000000C  c_w.l(__rtentry2.o)
    0x08000266   0x08000266   0x00000008   Code   RO         4775    .ARM.Collect$$rtentry$$0000000D  c_w.l(__rtentry2.o)
    0x0800026e   0x0800026e   0x00000002   Code   RO         4854    .ARM.Collect$$rtexit$$00000000  c_w.l(rtexit.o)
    0x08000270   0x08000270   0x00000000   Code   RO         4904    .ARM.Collect$$rtexit$$00000002  c_w.l(rtexit2.o)
    0x08000270   0x08000270   0x00000004   Code   RO         4905    .ARM.Collect$$rtexit$$00000003  c_w.l(rtexit2.o)
    0x08000274   0x08000274   0x00000006   Code   RO         4906    .ARM.Collect$$rtexit$$00000004  c_w.l(rtexit2.o)
    0x0800027a   0x0800027a   0x00000002   PAD
    0x0800027c   0x0800027c   0x00000040   Code   RO           20    .text               startup_stm32f10x_md.o
    0x080002bc   0x080002bc   0x00000038   Code   RO         4584    .text               c_w.l(snprintf.o)
    0x080002f4   0x080002f4   0x00000038   Code   RO         4586    .text               c_w.l(__2snprintf.o)
    0x0800032c   0x0800032c   0x00000052   Code   RO         4592    .text               c_w.l(_printf_str.o)
    0x0800037e   0x0800037e   0x00000002   PAD
    0x08000380   0x08000380   0x00000078   Code   RO         4594    .text               c_w.l(_printf_dec.o)
    0x080003f8   0x080003f8   0x00000188   Code   RO         4613    .text               c_w.l(__printf_flags_ss_wp.o)
    0x08000580   0x08000580   0x0000001a   Code   RO         4619    .text               c_w.l(atoi.o)
    0x0800059a   0x0800059a   0x00000024   Code   RO         4621    .text               c_w.l(strstr.o)
    0x080005be   0x080005be   0x0000003e   Code   RO         4623    .text               c_w.l(strlen.o)
    0x080005fc   0x080005fc   0x0000008a   Code   RO         4625    .text               c_w.l(rt_memcpy_v6.o)
    0x08000686   0x08000686   0x00000044   Code   RO         4627    .text               c_w.l(rt_memclr.o)
    0x080006ca   0x080006ca   0x00000006   Code   RO         4629    .text               c_w.l(heapauxi.o)
    0x080006d0   0x080006d0   0x00000008   Code   RO         4671    .text               c_w.l(rt_errno_addr_intlibspace.o)
    0x080006d8   0x080006d8   0x0000004e   Code   RO         4673    .text               c_w.l(_printf_pad.o)
    0x08000726   0x08000726   0x00000024   Code   RO         4675    .text               c_w.l(_printf_truncate.o)
    0x0800074a   0x0800074a   0x000000b2   Code   RO         4677    .text               c_w.l(_printf_intcommon.o)
    0x080007fc   0x080007fc   0x00000028   Code   RO         4679    .text               c_w.l(_printf_charcount.o)
    0x08000824   0x08000824   0x00000030   Code   RO         4681    .text               c_w.l(_printf_char_common.o)
    0x08000854   0x08000854   0x0000000a   Code   RO         4683    .text               c_w.l(_sputc.o)
    0x0800085e   0x0800085e   0x00000010   Code   RO         4685    .text               c_w.l(_snputc.o)
    0x0800086e   0x0800086e   0x0000002c   Code   RO         4687    .text               c_w.l(_printf_char.o)
    0x0800089a   0x0800089a   0x00000002   PAD
    0x0800089c   0x0800089c   0x000000bc   Code   RO         4689    .text               c_w.l(_printf_wctomb.o)
    0x08000958   0x08000958   0x0000007c   Code   RO         4692    .text               c_w.l(_printf_longlong_dec.o)
    0x080009d4   0x080009d4   0x00000070   Code   RO         4698    .text               c_w.l(_printf_oct_int_ll.o)
    0x08000a44   0x08000a44   0x00000094   Code   RO         4718    .text               c_w.l(_printf_hex_int_ll_ptr.o)
    0x08000ad8   0x08000ad8   0x00000070   Code   RO         4742    .text               c_w.l(strtol.o)
    0x08000b48   0x08000b48   0x00000064   Code   RO         4744    .text               c_w.l(rt_memcpy_w.o)
    0x08000bac   0x08000bac   0x0000004e   Code   RO         4746    .text               c_w.l(rt_memclr_w.o)
    0x08000bfa   0x08000bfa   0x00000002   PAD
    0x08000bfc   0x08000bfc   0x00000008   Code   RO         4765    .text               c_w.l(libspace.o)
    0x08000c04   0x08000c04   0x00000010   Code   RO         4783    .text               c_w.l(rt_ctype_table.o)
    0x08000c14   0x08000c14   0x0000008a   Code   RO         4785    .text               c_w.l(lludiv10.o)
    0x08000c9e   0x08000c9e   0x0000041e   Code   RO         4787    .text               c_w.l(_printf_fp_dec.o)
    0x080010bc   0x080010bc   0x000002fc   Code   RO         4789    .text               c_w.l(_printf_fp_hex.o)
    0x080013b8   0x080013b8   0x0000002c   Code   RO         4794    .text               c_w.l(_printf_wchar.o)
    0x080013e4   0x080013e4   0x0000009e   Code   RO         4796    .text               c_w.l(_strtoul.o)
    0x08001482   0x08001482   0x00000040   Code   RO         4798    .text               c_w.l(_wcrtomb.o)
    0x080014c2   0x080014c2   0x0000004a   Code   RO         4800    .text               c_w.l(sys_stackheap_outer.o)
    0x0800150c   0x0800150c   0x00000008   Code   RO         4805    .text               c_w.l(rt_locale_intlibspace.o)
    0x08001514   0x08001514   0x00000080   Code   RO         4807    .text               c_w.l(_printf_fp_infnan.o)
    0x08001594   0x08001594   0x0000001c   Code   RO         4809    .text               c_w.l(_chval.o)
    0x080015b0   0x080015b0   0x000000e4   Code   RO         4811    .text               c_w.l(bigflt0.o)
    0x08001694   0x08001694   0x00000012   Code   RO         4842    .text               c_w.l(exit.o)
    0x080016a6   0x080016a6   0x00000002   PAD
    0x080016a8   0x080016a8   0x00000080   Code   RO         4856    .text               c_w.l(strcmpv7m.o)
    0x08001728   0x08001728   0x0000000c   Code   RO         4914    .text               c_w.l(sys_exit.o)
    0x08001734   0x08001734   0x00000002   Code   RO         4925    .text               c_w.l(use_no_semi.o)
    0x08001736   0x08001736   0x00000000   Code   RO         4927    .text               c_w.l(indicate_semi.o)
    0x08001736   0x08001736   0x0000003e   Code   RO         4814    CL$$btod_d2e        c_w.l(btod.o)
    0x08001774   0x08001774   0x00000046   Code   RO         4816    CL$$btod_d2e_denorm_low  c_w.l(btod.o)
    0x080017ba   0x080017ba   0x00000060   Code   RO         4815    CL$$btod_d2e_norm_op1  c_w.l(btod.o)
    0x0800181a   0x0800181a   0x00000338   Code   RO         4824    CL$$btod_div_common  c_w.l(btod.o)
    0x08001b52   0x08001b52   0x000000dc   Code   RO         4821    CL$$btod_e2e        c_w.l(btod.o)
    0x08001c2e   0x08001c2e   0x0000002a   Code   RO         4818    CL$$btod_ediv       c_w.l(btod.o)
    0x08001c58   0x08001c58   0x0000002a   Code   RO         4817    CL$$btod_emul       c_w.l(btod.o)
    0x08001c82   0x08001c82   0x00000244   Code   RO         4823    CL$$btod_mult_common  c_w.l(btod.o)
    0x08001ec6   0x08001ec6   0x00000016   Code   RO          202    i.ADC_Cmd           stm32f10x_adc.o
    0x08001edc   0x08001edc   0x00000016   Code   RO          203    i.ADC_DMACmd        stm32f10x_adc.o
    0x08001ef2   0x08001ef2   0x00000014   Code   RO          210    i.ADC_GetCalibrationStatus  stm32f10x_adc.o
    0x08001f06   0x08001f06   0x00000014   Code   RO          216    i.ADC_GetResetCalibrationStatus  stm32f10x_adc.o
    0x08001f1a   0x08001f1a   0x00000002   PAD
    0x08001f1c   0x08001f1c   0x00000050   Code   RO          220    i.ADC_Init          stm32f10x_adc.o
    0x08001f6c   0x08001f6c   0x000000b8   Code   RO          224    i.ADC_RegularChannelConfig  stm32f10x_adc.o
    0x08002024   0x08002024   0x0000000a   Code   RO          225    i.ADC_ResetCalibration  stm32f10x_adc.o
    0x0800202e   0x0800202e   0x00000016   Code   RO          227    i.ADC_SoftwareStartConvCmd  stm32f10x_adc.o
    0x08002044   0x08002044   0x0000000a   Code   RO          229    i.ADC_StartCalibration  stm32f10x_adc.o
    0x0800204e   0x0800204e   0x00000012   Code   RO          230    i.ADC_StructInit    stm32f10x_adc.o
    0x08002060   0x08002060   0x00000174   Code   RO         3704    i.AT_Init_Str       at.o
    0x080021d4   0x080021d4   0x000000ec   Code   RO         3705    i.AT_ParseCmdMsg    at.o
    0x080022c0   0x080022c0   0x00000038   Code   RO         3706    i.AT_ParseMessage   at.o
    0x080022f8   0x080022f8   0x000000cc   Code   RO         3707    i.AT_Report         at.o
    0x080023c4   0x080023c4   0x0000010c   Code   RO         3708    i.AT_Report_1       at.o
    0x080024d0   0x080024d0   0x000000e8   Code   RO         3709    i.AT_Report_2       at.o
    0x080025b8   0x080025b8   0x000003cc   Code   RO         3710    i.AT_SM             at.o
    0x08002984   0x08002984   0x00000004   Code   RO         4519    i.BusFault_Handler  stm32f10x_it.o
    0x08002988   0x08002988   0x00000024   Code   RO         3473    i.DMA1_Channel2_IRQHandler  serial3.o
    0x080029ac   0x080029ac   0x0000002c   Code   RO         3624    i.DMA1_Channel7_IRQHandler  serial2.o
    0x080029d8   0x080029d8   0x0000001c   Code   RO          910    i.DMA_ClearITPendingBit  stm32f10x_dma.o
    0x080029f4   0x080029f4   0x00000018   Code   RO          911    i.DMA_Cmd           stm32f10x_dma.o
    0x08002a0c   0x08002a0c   0x0000014c   Code   RO          912    i.DMA_DeInit        stm32f10x_dma.o
    0x08002b58   0x08002b58   0x00000008   Code   RO          913    i.DMA_GetCurrDataCounter  stm32f10x_dma.o
    0x08002b60   0x08002b60   0x0000002c   Code   RO          915    i.DMA_GetITStatus   stm32f10x_dma.o
    0x08002b8c   0x08002b8c   0x00000012   Code   RO          916    i.DMA_ITConfig      stm32f10x_dma.o
    0x08002b9e   0x08002b9e   0x0000003c   Code   RO          917    i.DMA_Init          stm32f10x_dma.o
    0x08002bda   0x08002bda   0x00000004   Code   RO          918    i.DMA_SetCurrDataCounter  stm32f10x_dma.o
    0x08002bde   0x08002bde   0x0000001a   Code   RO          919    i.DMA_StructInit    stm32f10x_dma.o
    0x08002bf8   0x08002bf8   0x00000002   Code   RO         4520    i.DebugMon_Handler  stm32f10x_it.o
    0x08002bfa   0x08002bfa   0x00000018   Code   RO         3196    i.Delay_ms          delay.o
    0x08002c12   0x08002c12   0x0000002e   Code   RO         3198    i.Delay_us          delay.o
    0x08002c40   0x08002c40   0x0000001a   Code   RO         4452    i.EXTI15_10_IRQHandler  main.o
    0x08002c5a   0x08002c5a   0x00000018   Code   RO         4453    i.EXTI4_IRQHandler  main.o
    0x08002c72   0x08002c72   0x00000002   PAD
    0x08002c74   0x08002c74   0x0000000c   Code   RO          985    i.EXTI_ClearITPendingBit  stm32f10x_exti.o
    0x08002c80   0x08002c80   0x00000028   Code   RO          989    i.EXTI_GetITStatus  stm32f10x_exti.o
    0x08002ca8   0x08002ca8   0x00000094   Code   RO          990    i.EXTI_Init         stm32f10x_exti.o
    0x08002d3c   0x08002d3c   0x00000010   Code   RO          991    i.EXTI_StructInit   stm32f10x_exti.o
    0x08002d4c   0x08002d4c   0x00000040   Code   RO         1344    i.GPIO_EXTILineConfig  stm32f10x_gpio.o
    0x08002d8c   0x08002d8c   0x00000116   Code   RO         1347    i.GPIO_Init         stm32f10x_gpio.o
    0x08002ea2   0x08002ea2   0x00000012   Code   RO         1351    i.GPIO_ReadInputDataBit  stm32f10x_gpio.o
    0x08002eb4   0x08002eb4   0x00000004   Code   RO         1354    i.GPIO_ResetBits    stm32f10x_gpio.o
    0x08002eb8   0x08002eb8   0x00000004   Code   RO         1355    i.GPIO_SetBits      stm32f10x_gpio.o
    0x08002ebc   0x08002ebc   0x00000010   Code   RO         1356    i.GPIO_StructInit   stm32f10x_gpio.o
    0x08002ecc   0x08002ecc   0x0000000a   Code   RO         1358    i.GPIO_WriteBit     stm32f10x_gpio.o
    0x08002ed6   0x08002ed6   0x00000004   Code   RO         4521    i.HardFault_Handler  stm32f10x_it.o
    0x08002eda   0x08002eda   0x00000004   Code   RO         4522    i.MemManage_Handler  stm32f10x_it.o
    0x08002ede   0x08002ede   0x00000002   PAD
    0x08002ee0   0x08002ee0   0x000000c8   Code   RO         4296    i.MyADCAndDMA_Init  myadcanddma.o
    0x08002fa8   0x08002fa8   0x0000002c   Code   RO         4358    i.MyAirP_Init       myairp.o
    0x08002fd4   0x08002fd4   0x00000014   Code   RO         4360    i.MyAirP_SET        myairp.o
    0x08002fe8   0x08002fe8   0x0000002c   Code   RO         4361    i.MyAirP_SetRunStatus  myairp.o
    0x08003014   0x08003014   0x00000020   Code   RO         3936    i.MyAirSReadCheck   myairs.o
    0x08003034   0x08003034   0x00000044   Code   RO         3937    i.MyAirS_Count_ReadInterval_Save  myairs.o
    0x08003078   0x08003078   0x00000020   Code   RO         3938    i.MyAirS_Count_ReadInterval_Start  myairs.o
    0x08003098   0x08003098   0x0000001c   Code   RO         3939    i.MyAirS_Count_TIM3ARer  myairs.o
    0x080030b4   0x080030b4   0x0000009c   Code   RO         3940    i.MyAirS_DataTranslate  myairs.o
    0x08003150   0x08003150   0x00000074   Code   RO         3942    i.MyAirS_Init       myairs.o
    0x080031c4   0x080031c4   0x00000034   Code   RO         3944    i.MyAirS_ReadCheckTimer  myairs.o
    0x080031f8   0x080031f8   0x00000008   Code   RO         3945    i.MyAirS_ReadFailed  myairs.o
    0x08003200   0x08003200   0x00000008   Code   RO         3946    i.MyAirS_ReadSucced  myairs.o
    0x08003208   0x08003208   0x00000114   Code   RO         3947    i.MyAirS_ReaderSM   myairs.o
    0x0800331c   0x0800331c   0x00000014   Code   RO         3948    i.MyAirS_ReaderSM_PrePrepare  myairs.o
    0x08003330   0x08003330   0x00000024   Code   RO         3949    i.MyAirS_Reset      myairs.o
    0x08003354   0x08003354   0x00000014   Code   RO         3950    i.MyAirS_SetEXTITrigFalling  myairs.o
    0x08003368   0x08003368   0x00000014   Code   RO         3951    i.MyAirS_SetEXTITrigRising  myairs.o
    0x0800337c   0x0800337c   0x00000028   Code   RO         3952    i.MyAirS_SetMode_Read  myairs.o
    0x080033a4   0x080033a4   0x00000028   Code   RO         3953    i.MyAirS_SetMode_Write  myairs.o
    0x080033cc   0x080033cc   0x00000034   Code   RO         3956    i.MyAirS_SwitchOn   myairs.o
    0x08003400   0x08003400   0x00000080   Code   RO         3957    i.MyAirS_WriterSM   myairs.o
    0x08003480   0x08003480   0x00000064   Code   RO         4234    i.MyAquariumL_Init  myaquariuml.o
    0x080034e4   0x080034e4   0x0000001c   Code   RO         4235    i.MyAquariumL_SetPulse  myaquariuml.o
    0x08003500   0x08003500   0x00000020   Code   RO         4236    i.MyAquariumL_SetVoltageRatio  myaquariuml.o
    0x08003520   0x08003520   0x00000034   Code   RO         3224    i.MyArray_GetAverage_uint16_t  array.o
    0x08003554   0x08003554   0x00000022   Code   RO         3226    i.MyArray_TailAdd_uint16_t  array.o
    0x08003576   0x08003576   0x00000002   PAD
    0x08003578   0x08003578   0x0000006c   Code   RO         4160    i.MyFeeder_Init     myfeeder.o
    0x080035e4   0x080035e4   0x0000001c   Code   RO         4162    i.MyFeeder_SetPulse  myfeeder.o
    0x08003600   0x08003600   0x0000002c   Code   RO         4164    i.MyFeeder_Triger   myfeeder.o
    0x0800362c   0x0800362c   0x00000038   Code   RO         4344    i.MyIlluminationS_Init  myilluminations.o
    0x08003664   0x08003664   0x00000064   Code   RO         4265    i.MyPlantGL_Init    myplantgl.o
    0x080036c8   0x080036c8   0x0000001c   Code   RO         4266    i.MyPlantGL_SetPulse  myplantgl.o
    0x080036e4   0x080036e4   0x00000020   Code   RO         4267    i.MyPlantGL_SetVoltageRatio  myplantgl.o
    0x08003704   0x08003704   0x00000038   Code   RO         4332    i.MySoilMS_Init     mysoilms.o
    0x0800373c   0x0800373c   0x0000007c   Code   RO         3283    i.MyTIM1_Init       mytim.o
    0x080037b8   0x080037b8   0x0000007a   Code   RO         3284    i.MyTIM2_Init       mytim.o
    0x08003832   0x08003832   0x00000002   PAD
    0x08003834   0x08003834   0x00000024   Code   RO         3285    i.MyTIM3_DIV10      mytim.o
    0x08003858   0x08003858   0x00000024   Code   RO         3286    i.MyTIM3_DIVx       mytim.o
    0x0800387c   0x0800387c   0x00000028   Code   RO         3287    i.MyTIM3_DIVy       mytim.o
    0x080038a4   0x080038a4   0x00000074   Code   RO         3288    i.MyTIM3_Init       mytim.o
    0x08003918   0x08003918   0x00000074   Code   RO         3289    i.MyTIM4_Init       mytim.o
    0x0800398c   0x0800398c   0x0000000e   Code   RO         3291    i.MyTIMx_ENABLECmd  mytim.o
    0x0800399a   0x0800399a   0x00000002   PAD
    0x0800399c   0x0800399c   0x0000002c   Code   RO         4406    i.MyWaterH_Init     mywaterh.o
    0x080039c8   0x080039c8   0x00000014   Code   RO         4408    i.MyWaterH_SET      mywaterh.o
    0x080039dc   0x080039dc   0x0000002c   Code   RO         4409    i.MyWaterH_SetRunStatus  mywaterh.o
    0x08003a08   0x08003a08   0x0000006c   Code   RO         4203    i.MyWaterP_Init     mywaterp.o
    0x08003a74   0x08003a74   0x0000001c   Code   RO         4204    i.MyWaterP_SetPulse  mywaterp.o
    0x08003a90   0x08003a90   0x00000018   Code   RO         4205    i.MyWaterP_SetVoltageRatio  mywaterp.o
    0x08003aa8   0x08003aa8   0x00000038   Code   RO         4320    i.MyWaterQS_Init    mywaterqs.o
    0x08003ae0   0x08003ae0   0x00000048   Code   RO         4081    i.MyWaterSS_CollectEchoSpan  mywaterss.o
    0x08003b28   0x08003b28   0x0000006c   Code   RO         4082    i.MyWaterSS_EchoCtrlerSM  mywaterss.o
    0x08003b94   0x08003b94   0x00000074   Code   RO         4083    i.MyWaterSS_Echo_Init  mywaterss.o
    0x08003c08   0x08003c08   0x00000014   Code   RO         4086    i.MyWaterSS_SetEXITTrig  mywaterss.o
    0x08003c1c   0x08003c1c   0x00000038   Code   RO         4087    i.MyWaterSS_TrigCtrler  mywaterss.o
    0x08003c54   0x08003c54   0x00000014   Code   RO         4088    i.MyWaterSS_TrigCtrlerSwitchOn  mywaterss.o
    0x08003c68   0x08003c68   0x00000030   Code   RO         4089    i.MyWaterSS_TrigRESETer  mywaterss.o
    0x08003c98   0x08003c98   0x00000024   Code   RO         4090    i.MyWaterSS_TrigSETer  mywaterss.o
    0x08003cbc   0x08003cbc   0x00000034   Code   RO         4091    i.MyWaterSS_Trig_Init  mywaterss.o
    0x08003cf0   0x08003cf0   0x00000028   Code   RO         3883    i.MyWaterTS_Init    mywaterts.o
    0x08003d18   0x08003d18   0x00000064   Code   RO         3884    i.MyWaterTS_ReadPacketConvert  mywaterts.o
    0x08003d7c   0x08003d7c   0x0000034c   Code   RO         3885    i.MyWaterTS_TaskSM  mywaterts.o
    0x080040c8   0x080040c8   0x0000005c   Code   RO         3886    i.MyWaterTS_TaskSM_TurnOn  mywaterts.o
    0x08004124   0x08004124   0x00000044   Code   RO         3887    i.MyWaterTS_TaskSuccedCheckTimer  mywaterts.o
    0x08004168   0x08004168   0x00000020   Code   RO         3888    i.MyWaterTS_TaskSuccedCkeck  mywaterts.o
    0x08004188   0x08004188   0x0000000c   Code   RO         3889    i.MyWaterTS_Task_Reset  mywaterts.o
    0x08004194   0x08004194   0x00000002   Code   RO         4523    i.NMI_Handler       stm32f10x_it.o
    0x08004196   0x08004196   0x00000002   PAD
    0x08004198   0x08004198   0x00000070   Code   RO          137    i.NVIC_Init         misc.o
    0x08004208   0x08004208   0x00000014   Code   RO          138    i.NVIC_PriorityGroupConfig  misc.o
    0x0800421c   0x0800421c   0x0000002a   Code   RO         3769    i.OLED_Clear        oled.o
    0x08004246   0x08004246   0x00000002   PAD
    0x08004248   0x08004248   0x00000050   Code   RO         3770    i.OLED_I2C_Init     oled.o
    0x08004298   0x08004298   0x00000054   Code   RO         3771    i.OLED_I2C_SendByte  oled.o
    0x080042ec   0x080042ec   0x00000034   Code   RO         3772    i.OLED_I2C_Start    oled.o
    0x08004320   0x08004320   0x00000028   Code   RO         3773    i.OLED_I2C_Stop     oled.o
    0x08004348   0x08004348   0x000000ae   Code   RO         3774    i.OLED_Init         oled.o
    0x080043f6   0x080043f6   0x00000014   Code   RO         3775    i.OLED_Pow          oled.o
    0x0800440a   0x0800440a   0x00000022   Code   RO         3777    i.OLED_SetCursor    oled.o
    0x0800442c   0x0800442c   0x00000074   Code   RO         3779    i.OLED_ShowChar     oled.o
    0x080044a0   0x080044a0   0x00000044   Code   RO         3781    i.OLED_ShowNum      oled.o
    0x080044e4   0x080044e4   0x00000020   Code   RO         3784    i.OLED_WriteCommand  oled.o
    0x08004504   0x08004504   0x00000020   Code   RO         3785    i.OLED_WriteData    oled.o
    0x08004524   0x08004524   0x00000002   Code   RO         4524    i.PendSV_Handler    stm32f10x_it.o
    0x08004526   0x08004526   0x00000002   PAD
    0x08004528   0x08004528   0x00000018   Code   RO         1773    i.RCC_ADCCLKConfig  stm32f10x_rcc.o
    0x08004540   0x08004540   0x00000020   Code   RO         1774    i.RCC_AHBPeriphClockCmd  stm32f10x_rcc.o
    0x08004560   0x08004560   0x00000020   Code   RO         1775    i.RCC_APB1PeriphClockCmd  stm32f10x_rcc.o
    0x08004580   0x08004580   0x00000020   Code   RO         1776    i.RCC_APB1PeriphResetCmd  stm32f10x_rcc.o
    0x080045a0   0x080045a0   0x00000020   Code   RO         1777    i.RCC_APB2PeriphClockCmd  stm32f10x_rcc.o
    0x080045c0   0x080045c0   0x00000020   Code   RO         1778    i.RCC_APB2PeriphResetCmd  stm32f10x_rcc.o
    0x080045e0   0x080045e0   0x000000d4   Code   RO         1785    i.RCC_GetClocksFreq  stm32f10x_rcc.o
    0x080046b4   0x080046b4   0x00000002   Code   RO         4525    i.SVC_Handler       stm32f10x_it.o
    0x080046b6   0x080046b6   0x00000030   Code   RO         3625    i.Serial2_Init_All  serial2.o
    0x080046e6   0x080046e6   0x00000002   PAD
    0x080046e8   0x080046e8   0x00000060   Code   RO         3626    i.Serial2_Init_Com  serial2.o
    0x08004748   0x08004748   0x0000006c   Code   RO         3627    i.Serial2_Init_Rx_DMA  serial2.o
    0x080047b4   0x080047b4   0x00000054   Code   RO         3628    i.Serial2_Init_Rx_USART  serial2.o
    0x08004808   0x08004808   0x00000098   Code   RO         3629    i.Serial2_Init_Tx_DMA  serial2.o
    0x080048a0   0x080048a0   0x00000028   Code   RO         3630    i.Serial2_Init_Tx_USART  serial2.o
    0x080048c8   0x080048c8   0x00000054   Code   RO         3632    i.Serial2_SendString  serial2.o
    0x0800491c   0x0800491c   0x00000034   Code   RO         3474    i.Serial3_Init_All  serial3.o
    0x08004950   0x08004950   0x0000004c   Code   RO         3475    i.Serial3_Init_Com  serial3.o
    0x0800499c   0x0800499c   0x00000064   Code   RO         3476    i.Serial3_Init_Rx_DMA  serial3.o
    0x08004a00   0x08004a00   0x00000050   Code   RO         3477    i.Serial3_Init_Rx_USART  serial3.o
    0x08004a50   0x08004a50   0x00000090   Code   RO         3478    i.Serial3_Init_Tx_DMA  serial3.o
    0x08004ae0   0x08004ae0   0x0000002c   Code   RO         3479    i.Serial3_Init_Tx_USART  serial3.o
    0x08004b0c   0x08004b0c   0x00000058   Code   RO         3481    i.Serial3_SendString  serial3.o
    0x08004b64   0x08004b64   0x00000014   Code   RO         3482    i.Serial3_Tx_Cmd    serial3.o
    0x08004b78   0x08004b78   0x00000014   Code   RO         3483    i.Serial3_USART3_Cmd  serial3.o
    0x08004b8c   0x08004b8c   0x00000008   Code   RO           24    i.SetSysClock       system_stm32f10x.o
    0x08004b94   0x08004b94   0x000000e0   Code   RO           25    i.SetSysClockTo72   system_stm32f10x.o
    0x08004c74   0x08004c74   0x00000002   Code   RO         4526    i.SysTick_Handler   stm32f10x_it.o
    0x08004c76   0x08004c76   0x00000002   PAD
    0x08004c78   0x08004c78   0x00000060   Code   RO           27    i.SystemInit        system_stm32f10x.o
    0x08004cd8   0x08004cd8   0x0000001c   Code   RO         3292    i.TIM1_UP_IRQHandler  mytim.o
    0x08004cf4   0x08004cf4   0x00000024   Code   RO         3293    i.TIM2_IRQHandler   mytim.o
    0x08004d18   0x08004d18   0x0000003c   Code   RO         3294    i.TIM3_IRQHandler   mytim.o
    0x08004d54   0x08004d54   0x00000034   Code   RO         3295    i.TIM4_IRQHandler   mytim.o
    0x08004d88   0x08004d88   0x00000018   Code   RO         2409    i.TIM_ARRPreloadConfig  stm32f10x_tim.o
    0x08004da0   0x08004da0   0x00000006   Code   RO         2415    i.TIM_ClearFlag     stm32f10x_tim.o
    0x08004da6   0x08004da6   0x00000006   Code   RO         2416    i.TIM_ClearITPendingBit  stm32f10x_tim.o
    0x08004dac   0x08004dac   0x00000018   Code   RO         2421    i.TIM_Cmd           stm32f10x_tim.o
    0x08004dc4   0x08004dc4   0x0000001e   Code   RO         2423    i.TIM_CtrlPWMOutputs  stm32f10x_tim.o
    0x08004de2   0x08004de2   0x00000006   Code   RO         2440    i.TIM_GetCounter    stm32f10x_tim.o
    0x08004de8   0x08004de8   0x00000022   Code   RO         2442    i.TIM_GetITStatus   stm32f10x_tim.o
    0x08004e0a   0x08004e0a   0x00000012   Code   RO         2446    i.TIM_ITConfig      stm32f10x_tim.o
    0x08004e1c   0x08004e1c   0x0000000c   Code   RO         2448    i.TIM_InternalClockConfig  stm32f10x_tim.o
    0x08004e28   0x08004e28   0x00000098   Code   RO         2450    i.TIM_OC1Init       stm32f10x_tim.o
    0x08004ec0   0x08004ec0   0x00000012   Code   RO         2453    i.TIM_OC1PreloadConfig  stm32f10x_tim.o
    0x08004ed2   0x08004ed2   0x00000002   PAD
    0x08004ed4   0x08004ed4   0x000000a4   Code   RO         2455    i.TIM_OC2Init       stm32f10x_tim.o
    0x08004f78   0x08004f78   0x0000001a   Code   RO         2458    i.TIM_OC2PreloadConfig  stm32f10x_tim.o
    0x08004f92   0x08004f92   0x00000002   PAD
    0x08004f94   0x08004f94   0x000000a0   Code   RO         2460    i.TIM_OC3Init       stm32f10x_tim.o
    0x08005034   0x08005034   0x00000012   Code   RO         2463    i.TIM_OC3PreloadConfig  stm32f10x_tim.o
    0x08005046   0x08005046   0x00000002   PAD
    0x08005048   0x08005048   0x0000007c   Code   RO         2465    i.TIM_OC4Init       stm32f10x_tim.o
    0x080050c4   0x080050c4   0x0000001a   Code   RO         2467    i.TIM_OC4PreloadConfig  stm32f10x_tim.o
    0x080050de   0x080050de   0x00000014   Code   RO         2468    i.TIM_OCStructInit  stm32f10x_tim.o
    0x080050f2   0x080050f2   0x00000002   PAD
    0x080050f4   0x080050f4   0x000000a4   Code   RO         2492    i.TIM_TimeBaseInit  stm32f10x_tim.o
    0x08005198   0x08005198   0x00000012   Code   RO         2493    i.TIM_TimeBaseStructInit  stm32f10x_tim.o
    0x080051aa   0x080051aa   0x00000002   PAD
    0x080051ac   0x080051ac   0x0000007c   Code   RO         3633    i.USART2_IRQHandler  serial2.o
    0x08005228   0x08005228   0x00000358   Code   RO         3484    i.USART3_IRQHandler  serial3.o
    0x08005580   0x08005580   0x0000001e   Code   RO         2957    i.USART_ClearITPendingBit  stm32f10x_usart.o
    0x0800559e   0x0800559e   0x00000018   Code   RO         2960    i.USART_Cmd         stm32f10x_usart.o
    0x080055b6   0x080055b6   0x00000012   Code   RO         2961    i.USART_DMACmd      stm32f10x_usart.o
    0x080055c8   0x080055c8   0x0000009c   Code   RO         2962    i.USART_DeInit      stm32f10x_usart.o
    0x08005664   0x08005664   0x00000054   Code   RO         2964    i.USART_GetITStatus  stm32f10x_usart.o
    0x080056b8   0x080056b8   0x0000004a   Code   RO         2966    i.USART_ITConfig    stm32f10x_usart.o
    0x08005702   0x08005702   0x00000002   PAD
    0x08005704   0x08005704   0x000000d8   Code   RO         2967    i.USART_Init        stm32f10x_usart.o
    0x080057dc   0x080057dc   0x00000018   Code   RO         2983    i.USART_StructInit  stm32f10x_usart.o
    0x080057f4   0x080057f4   0x00000004   Code   RO         4527    i.UsageFault_Handler  stm32f10x_it.o
    0x080057f8   0x080057f8   0x00000028   Code   RO         4852    i.__ARM_fpclassify  m_ws.l(fpclassify.o)
    0x08005820   0x08005820   0x0000000e   Code   RO         4606    i._is_digit         c_w.l(__printf_wp.o)
    0x0800582e   0x0800582e   0x00000002   PAD
    0x08005830   0x08005830   0x000001cc   Code   RO         4454    i.main              main.o
    0x080059fc   0x080059fc   0x0000002c   Code   RO         4837    locale$$code        c_w.l(lc_ctype_c.o)
    0x08005a28   0x08005a28   0x0000002c   Code   RO         4840    locale$$code        c_w.l(lc_numeric_c.o)
    0x08005a54   0x08005a54   0x00000184   Code   RO         4648    x$fpl$fdiv          fz_ws.l(fdiv.o)
    0x08005bd8   0x08005bd8   0x00000036   Code   RO         4651    x$fpl$ffix          fz_ws.l(ffix.o)
    0x08005c0e   0x08005c0e   0x00000002   PAD
    0x08005c10   0x08005c10   0x0000003e   Code   RO         4655    x$fpl$ffixu         fz_ws.l(ffixu.o)
    0x08005c4e   0x08005c4e   0x00000002   PAD
    0x08005c50   0x08005c50   0x00000026   Code   RO         4659    x$fpl$ffltu         fz_ws.l(fflt_clz.o)
    0x08005c76   0x08005c76   0x0000008c   Code   RO         4752    x$fpl$fnaninf       fz_ws.l(fnaninf.o)
    0x08005d02   0x08005d02   0x0000000a   Code   RO         4754    x$fpl$fretinf       fz_ws.l(fretinf.o)
    0x08005d0c   0x08005d0c   0x00000004   Code   RO         4756    x$fpl$printf1       fz_ws.l(printf1.o)
    0x08005d10   0x08005d10   0x00000004   Code   RO         4758    x$fpl$printf2       fz_ws.l(printf2.o)
    0x08005d14   0x08005d14   0x00000000   Code   RO         4764    x$fpl$usenofp       fz_ws.l(usenofp.o)
    0x08005d14   0x08005d14   0x00000080   Data   RO         3712    .constdata          at.o
    0x08005d94   0x08005d94   0x000005f0   Data   RO         3786    .constdata          oled.o
    0x08006384   0x08006384   0x0000008a   Data   RO         3891    .constdata          mywaterts.o
    0x0800640e   0x0800640e   0x00000011   Data   RO         4614    .constdata          c_w.l(__printf_flags_ss_wp.o)
    0x0800641f   0x0800641f   0x00000001   PAD
    0x08006420   0x08006420   0x00000008   Data   RO         4690    .constdata          c_w.l(_printf_wctomb.o)
    0x08006428   0x08006428   0x00000028   Data   RO         4719    .constdata          c_w.l(_printf_hex_int_ll_ptr.o)
    0x08006450   0x08006450   0x00000026   Data   RO         4790    .constdata          c_w.l(_printf_fp_hex.o)
    0x08006476   0x08006476   0x00000002   PAD
    0x08006478   0x08006478   0x00000094   Data   RO         4812    .constdata          c_w.l(bigflt0.o)
    0x0800650c   0x0800650c   0x000001b7   Data   RO         3713    .conststring        at.o
    0x080066c3   0x080066c3   0x00000001   PAD
    0x080066c4   0x080066c4   0x00000020   Data   RO         4980    Region$$Table       anon$$obj.o
    0x080066e4   0x080066e4   0x00000110   Data   RO         4836    locale$$data        c_w.l(lc_ctype_c.o)
    0x080067f4   0x080067f4   0x0000001c   Data   RO         4839    locale$$data        c_w.l(lc_numeric_c.o)


    Execution Region RW_IRAM1 (Exec base: 0x20000000, Load base: 0x08006810, Size: 0x00001858, Max: 0x00005000, ABSOLUTE, COMPRESSED[0x00000174])

    Exec Addr    Load Addr    Size         Type   Attr      Idx    E Section Name        Object

    0x20000000   COMPRESSED   0x00000014   Data   RW         1805    .data               stm32f10x_rcc.o
    0x20000014   COMPRESSED   0x00000016   Data   RW         3296    .data               mytim.o
    0x2000002a   COMPRESSED   0x00000214   Data   RW         3486    .data               serial3.o
    0x2000023e   COMPRESSED   0x00000002   PAD
    0x20000240   COMPRESSED   0x0000001c   Data   RW         3635    .data               serial2.o
    0x2000025c   COMPRESSED   0x0000033e   Data   RW         3714    .data               at.o
    0x2000059a   COMPRESSED   0x00000002   PAD
    0x2000059c   COMPRESSED   0x0000001e   Data   RW         3892    .data               mywaterts.o
    0x200005ba   COMPRESSED   0x00000002   PAD
    0x200005bc   COMPRESSED   0x0000002d   Data   RW         3959    .data               myairs.o
    0x200005e9   COMPRESSED   0x00000003   PAD
    0x200005ec   COMPRESSED   0x00000024   Data   RW         4093    .data               mywaterss.o
    0x20000610   COMPRESSED   0x00000005   Data   RW         4166    .data               myfeeder.o
    0x20000615   COMPRESSED   0x00000001   PAD
    0x20000616   COMPRESSED   0x00000002   Data   RW         4207    .data               mywaterp.o
    0x20000618   COMPRESSED   0x00000004   Data   RW         4238    .data               myaquariuml.o
    0x2000061c   COMPRESSED   0x00000004   Data   RW         4269    .data               myplantgl.o
    0x20000620   COMPRESSED   0x00000008   Data   RW         4298    .data               myadcanddma.o
    0x20000628   COMPRESSED   0x00000001   Data   RW         4362    .data               myairp.o
    0x20000629   COMPRESSED   0x00000001   Data   RW         4410    .data               mywaterh.o
    0x2000062a   COMPRESSED   0x00000002   PAD
    0x2000062c        -       0x00000068   Zero   RW         3485    .bss                serial3.o
    0x20000694        -       0x00000270   Zero   RW         3634    .bss                serial2.o
    0x20000904        -       0x00000840   Zero   RW         3711    .bss                at.o
    0x20001144        -       0x00000048   Zero   RW         3890    .bss                mywaterts.o
    0x2000118c        -       0x00000028   Zero   RW         3958    .bss                myairs.o
    0x200011b4        -       0x00000010   Zero   RW         4165    .bss                myfeeder.o
    0x200011c4        -       0x00000010   Zero   RW         4206    .bss                mywaterp.o
    0x200011d4        -       0x00000010   Zero   RW         4237    .bss                myaquariuml.o
    0x200011e4        -       0x00000010   Zero   RW         4268    .bss                myplantgl.o
    0x200011f4        -       0x00000060   Zero   RW         4766    .bss                c_w.l(libspace.o)
    0x20001254   COMPRESSED   0x00000004   PAD
    0x20001258        -       0x00000200   Zero   RW           18    HEAP                startup_stm32f10x_md.o
    0x20001458        -       0x00000400   Zero   RW           17    STACK               startup_stm32f10x_md.o


==============================================================================

Image component sizes


      Code (inc. data)   RO Data    RW Data    ZI Data      Debug   Object Name

        86          0          0          0          0       2013   array.o
      2340        466        567        830       2112      10599   at.o
         0          0          0          0          0       4564   core_cm3.o
        70          0          0          0          0        914   delay.o
       510         54          0          0          0       1485   main.o
       132         22          0          0          0     215887   misc.o
       200         12          0          8          0       1320   myadcanddma.o
       108         18          0          1          0       1606   myairp.o
      1132        204          0         45         40      10928   myairs.o
       160         28          0          4         16       1866   myaquariuml.o
       180         32          0          5         16       2326   myfeeder.o
        56          8          0          0          0        507   myilluminations.o
       160         28          0          4         16       1830   myplantgl.o
        56          8          0          0          0        476   mysoilms.o
       780         60          0         22          0       9809   mytim.o
       108         18          0          1          0       1638   mywaterh.o
       160         28          0          2         16       1818   mywaterp.o
        56          8          0          0          0        481   mywaterqs.o
       528         94          0         36          0       5860   mywaterss.o
      1188        174        138         30         72       5599   mywaterts.o
       774         22       1520          0          0       6839   oled.o
       780        110          0         28        624       5640   serial2.o
      1516        410          0        532        104       7534   serial3.o
        64         26        236          0       1536        788   startup_stm32f10x_md.o
       408         10          0          0          0      18106   stm32f10x_adc.o
       544         26          0          0          0      16142   stm32f10x_dma.o
       216         18          0          0          0       4542   stm32f10x_exti.o
       394          4          0          0          0      13348   stm32f10x_gpio.o
        26          0          0          0          0       3686   stm32f10x_it.o
       396         56          0         20          0      15019   stm32f10x_rcc.o
      1050         92          0          0          0      31957   stm32f10x_tim.o
       626         28          0          0          0      12437   stm32f10x_usart.o
       328         28          0          0          0      54969   system_stm32f10x.o

    ----------------------------------------------------------------------
     15166       2092       2494       1580       4552     472533   Object Totals
         0          0         32          0          0          0   (incl. Generated)
        34          0          1         12          0          0   (incl. Padding)

    ----------------------------------------------------------------------

      Code (inc. data)   RO Data    RW Data    ZI Data      Debug   Library Member Name

        56          6          0          0          0         88   __2snprintf.o
       100          0          0          0          0          0   __dclz77c.o
         8          0          0          0          0         68   __main.o
       392          4         17          0          0         92   __printf_flags_ss_wp.o
        14          0          0          0          0         68   __printf_wp.o
         0          0          0          0          0          0   __rtentry.o
        12          0          0          0          0          0   __rtentry2.o
         6          0          0          0          0          0   __rtentry4.o
        52          8          0          0          0          0   __scatter.o
        28          0          0          0          0          0   __scatter_zi.o
        28          0          0          0          0         68   _chval.o
         6          0          0          0          0          0   _printf_a.o
         6          0          0          0          0          0   _printf_c.o
        44          0          0          0          0        108   _printf_char.o
        48          6          0          0          0         96   _printf_char_common.o
        40          0          0          0          0         68   _printf_charcount.o
         6          0          0          0          0          0   _printf_d.o
       120         16          0          0          0         92   _printf_dec.o
         6          0          0          0          0          0   _printf_e.o
         6          0          0          0          0          0   _printf_f.o
      1054          0          0          0          0        216   _printf_fp_dec.o
       764          8         38          0          0        100   _printf_fp_hex.o
       128         16          0          0          0         84   _printf_fp_infnan.o
         6          0          0          0          0          0   _printf_g.o
       148          4         40          0          0        160   _printf_hex_int_ll_ptr.o
         6          0          0          0          0          0   _printf_i.o
       178          0          0          0          0         88   _printf_intcommon.o
        10          0          0          0          0          0   _printf_l.o
         6          0          0          0          0          0   _printf_lc.o
        10          0          0          0          0          0   _printf_ll.o
         6          0          0          0          0          0   _printf_lld.o
         6          0          0          0          0          0   _printf_lli.o
         6          0          0          0          0          0   _printf_llo.o
         6          0          0          0          0          0   _printf_llu.o
         6          0          0          0          0          0   _printf_llx.o
       124         16          0          0          0         92   _printf_longlong_dec.o
         6          0          0          0          0          0   _printf_ls.o
         6          0          0          0          0          0   _printf_n.o
         6          0          0          0          0          0   _printf_o.o
       112         10          0          0          0        124   _printf_oct_int_ll.o
         6          0          0          0          0          0   _printf_p.o
        78          0          0          0          0        108   _printf_pad.o
         0          0          0          0          0          0   _printf_percent.o
         4          0          0          0          0          0   _printf_percent_end.o
         6          0          0          0          0          0   _printf_s.o
        82          0          0          0          0         80   _printf_str.o
        36          0          0          0          0         84   _printf_truncate.o
         6          0          0          0          0          0   _printf_u.o
        44          0          0          0          0        108   _printf_wchar.o
       188          6          8          0          0         92   _printf_wctomb.o
         6          0          0          0          0          0   _printf_x.o
        16          0          0          0          0         68   _snputc.o
        10          0          0          0          0         68   _sputc.o
       158          0          0          0          0         92   _strtoul.o
        64          0          0          0          0         92   _wcrtomb.o
        26          0          0          0          0         80   atoi.o
       228          4        148          0          0         96   bigflt0.o
      1936        128          0          0          0        672   btod.o
        18          0          0          0          0         80   exit.o
         6          0          0          0          0        152   heapauxi.o
         0          0          0          0          0          0   indicate_semi.o
        44         10        272          0          0         76   lc_ctype_c.o
        44         10         28          0          0         76   lc_numeric_c.o
         2          0          0          0          0          0   libinit.o
        30          0          0          0          0          0   libinit2.o
         2          0          0          0          0          0   libshutdown.o
         2          0          0          0          0          0   libshutdown2.o
         8          4          0          0         96         68   libspace.o
       138          0          0          0          0         80   lludiv10.o
        16          4          0          0          0         76   rt_ctype_table.o
         8          4          0          0          0         68   rt_errno_addr_intlibspace.o
         8          4          0          0          0         68   rt_locale_intlibspace.o
        68          0          0          0          0         68   rt_memclr.o
        78          0          0          0          0         80   rt_memclr_w.o
       138          0          0          0          0         68   rt_memcpy_v6.o
       100          0          0          0          0         80   rt_memcpy_w.o
         2          0          0          0          0          0   rtexit.o
        10          0          0          0          0          0   rtexit2.o
        56          6          0          0          0         88   snprintf.o
       128          0          0          0          0         68   strcmpv7m.o
        62          0          0          0          0         76   strlen.o
        36          0          0          0          0         80   strstr.o
       112          0          0          0          0         88   strtol.o
        12          4          0          0          0         68   sys_exit.o
        74          0          0          0          0         80   sys_stackheap_outer.o
         2          0          0          0          0         68   use_no_semi.o
       388         76          0          0          0         96   fdiv.o
        54          4          0          0          0         84   ffix.o
        62          4          0          0          0         84   ffixu.o
        38          0          0          0          0         68   fflt_clz.o
       140          4          0          0          0         84   fnaninf.o
        10          0          0          0          0         68   fretinf.o
         4          0          0          0          0         68   printf1.o
         4          0          0          0          0         68   printf2.o
         0          0          0          0          0          0   usenofp.o
        40          0          0          0          0         68   fpclassify.o

    ----------------------------------------------------------------------
      8426        366        554          0        100       5596   Library Totals
        16          0          3          0          4          0   (incl. Padding)

    ----------------------------------------------------------------------

      Code (inc. data)   RO Data    RW Data    ZI Data      Debug   Library Name

      7670        278        551          0         96       4908   c_w.l
       700         88          0          0          0        620   fz_ws.l
        40          0          0          0          0         68   m_ws.l

    ----------------------------------------------------------------------
      8426        366        554          0        100       5596   Library Totals

    ----------------------------------------------------------------------

==============================================================================


      Code (inc. data)   RO Data    RW Data    ZI Data      Debug   

     23592       2458       3048       1580       4652     465073   Grand Totals
     23592       2458       3048        372       4652     465073   ELF Image Totals (compressed)
     23592       2458       3048        372          0          0   ROM Totals

==============================================================================

    Total RO  Size (Code + RO Data)                26640 (  26.02kB)
    Total RW  Size (RW Data + ZI Data)              6232 (   6.09kB)
    Total ROM Size (Code + RO Data + RW Data)      27012 (  26.38kB)

==============================================================================

