Component: ARM Compiler 5.06 update 5 (build 528) Tool: armlink [4d35e2]

==============================================================================

Section Cross References

    startup_stm32f10x_md.o(STACK) refers (Special) to heapauxi.o(.text) for __use_two_region_memory
    startup_stm32f10x_md.o(HEAP) refers (Special) to heapauxi.o(.text) for __use_two_region_memory
    startup_stm32f10x_md.o(RESET) refers (Special) to heapauxi.o(.text) for __use_two_region_memory
    startup_stm32f10x_md.o(RESET) refers to startup_stm32f10x_md.o(STACK) for __initial_sp
    startup_stm32f10x_md.o(RESET) refers to startup_stm32f10x_md.o(.text) for Reset_Handler
    startup_stm32f10x_md.o(RESET) refers to stm32f10x_it.o(i.NMI_Handler) for NMI_Handler
    startup_stm32f10x_md.o(RESET) refers to stm32f10x_it.o(i.HardFault_Handler) for HardFault_Handler
    startup_stm32f10x_md.o(RESET) refers to stm32f10x_it.o(i.MemManage_Handler) for MemManage_Handler
    startup_stm32f10x_md.o(RESET) refers to stm32f10x_it.o(i.BusFault_Handler) for BusFault_Handler
    startup_stm32f10x_md.o(RESET) refers to stm32f10x_it.o(i.UsageFault_Handler) for UsageFault_Handler
    startup_stm32f10x_md.o(RESET) refers to stm32f10x_it.o(i.SVC_Handler) for SVC_Handler
    startup_stm32f10x_md.o(RESET) refers to stm32f10x_it.o(i.DebugMon_Handler) for DebugMon_Handler
    startup_stm32f10x_md.o(RESET) refers to stm32f10x_it.o(i.PendSV_Handler) for PendSV_Handler
    startup_stm32f10x_md.o(RESET) refers to stm32f10x_it.o(i.SysTick_Handler) for SysTick_Handler
    startup_stm32f10x_md.o(RESET) refers to main.o(i.EXTI4_IRQHandler) for EXTI4_IRQHandler
    startup_stm32f10x_md.o(RESET) refers to main.o(i.DMA1_Channel2_IRQHandler) for DMA1_Channel2_IRQHandler
    startup_stm32f10x_md.o(RESET) refers to mytim.o(i.TIM1_UP_IRQHandler) for TIM1_UP_IRQHandler
    startup_stm32f10x_md.o(RESET) refers to mytim.o(i.TIM2_IRQHandler) for TIM2_IRQHandler
    startup_stm32f10x_md.o(RESET) refers to mytim.o(i.TIM3_IRQHandler) for TIM3_IRQHandler
    startup_stm32f10x_md.o(RESET) refers to mytim.o(i.TIM4_IRQHandler) for TIM4_IRQHandler
    startup_stm32f10x_md.o(RESET) refers to myserial.o(i.USART2_IRQHandler) for USART2_IRQHandler
    startup_stm32f10x_md.o(RESET) refers to main.o(i.EXTI15_10_IRQHandler) for EXTI15_10_IRQHandler
    startup_stm32f10x_md.o(.text) refers (Special) to heapauxi.o(.text) for __use_two_region_memory
    startup_stm32f10x_md.o(.text) refers to system_stm32f10x.o(i.SystemInit) for SystemInit
    startup_stm32f10x_md.o(.text) refers to __main.o(!!!main) for __main
    startup_stm32f10x_md.o(.text) refers to startup_stm32f10x_md.o(HEAP) for Heap_Mem
    startup_stm32f10x_md.o(.text) refers to startup_stm32f10x_md.o(STACK) for Stack_Mem
    system_stm32f10x.o(i.SetSysClock) refers to system_stm32f10x.o(i.SetSysClockTo72) for SetSysClockTo72
    system_stm32f10x.o(i.SystemCoreClockUpdate) refers to system_stm32f10x.o(.data) for SystemCoreClock
    system_stm32f10x.o(i.SystemInit) refers to system_stm32f10x.o(i.SetSysClock) for SetSysClock
    stm32f10x_adc.o(i.ADC_DeInit) refers to stm32f10x_rcc.o(i.RCC_APB2PeriphResetCmd) for RCC_APB2PeriphResetCmd
    stm32f10x_bkp.o(i.BKP_DeInit) refers to stm32f10x_rcc.o(i.RCC_BackupResetCmd) for RCC_BackupResetCmd
    stm32f10x_can.o(i.CAN_DeInit) refers to stm32f10x_rcc.o(i.RCC_APB1PeriphResetCmd) for RCC_APB1PeriphResetCmd
    stm32f10x_can.o(i.CAN_GetITStatus) refers to stm32f10x_can.o(i.CheckITStatus) for CheckITStatus
    stm32f10x_cec.o(i.CEC_DeInit) refers to stm32f10x_rcc.o(i.RCC_APB1PeriphResetCmd) for RCC_APB1PeriphResetCmd
    stm32f10x_dac.o(i.DAC_DeInit) refers to stm32f10x_rcc.o(i.RCC_APB1PeriphResetCmd) for RCC_APB1PeriphResetCmd
    stm32f10x_flash.o(i.FLASH_EnableWriteProtection) refers to stm32f10x_flash.o(i.FLASH_WaitForLastOperation) for FLASH_WaitForLastOperation
    stm32f10x_flash.o(i.FLASH_EraseAllBank1Pages) refers to stm32f10x_flash.o(i.FLASH_WaitForLastBank1Operation) for FLASH_WaitForLastBank1Operation
    stm32f10x_flash.o(i.FLASH_EraseAllPages) refers to stm32f10x_flash.o(i.FLASH_WaitForLastOperation) for FLASH_WaitForLastOperation
    stm32f10x_flash.o(i.FLASH_EraseOptionBytes) refers to stm32f10x_flash.o(i.FLASH_GetReadOutProtectionStatus) for FLASH_GetReadOutProtectionStatus
    stm32f10x_flash.o(i.FLASH_EraseOptionBytes) refers to stm32f10x_flash.o(i.FLASH_WaitForLastOperation) for FLASH_WaitForLastOperation
    stm32f10x_flash.o(i.FLASH_ErasePage) refers to stm32f10x_flash.o(i.FLASH_WaitForLastOperation) for FLASH_WaitForLastOperation
    stm32f10x_flash.o(i.FLASH_ProgramHalfWord) refers to stm32f10x_flash.o(i.FLASH_WaitForLastOperation) for FLASH_WaitForLastOperation
    stm32f10x_flash.o(i.FLASH_ProgramOptionByteData) refers to stm32f10x_flash.o(i.FLASH_WaitForLastOperation) for FLASH_WaitForLastOperation
    stm32f10x_flash.o(i.FLASH_ProgramWord) refers to stm32f10x_flash.o(i.FLASH_WaitForLastOperation) for FLASH_WaitForLastOperation
[...]
    i.MyAirS_SwitchOn                        0x08000dc8   Section        0  myairs.o(i.MyAirS_SwitchOn)
    i.MyAirS_WriterSM                        0x08000dfc   Section        0  myairs.o(i.MyAirS_WriterSM)
    i.MyAquariumL_Init                       0x08000e7c   Section        0  myaquariuml.o(i.MyAquariumL_Init)
    i.MyArray_GetAverage_uint16_t            0x08000ee0   Section        0  array.o(i.MyArray_GetAverage_uint16_t)
    i.MyArray_TailAdd_uint16_t               0x08000f14   Section        0  array.o(i.MyArray_TailAdd_uint16_t)
    i.MyFeeder_Init                          0x08000f38   Section        0  myfeeder.o(i.MyFeeder_Init)
    i.MyIlluminationS_Init                   0x08000fa4   Section        0  myilluminations.o(i.MyIlluminationS_Init)
    i.MyPlantGL_Init                         0x08000fdc   Section        0  myplantgl.o(i.MyPlantGL_Init)
    i.MySoilMS_Init                          0x08001040   Section        0  mysoilms.o(i.MySoilMS_Init)
    i.MyTIM1_Init                            0x08001078   Section        0  mytim.o(i.MyTIM1_Init)
    i.MyTIM2_Init                            0x080010f4   Section        0  mytim.o(i.MyTIM2_Init)
    i.MyTIM3_DIVx                            0x08001170   Section        0  mytim.o(i.MyTIM3_DIVx)
    i.MyTIM3_DIVy                            0x08001198   Section        0  mytim.o(i.MyTIM3_DIVy)
    i.MyTIM3_Init                            0x080011bc   Section        0  mytim.o(i.MyTIM3_Init)
    i.MyTIM4_Init                            0x08001230   Section        0  mytim.o(i.MyTIM4_Init)
    i.MyTIMx_ENABLECmd                       0x080012a4   Section        0  mytim.o(i.MyTIMx_ENABLECmd)
    i.MyTest_PB5_Init                        0x080012b4   Section        0  mytest.o(i.MyTest_PB5_Init)
    i.MyTest_PB5_WriteSET                    0x080012dc   Section        0  mytest.o(i.MyTest_PB5_WriteSET)
    i.MyWaterH_Init                          0x080012f0   Section        0  mywaterh.o(i.MyWaterH_Init)
    i.MyWaterH_SET                           0x0800131c   Section        0  mywaterh.o(i.MyWaterH_SET)
    i.MyWaterP_Init                          0x08001330   Section        0  mywaterp.o(i.MyWaterP_Init)
    i.MyWaterQS_Init                         0x0800139c   Section        0  mywaterqs.o(i.MyWaterQS_Init)
    i.MyWaterSS_CollectEchoSpan              0x080013d4   Section        0  mywaterss.o(i.MyWaterSS_CollectEchoSpan)
    i.MyWaterSS_EchoCtrlerSM                 0x08001428   Section        0  mywaterss.o(i.MyWaterSS_EchoCtrlerSM)
    i.MyWaterSS_Echo_Init                    0x08001494   Section        0  mywaterss.o(i.MyWaterSS_Echo_Init)
    i.MyWaterSS_GetResult_mm                 0x08001508   Section        0  mywaterss.o(i.MyWaterSS_GetResult_mm)
    i.MyWaterSS_SetEXITTrig                  0x0800153c   Section        0  mywaterss.o(i.MyWaterSS_SetEXITTrig)
    i.MyWaterSS_TrigCtrler                   0x08001550   Section        0  mywaterss.o(i.MyWaterSS_TrigCtrler)
    i.MyWaterSS_TrigCtrlerSwitchOn           0x08001588   Section        0  mywaterss.o(i.MyWaterSS_TrigCtrlerSwitchOn)
    i.MyWaterSS_TrigRESETer                  0x0800159c   Section        0  mywaterss.o(i.MyWaterSS_TrigRESETer)
    i.MyWaterSS_TrigSETer                    0x080015cc   Section        0  mywaterss.o(i.MyWaterSS_TrigSETer)
    i.MyWaterSS_Trig_Init                    0x080015f0   Section        0  mywaterss.o(i.MyWaterSS_Trig_Init)
    i.MyWaterTS_Init                         0x08001624   Section        0  mywaterts.o(i.MyWaterTS_Init)
    i.MyWaterTS_ReadPacketConvert            0x0800164c   Section        0  mywaterts.o(i.MyWaterTS_ReadPacketConvert)
    MyWaterTS_ReadPacketConvert              0x0800164d   Thumb Code    82  mywaterts.o(i.MyWaterTS_ReadPacketConvert)
    i.MyWaterTS_TaskSM                       0x080016b0   Section        0  mywaterts.o(i.MyWaterTS_TaskSM)
    i.MyWaterTS_TaskSM_TurnOn                0x080019fc   Section        0  mywaterts.o(i.MyWaterTS_TaskSM_TurnOn)
    i.MyWaterTS_TaskSuccedCheckTimer         0x08001a58   Section        0  mywaterts.o(i.MyWaterTS_TaskSuccedCheckTimer)
    i.MyWaterTS_TaskSuccedCkeck              0x08001a9c   Section        0  mywaterts.o(i.MyWaterTS_TaskSuccedCkeck)
    MyWaterTS_TaskSuccedCkeck                0x08001a9d   Thumb Code    24  mywaterts.o(i.MyWaterTS_TaskSuccedCkeck)
    i.MyWaterTS_Task_Reset                   0x08001abc   Section        0  mywaterts.o(i.MyWaterTS_Task_Reset)
    MyWaterTS_Task_Reset                     0x08001abd   Thumb Code     8  mywaterts.o(i.MyWaterTS_Task_Reset)
    i.NMI_Handler                            0x08001ac8   Section        0  stm32f10x_it.o(i.NMI_Handler)
    i.NVIC_Init                              0x08001acc   Section        0  misc.o(i.NVIC_Init)
    i.NVIC_PriorityGroupConfig               0x08001b3c   Section        0  misc.o(i.NVIC_PriorityGroupConfig)
    i.OLED_Clear                             0x08001b50   Section        0  oled.o(i.OLED_Clear)
    i.OLED_I2C_Init                          0x08001b7c   Section        0  oled.o(i.OLED_I2C_Init)
    i.OLED_I2C_SendByte                      0x08001bcc   Section        0  oled.o(i.OLED_I2C_SendByte)
    i.OLED_I2C_Start                         0x08001c20   Section        0  oled.o(i.OLED_I2C_Start)
    i.OLED_I2C_Stop                          0x08001c54   Section        0  oled.o(i.OLED_I2C_Stop)
    i.OLED_Init                              0x08001c7c   Section        0  oled.o(i.OLED_Init)
    i.OLED_Pow                               0x08001d2a   Section        0  oled.o(i.OLED_Pow)
    i.OLED_SetCursor                         0x08001d3e   Section        0  oled.o(i.OLED_SetCursor)
    i.OLED_ShowChar                          0x08001d60   Section        0  oled.o(i.OLED_ShowChar)
    i.OLED_ShowNum                           0x08001dd4   Section        0  oled.o(i.OLED_ShowNum)
    i.OLED_WriteCommand                      0x08001e18   Section        0  oled.o(i.OLED_WriteCommand)
    i.OLED_WriteData                         0x08001e38   Section        0  oled.o(i.OLED_WriteData)
    i.PendSV_Handler                         0x08001e58   Section        0  stm32f10x_it.o(i.PendSV_Handler)
    i.RCC_ADCCLKConfig                       0x08001e5c   Section        0  stm32f10x_rcc.o(i.RCC_ADCCLKConfig)
    i.RCC_AHBPeriphClockCmd                  0x08001e74   Section        0  stm32f10x_rcc.o(i.RCC_AHBPeriphClockCmd)
    i.RCC_APB1PeriphClockCmd                 0x08001e94   Section        0  stm32f10x_rcc.o(i.RCC_APB1PeriphClockCmd)
    i.RCC_APB2PeriphClockCmd                 0x08001eb4   Section        0  stm32f10x_rcc.o(i.RCC_APB2PeriphClockCmd)
    i.RCC_GetClocksFreq                      0x08001ed4   Section        0  stm32f10x_rcc.o(i.RCC_GetClocksFreq)
    i.SVC_Handler                            0x08001fa8   Section        0  stm32f10x_it.o(i.SVC_Handler)
    i.Serial3_Init_All                       0x08001faa   Section        0  esp8266.o(i.Serial3_Init_All)
    i.Serial3_Init_Com                       0x08001fc8   Section        0  esp8266.o(i.Serial3_Init_Com)
    i.Serial3_Init_Tx_DMA                    0x08002014   Section        0  esp8266.o(i.Serial3_Init_Tx_DMA)
    i.Serial3_Init_Tx_USART                  0x080020ac   Section        0  esp8266.o(i.Serial3_Init_Tx_USART)
    i.Serial3_SendByte                       0x080020d8   Section        0  esp8266.o(i.Serial3_SendByte)
    i.Serial_Auto_StateMachine               0x080020f8   Section        0  myserial.o(i.Serial_Auto_StateMachine)
    i.Serial_Init                            0x0800218c   Section        0  myserial.o(i.Serial_Init)
    i.Serial_SendByte                        0x08002264   Section        0  myserial.o(i.Serial_SendByte)
    i.Serial_SendStringV2                    0x08002282   Section        0  myserial.o(i.Serial_SendStringV2)
    i.SetSysClock                            0x0800229c   Section        0  system_stm32f10x.o(i.SetSysClock)
    SetSysClock                              0x0800229d   Thumb Code     8  system_stm32f10x.o(i.SetSysClock)
    i.SetSysClockTo72                        0x080022a4   Section        0  system_stm32f10x.o(i.SetSysClockTo72)
    SetSysClockTo72                          0x080022a5   Thumb Code   214  system_stm32f10x.o(i.SetSysClockTo72)
    i.SysTick_Handler                        0x08002384   Section        0  stm32f10x_it.o(i.SysTick_Handler)
    i.SystemInit                             0x08002388   Section        0  system_stm32f10x.o(i.SystemInit)
    i.TIM1_UP_IRQHandler                     0x080023e8   Section        0  mytim.o(i.TIM1_UP_IRQHandler)
    i.TIM2_IRQHandler                        0x08002404   Section        0  mytim.o(i.TIM2_IRQHandler)
    i.TIM3_IRQHandler                        0x08002428   Section        0  mytim.o(i.TIM3_IRQHandler)
    i.TIM4_IRQHandler                        0x08002460   Section        0  mytim.o(i.TIM4_IRQHandler)
    i.TIM_ARRPreloadConfig                   0x0800247c   Section        0  stm32f10x_tim.o(i.TIM_ARRPreloadConfig)
    i.TIM_ClearFlag                          0x08002494   Section        0  stm32f10x_tim.o(i.TIM_ClearFlag)
    i.TIM_ClearITPendingBit                  0x0800249a   Section        0  stm32f10x_tim.o(i.TIM_ClearITPendingBit)
    i.TIM_Cmd                                0x080024a0   Section        0  stm32f10x_tim.o(i.TIM_Cmd)
    i.TIM_CtrlPWMOutputs                     0x080024b8   Section        0  stm32f10x_tim.o(i.TIM_CtrlPWMOutputs)
    i.TIM_GetCounter                         0x080024d6   Section        0  stm32f10x_tim.o(i.TIM_GetCounter)
    i.TIM_GetITStatus                        0x080024dc   Section        0  stm32f10x_tim.o(i.TIM_GetITStatus)
    i.TIM_ITConfig                           0x080024fe   Section        0  stm32f10x_tim.o(i.TIM_ITConfig)
    i.TIM_InternalClockConfig                0x08002510   Section        0  stm32f10x_tim.o(i.TIM_InternalClockConfig)
    i.TIM_OC1Init                            0x0800251c   Section        0  stm32f10x_tim.o(i.TIM_OC1Init)
    i.TIM_OC1PreloadConfig                   0x080025b4   Section        0  stm32f10x_tim.o(i.TIM_OC1PreloadConfig)
    i.TIM_OC2Init                            0x080025c8   Section        0  stm32f10x_tim.o(i.TIM_OC2Init)
    i.TIM_OC2PreloadConfig                   0x0800266c   Section        0  stm32f10x_tim.o(i.TIM_OC2PreloadConfig)
    i.TIM_OC3Init                            0x08002688   Section        0  stm32f10x_tim.o(i.TIM_OC3Init)
    i.TIM_OC3PreloadConfig                   0x08002728   Section        0  stm32f10x_tim.o(i.TIM_OC3PreloadConfig)
    i.TIM_OC4Init                            0x0800273c   Section        0  stm32f10x_tim.o(i.TIM_OC4Init)
    i.TIM_OC4PreloadConfig                   0x080027b8   Section        0  stm32f10x_tim.o(i.TIM_OC4PreloadConfig)
    i.TIM_OCStructInit                       0x080027d2   Section        0  stm32f10x_tim.o(i.TIM_OCStructInit)
    i.TIM_TimeBaseInit                       0x080027e8   Section        0  stm32f10x_tim.o(i.TIM_TimeBaseInit)
    i.TIM_TimeBaseStructInit                 0x0800288c   Section        0  stm32f10x_tim.o(i.TIM_TimeBaseStructInit)
    i.USART2_IRQHandler                      0x080028a0   Section        0  myserial.o(i.USART2_IRQHandler)
    i.USART_Cmd                              0x080028d8   Section        0  stm32f10x_usart.o(i.USART_Cmd)
    i.USART_DMACmd                           0x080028f0   Section        0  stm32f10x_usart.o(i.USART_DMACmd)
    i.USART_GetFlagStatus                    0x08002902   Section        0  stm32f10x_usart.o(i.USART_GetFlagStatus)
    i.USART_GetITStatus                      0x0800291c   Section        0  stm32f10x_usart.o(i.USART_GetITStatus)
    i.USART_ITConfig                         0x08002970   Section        0  stm32f10x_usart.o(i.USART_ITConfig)
    i.USART_Init                             0x080029bc   Section        0  stm32f10x_usart.o(i.USART_Init)
    i.USART_ReceiveData                      0x08002a94   Section        0  stm32f10x_usart.o(i.USART_ReceiveData)
    i.USART_SendData                         0x08002a9e   Section        0  stm32f10x_usart.o(i.USART_SendData)
    i.USART_StructInit                       0x08002aa6   Section        0  stm32f10x_usart.o(i.USART_StructInit)
    i.UsageFault_Handler                     0x08002abe   Section        0  stm32f10x_it.o(i.UsageFault_Handler)
    i.main                                   0x08002ac4   Section        0  main.o(i.main)
    x$fpl$dfixu                              0x08002d78   Section       90  dfixu.o(x$fpl$dfixu)
    x$fpl$dmul                               0x08002dd4   Section      340  dmul.o(x$fpl$dmul)
    x$fpl$dnaninf                            0x08002f28   Section      156  dnaninf.o(x$fpl$dnaninf)
    x$fpl$dretinf                            0x08002fc4   Section       12  dretinf.o(x$fpl$dretinf)
    x$fpl$f2d                                0x08002fd0   Section       86  f2d.o(x$fpl$f2d)
    x$fpl$fdiv                               0x08003028   Section      388  fdiv.o(x$fpl$fdiv)
    _fdiv1                                   0x08003029   Thumb Code     0  fdiv.o(x$fpl$fdiv)
    x$fpl$ffixu                              0x080031ac   Section       62  ffixu.o(x$fpl$ffixu)
    x$fpl$ffltu                              0x080031ec   Section       38  fflt_clz.o(x$fpl$ffltu)
    x$fpl$fnaninf                            0x08003212   Section      140  fnaninf.o(x$fpl$fnaninf)
    x$fpl$fretinf                            0x0800329e   Section       10  fretinf.o(x$fpl$fretinf)
    .constdata                               0x080032a8   Section     1520  oled.o(.constdata)
    x$fpl$usenofp                            0x080032a8   Section        0  usenofp.o(x$fpl$usenofp)
    .constdata                               0x08003898   Section      138  mywaterts.o(.constdata)
    MyWaterTS_TaskStateOrder                 0x08003898   Data         125  mywaterts.o(.constdata)
    MyWaterTS_InitStateOrder                 0x08003915   Data           4  mywaterts.o(.constdata)
    MyWaterTS_Write0StateOrder               0x08003919   Data           2  mywaterts.o(.constdata)
    MyWaterTS_Write1StateOrder               0x0800391b   Data           3  mywaterts.o(.constdata)
    MyWaterTS_ReadBitStateOrder              0x0800391e   Data           4  mywaterts.o(.constdata)
    .data                                    0x20000000   Section       20  stm32f10x_rcc.o(.data)
    APBAHBPrescTable                         0x20000000   Data          16  stm32f10x_rcc.o(.data)
    ADCPrescTable                            0x20000010   Data           4  stm32f10x_rcc.o(.data)
    .data                                    0x20000014   Section       20  mytim.o(.data)
    DIVxCount                                0x20000024   Data           2  mytim.o(.data)
    DIVyCount                                0x20000026   Data           2  mytim.o(.data)
    .data                                    0x20000028   Section        8  myserial.o(.data)
    .data                                    0x20000030   Section       22  esp8266.o(.data)
    .data                                    0x20000048   Section       30  mywaterts.o(.data)
    GPIO_InitStruct                          0x20000048   Data           4  mywaterts.o(.data)
    MyWaterTS_TaskStateOrder_Index           0x2000004c   Data           1  mywaterts.o(.data)
    MyWaterTS_Count_TaskSM_RunTimes          0x20000050   Data           4  mywaterts.o(.data)
    MyWaterTS_Flag_Task_Succed               0x20000054   Data           1  mywaterts.o(.data)
    MyWaterTS_InitStateOrder_Index           0x20000055   Data           1  mywaterts.o(.data)
    MyWaterTS_Target_Init_CkeckDelay         0x20000056   Data           1  mywaterts.o(.data)
    MyWaterTS_Flag_TaskInit_Succed           0x20000057   Data           1  mywaterts.o(.data)
    MyWaterTS_Write0StateOrder_Index         0x20000058   Data           1  mywaterts.o(.data)
    MyWaterTS_Write1StateOrder_Index         0x20000059   Data           1  mywaterts.o(.data)
    MyWaterTS_ReadBitStateOrder_Index        0x2000005a   Data           1  mywaterts.o(.data)
    MyWaterTS_Flag_TaskSuccedCheckTimer_RunStatus 0x2000005b   Data           1  mywaterts.o(.data)
    MyWaterTS_Count_BitReaded                0x2000005c   Data           1  mywaterts.o(.data)
    MyWaterTS_Count_TaskSuccedCheckTimer_RunTimes 0x20000064   Data           2  mywaterts.o(.data)
    .data                                    0x20000068   Section       45  myairs.o(.data)
    GPIO_InitStruct                          0x20000068   Data           4  myairs.o(.data)
    EXTI_InitStruct                          0x2000006c   Data           8  myairs.o(.data)
    Count                                    0x20000094   Data           1  myairs.o(.data)
    .data                                    0x20000098   Section       36  mywaterss.o(.data)
    ResultFilter_Counter                     0x200000ac   Data           1  mywaterss.o(.data)
    TrigCtrlerCount2                         0x200000ad   Data           1  mywaterss.o(.data)
    MyWaterSS_EchoCtrlerSM_State             0x200000ae   Data           1  mywaterss.o(.data)
    CountEchoStart                           0x200000b0   Data           4  mywaterss.o(.data)
    NumCount                                 0x200000b4   Data           1  mywaterss.o(.data)
    CollectNums                              0x200000b6   Data           6  mywaterss.o(.data)
    .data                                    0x200000bc   Section        4  mywaterp.o(.data)
    .data                                    0x200000c0   Section        4  myaquariuml.o(.data)
    .data                                    0x200000c4   Section        4  myplantgl.o(.data)
    .data                                    0x200000c8   Section        8  myadcanddma.o(.data)
    .bss                                     0x200000d0   Section      504  myserial.o(.bss)
    USART_InitStruct                         0x200000d0   Data          16  myserial.o(.bss)
    .bss                                     0x200002c8   Section     1128  esp8266.o(.bss)
    .bss                                     0x20000730   Section       72  mywaterts.o(.bss)
    MyWaterTS_ReadPacket                     0x20000730   Data          72  mywaterts.o(.bss)
    .bss                                     0x20000778   Section       40  myairs.o(.bss)
    .bss                                     0x200007a0   Section       16  myfeeder.o(.bss)
    TIM_OCInitStruct                         0x200007a0   Data          16  myfeeder.o(.bss)
    .bss                                     0x200007b0   Section       16  mywaterp.o(.bss)
    TIM_OCInitStruct                         0x200007b0   Data          16  mywaterp.o(.bss)
    .bss                                     0x200007c0   Section       16  myaquariuml.o(.bss)
    TIM_OCInitStruct                         0x200007c0   Data          16  myaquariuml.o(.bss)
    .bss                                     0x200007d0   Section       16  myplantgl.o(.bss)
    TIM_OCInitStruct                         0x200007d0   Data          16  myplantgl.o(.bss)
    .bss                                     0x200007e0   Section       96  libspace.o(.bss)
    HEAP                                     0x20000840   Section      512  startup_stm32f10x_md.o(HEAP)
    Heap_Mem                                 0x20000840   Data         512  startup_stm32f10x_md.o(HEAP)
    STACK                                    0x20000a40   Section     1024  startup_stm32f10x_md.o(STACK)
    Stack_Mem                                0x20000a40   Data        1024  startup_stm32f10x_md.o(STACK)
    __initial_sp                             0x20000e40   Data           0  startup_stm32f10x_md.o(STACK)

    Global Symbols

    Symbol Name                              Value     Ov Type        Size  Object(Section)

    BuildAttributes$$THM_ISAv4$P$D$K$B$S$PE$A:L22UL41UL21$X:L11$S22US41US21$IEEE1$IW$USESV6$~STKCKD$USESV7$~SHL$OSPACE$ROPI$EBA8$UX$STANDARDLIB$REQ8$PRES8$EABIv2 0x00000000   Number         0  anon$$obj.o ABSOLUTE
    __ARM_use_no_argv                        0x00000000   Number         0  main.o ABSOLUTE
    __ARM_exceptions_init                     - Undefined Weak Reference
    __alloca_initialize                       - Undefined Weak Reference
    __arm_preinit_                            - Undefined Weak Reference
    __cpp_initialize__aeabi_                  - Undefined Weak Reference
    __cxa_finalize                            - Undefined Weak Reference
    __rt_locale                               - Undefined Weak Reference
    __sigvec_lookup                           - Undefined Weak Reference
    _atexit_init                              - Undefined Weak Reference
    _call_atexit_fns                          - Undefined Weak Reference
    _clock_init                               - Undefined Weak Reference
    _fp_trap_init                             - Undefined Weak Reference
    _fp_trap_shutdown                         - Undefined Weak Reference
    _get_lc_collate                           - Undefined Weak Reference
    _get_lc_ctype                             - Undefined Weak Reference
    _get_lc_monetary                          - Undefined Weak Reference
    _get_lc_numeric                           - Undefined Weak Reference
    _get_lc_time                              - Undefined Weak Reference
    _getenv_init                              - Undefined Weak Reference
    _handle_redirection                       - Undefined Weak Reference
    _init_alloc                               - Undefined Weak Reference
    _init_user_alloc                          - Undefined Weak Reference
    _initio                                   - Undefined Weak Reference
    _printf_post_padding                      - Undefined Weak Reference
    _printf_pre_padding                       - Undefined Weak Reference
    _printf_truncate_signed                   - Undefined Weak Reference
    _printf_truncate_unsigned                 - Undefined Weak Reference
    _rand_init                                - Undefined Weak Reference
    _signal_finish                            - Undefined Weak Reference
    _signal_init                              - Undefined Weak Reference
    _terminate_alloc                          - Undefined Weak Reference
    _terminate_user_alloc                     - Undefined Weak Reference
    _terminateio                              - Undefined Weak Reference
    __Vectors_Size                           0x000000ec   Number         0  startup_stm32f10x_md.o ABSOLUTE
    __Vectors                                0x08000000   Data           4  startup_stm32f10x_md.o(RESET)
    __Vectors_End                            0x080000ec   Data           0  startup_stm32f10x_md.o(RESET)
    __main                                   0x080000ed   Thumb Code     8  __main.o(!!!main)
    __scatterload                            0x080000f5   Thumb Code     0  __scatter.o(!!!scatter)
    __scatterload_rt2                        0x080000f5   Thumb Code    44  __scatter.o(!!!scatter)
    __scatterload_rt2_thumb_only             0x080000f5   Thumb Code     0  __scatter.o(!!!scatter)
    __scatterload_null                       0x08000103   Thumb Code     0  __scatter.o(!!!scatter)
    __scatterload_copy                       0x08000129   Thumb Code    26  __scatter_copy.o(!!handler_copy)
    __scatterload_zeroinit                   0x08000145   Thumb Code    28  __scatter_zi.o(!!handler_zi)
    __rt_lib_init                            0x08000161   Thumb Code     0  libinit.o(.ARM.Collect$$libinit$$00000000)
    __rt_lib_init_alloca_1                   0x08000163   Thumb Code     0  libinit2.o(.ARM.Collect$$libinit$$0000002E)
    __rt_lib_init_argv_1                     0x08000163   Thumb Code     0  libinit2.o(.ARM.Collect$$libinit$$0000002C)
    __rt_lib_init_atexit_1                   0x08000163   Thumb Code     0  libinit2.o(.ARM.Collect$$libinit$$0000001B)
    __rt_lib_init_clock_1                    0x08000163   Thumb Code     0  libinit2.o(.ARM.Collect$$libinit$$00000021)
    __rt_lib_init_cpp_1                      0x08000163   Thumb Code     0  libinit2.o(.ARM.Collect$$libinit$$00000032)
    __rt_lib_init_exceptions_1               0x08000163   Thumb Code     0  libinit2.o(.ARM.Collect$$libinit$$00000030)
    __rt_lib_init_fp_1                       0x08000163   Thumb Code     0  libinit2.o(.ARM.Collect$$libinit$$00000002)
    __rt_lib_init_fp_trap_1                  0x08000163   Thumb Code     0  libinit2.o(.ARM.Collect$$libinit$$0000001F)
    __rt_lib_init_getenv_1                   0x08000163   Thumb Code     0  libinit2.o(.ARM.Collect$$libinit$$00000023)
    __rt_lib_init_heap_1                     0x08000163   Thumb Code     0  libinit2.o(.ARM.Collect$$libinit$$0000000A)
    __rt_lib_init_lc_collate_1               0x08000163   Thumb Code     0  libinit2.o(.ARM.Collect$$libinit$$00000011)
    __rt_lib_init_lc_ctype_1                 0x08000163   Thumb Code     0  libinit2.o(.ARM.Collect$$libinit$$00000013)
    __rt_lib_init_lc_monetary_1              0x08000163   Thumb Code     0  libinit2.o(.ARM.Collect$$libinit$$00000015)
    __rt_lib_init_lc_numeric_1               0x08000163   Thumb Code     0  libinit2.o(.ARM.Collect$$libinit$$00000017)
    __rt_lib_init_lc_time_1                  0x08000163   Thumb Code     0  libinit2.o(.ARM.Collect$$libinit$$00000019)
    __rt_lib_init_preinit_1                  0x08000163   Thumb Code     0  libinit2.o(.ARM.Collect$$libinit$$00000004)
    __rt_lib_init_rand_1                     0x08000163   Thumb Code     0  libinit2.o(.ARM.Collect$$libinit$$0000000E)
    __rt_lib_init_return                     0x08000163   Thumb Code     0  libinit2.o(.ARM.Collect$$libinit$$00000033)
    __rt_lib_init_signal_1                   0x08000163   Thumb Code     0  libinit2.o(.ARM.Collect$$libinit$$0000001D)
    __rt_lib_init_stdio_1                    0x08000163   Thumb Code     0  libinit2.o(.ARM.Collect$$libinit$$00000025)
    __rt_lib_init_user_alloc_1               0x08000163   Thumb Code     0  libinit2.o(.ARM.Collect$$libinit$$0000000C)
    __rt_lib_shutdown                        0x08000165   Thumb Code     0  libshutdown.o(.ARM.Collect$$libshutdown$$00000000)
    __rt_lib_shutdown_cpp_1                  0x08000167   Thumb Code     0  libshutdown2.o(.ARM.Collect$$libshutdown$$00000002)
    __rt_lib_shutdown_fp_trap_1              0x08000167   Thumb Code     0  libshutdown2.o(.ARM.Collect$$libshutdown$$00000007)
    __rt_lib_shutdown_heap_1                 0x08000167   Thumb Code     0  libshutdown2.o(.ARM.Collect$$libshutdown$$0000000F)
    __rt_lib_shutdown_return                 0x08000167   Thumb Code     0  libshutdown2.o(.ARM.Collect$$libshutdown$$00000010)
    __rt_lib_shutdown_signal_1               0x08000167   Thumb Code     0  libshutdown2.o(.ARM.Collect$$libshutdown$$0000000A)
    __rt_lib_shutdown_stdio_1                0x08000167   Thumb Code     0  libshutdown2.o(.ARM.Collect$$libshutdown$$00000004)
    __rt_lib_shutdown_user_alloc_1           0x08000167   Thumb Code     0  libshutdown2.o(.ARM.Collect$$libshutdown$$0000000C)
    __rt_entry                               0x08000169   Thumb Code     0  __rtentry.o(.ARM.Collect$$rtentry$$00000000)
    __rt_entry_presh_1                       0x08000169   Thumb Code     0  __rtentry2.o(.ARM.Collect$$rtentry$$00000002)
    __rt_entry_sh                            0x08000169   Thumb Code     0  __rtentry4.o(.ARM.Collect$$rtentry$$00000004)
    __rt_entry_li                            0x0800016f   Thumb Code     0  __rtentry2.o(.ARM.Collect$$rtentry$$0000000A)
    __rt_entry_postsh_1                      0x0800016f   Thumb Code     0  __rtentry2.o(.ARM.Collect$$rtentry$$00000009)
    __rt_entry_main                          0x08000173   Thumb Code     0  __rtentry2.o(.ARM.Collect$$rtentry$$0000000D)
    __rt_entry_postli_1                      0x08000173   Thumb Code     0  __rtentry2.o(.ARM.Collect$$rtentry$$0000000C)
    __rt_exit                                0x0800017b   Thumb Code     0  rtexit.o(.ARM.Collect$$rtexit$$00000000)
    __rt_exit_ls                             0x0800017d   Thumb Code     0  rtexit2.o(.ARM.Collect$$rtexit$$00000003)
    __rt_exit_prels_1                        0x0800017d   Thumb Code     0  rtexit2.o(.ARM.Collect$$rtexit$$00000002)
    __rt_exit_exit                           0x08000181   Thumb Code     0  rtexit2.o(.ARM.Collect$$rtexit$$00000004)
    Reset_Handler                            0x08000189   Thumb Code     8  startup_stm32f10x_md.o(.text)
    ADC1_2_IRQHandler                        0x080001a3   Thumb Code     0  startup_stm32f10x_md.o(.text)
    CAN1_RX1_IRQHandler                      0x080001a3   Thumb Code     0  startup_stm32f10x_md.o(.text)
    CAN1_SCE_IRQHandler                      0x080001a3   Thumb Code     0  startup_stm32f10x_md.o(.text)
    DMA1_Channel1_IRQHandler                 0x080001a3   Thumb Code     0  startup_stm32f10x_md.o(.text)
    DMA1_Channel3_IRQHandler                 0x080001a3   Thumb Code     0  startup_stm32f10x_md.o(.text)
    DMA1_Channel4_IRQHandler                 0x080001a3   Thumb Code     0  startup_stm32f10x_md.o(.text)
    DMA1_Channel5_IRQHandler                 0x080001a3   Thumb Code     0  startup_stm32f10x_md.o(.text)
    DMA1_Channel6_IRQHandler                 0x080001a3   Thumb Code     0  startup_stm32f10x_md.o(.text)
    DMA1_Channel7_IRQHandler                 0x080001a3   Thumb Code     0  startup_stm32f10x_md.o(.text)
    EXTI0_IRQHandler                         0x080001a3   Thumb Code     0  startup_stm32f10x_md.o(.text)
    EXTI1_IRQHandler                         0x080001a3   Thumb Code     0  startup_stm32f10x_md.o(.text)
    EXTI2_IRQHandler                         0x080001a3   Thumb Code     0  startup_stm32f10x_md.o(.text)
    EXTI3_IRQHandler                         0x080001a3   Thumb Code     0  startup_stm32f10x_md.o(.text)
    EXTI9_5_IRQHandler                       0x080001a3   Thumb Code     0  startup_stm32f10x_md.o(.text)
    FLASH_IRQHandler                         0x080001a3   Thumb Code     0  startup_stm32f10x_md.o(.text)
    I2C1_ER_IRQHandler                       0x080001a3   Thumb Code     0  startup_stm32f10x_md.o(.text)
    I2C1_EV_IRQHandler                       0x080001a3   Thumb Code     0  startup_stm32f10x_md.o(.text)
    I2C2_ER_IRQHandler                       0x080001a3   Thumb Code     0  startup_stm32f10x_md.o(.text)
    I2C2_EV_IRQHandler                       0x080001a3   Thumb Code     0  startup_stm32f10x_md.o(.text)
    PVD_IRQHandler                           0x080001a3   Thumb Code     0  startup_stm32f10x_md.o(.text)
    RCC_IRQHandler                           0x080001a3   Thumb Code     0  startup_stm32f10x_md.o(.text)
    RTCAlarm_IRQHandler                      0x080001a3   Thumb Code     0  startup_stm32f10x_md.o(.text)
    RTC_IRQHandler                           0x080001a3   Thumb Code     0  startup_stm32f10x_md.o(.text)
    SPI1_IRQHandler                          0x080001a3   Thumb Code     0  startup_stm32f10x_md.o(.text)
    SPI2_IRQHandler                          0x080001a3   Thumb Code     0  startup_stm32f10x_md.o(.text)
    TAMPER_IRQHandler                        0x080001a3   Thumb Code     0  startup_stm32f10x_md.o(.text)
    TIM1_BRK_IRQHandler                      0x080001a3   Thumb Code     0  startup_stm32f10x_md.o(.text)
    TIM1_CC_IRQHandler                       0x080001a3   Thumb Code     0  startup_stm32f10x_md.o(.text)
    TIM1_TRG_COM_IRQHandler                  0x080001a3   Thumb Code     0  startup_stm32f10x_md.o(.text)
    USART1_IRQHandler                        0x080001a3   Thumb Code     0  startup_stm32f10x_md.o(.text)
    USART3_IRQHandler                        0x080001a3   Thumb Code     0  startup_stm32f10x_md.o(.text)
    USBWakeUp_IRQHandler                     0x080001a3   Thumb Code     0  startup_stm32f10x_md.o(.text)
    USB_HP_CAN1_TX_IRQHandler                0x080001a3   Thumb Code     0  startup_stm32f10x_md.o(.text)
    USB_LP_CAN1_RX0_IRQHandler               0x080001a3   Thumb Code     0  startup_stm32f10x_md.o(.text)
    WWDG_IRQHandler                          0x080001a3   Thumb Code     0  startup_stm32f10x_md.o(.text)
    __user_initial_stackheap                 0x080001a5   Thumb Code     0  startup_stm32f10x_md.o(.text)
    __use_two_region_memory                  0x080001c9   Thumb Code     2  heapauxi.o(.text)
    __rt_heap_escrow$2region                 0x080001cb   Thumb Code     2  heapauxi.o(.text)
    __rt_heap_expand$2region                 0x080001cd   Thumb Code     2  heapauxi.o(.text)
    __user_setup_stackheap                   0x080001cf   Thumb Code    74  sys_stackheap_outer.o(.text)
    exit                                     0x08000219   Thumb Code    18  exit.o(.text)
    __user_libspace                          0x0800022d   Thumb Code     8  libspace.o(.text)
    __user_perproc_libspace                  0x0800022d   Thumb Code     0  libspace.o(.text)
    __user_perthread_libspace                0x0800022d   Thumb Code     0  libspace.o(.text)
    _sys_exit                                0x08000235   Thumb Code     8  sys_exit.o(.text)
    __I$use$semihosting                      0x08000241   Thumb Code     0  use_no_semi.o(.text)
    __use_no_semihosting_swi                 0x08000241   Thumb Code     2  use_no_semi.o(.text)
    ADC_Cmd                                  0x08000243   Thumb Code    22  stm32f10x_adc.o(i.ADC_Cmd)
    __semihosting_library_function           0x08000243   Thumb Code     0  indicate_semi.o(.text)
    ADC_DMACmd                               0x08000259   Thumb Code    22  stm32f10x_adc.o(i.ADC_DMACmd)
    ADC_GetCalibrationStatus                 0x0800026f   Thumb Code    20  stm32f10x_adc.o(i.ADC_GetCalibrationStatus)
    ADC_GetResetCalibrationStatus            0x08000283   Thumb Code    20  stm32f10x_adc.o(i.ADC_GetResetCalibrationStatus)
    ADC_Init                                 0x08000299   Thumb Code    70  stm32f10x_adc.o(i.ADC_Init)
    ADC_RegularChannelConfig                 0x080002e9   Thumb Code   184  stm32f10x_adc.o(i.ADC_RegularChannelConfig)
    ADC_ResetCalibration                     0x080003a1   Thumb Code    10  stm32f10x_adc.o(i.ADC_ResetCalibration)
    ADC_SoftwareStartConvCmd                 0x080003ab   Thumb Code    22  stm32f10x_adc.o(i.ADC_SoftwareStartConvCmd)
    ADC_StartCalibration                     0x080003c1   Thumb Code    10  stm32f10x_adc.o(i.ADC_StartCalibration)
    ADC_StructInit                           0x080003cb   Thumb Code    18  stm32f10x_adc.o(i.ADC_StructInit)
    BusFault_Handler                         0x080003dd   Thumb Code     4  stm32f10x_it.o(i.BusFault_Handler)
    DMA1_Channel2_IRQHandler                 0x080003e1   Thumb Code    24  main.o(i.DMA1_Channel2_IRQHandler)
    DMA_ClearITPendingBit                    0x080003f9   Thumb Code    18  stm32f10x_dma.o(i.DMA_ClearITPendingBit)
    DMA_Cmd                                  0x08000415   Thumb Code    24  stm32f10x_dma.o(i.DMA_Cmd)
    DMA_DeInit                               0x0800042d   Thumb Code   324  stm32f10x_dma.o(i.DMA_DeInit)
    DMA_GetITStatus                          0x08000579   Thumb Code    36  stm32f10x_dma.o(i.DMA_GetITStatus)
    DMA_ITConfig                             0x080005a5   Thumb Code    18  stm32f10x_dma.o(i.DMA_ITConfig)
    DMA_Init                                 0x080005b7   Thumb Code    60  stm32f10x_dma.o(i.DMA_Init)
    DMA_StructInit                           0x080005f3   Thumb Code    26  stm32f10x_dma.o(i.DMA_StructInit)
    DebugMon_Handler                         0x0800060d   Thumb Code     2  stm32f10x_it.o(i.DebugMon_Handler)
    Delay_ms                                 0x0800060f   Thumb Code    24  delay.o(i.Delay_ms)
    Delay_s                                  0x08000627   Thumb Code    24  delay.o(i.Delay_s)
    Delay_us                                 0x0800063f   Thumb Code    46  delay.o(i.Delay_us)
    EXTI15_10_IRQHandler                     0x0800066d   Thumb Code    26  main.o(i.EXTI15_10_IRQHandler)
    EXTI4_IRQHandler                         0x08000687   Thumb Code    24  main.o(i.EXTI4_IRQHandler)
    EXTI_ClearITPendingBit                   0x080006a1   Thumb Code     6  stm32f10x_exti.o(i.EXTI_ClearITPendingBit)
    EXTI_GetITStatus                         0x080006ad   Thumb Code    34  stm32f10x_exti.o(i.EXTI_GetITStatus)
    EXTI_Init                                0x080006d5   Thumb Code   142  stm32f10x_exti.o(i.EXTI_Init)
    EXTI_StructInit                          0x08000769   Thumb Code    16  stm32f10x_exti.o(i.EXTI_StructInit)
    GPIO_EXTILineConfig                      0x08000779   Thumb Code    60  stm32f10x_gpio.o(i.GPIO_EXTILineConfig)
    GPIO_Init                                0x080007b9   Thumb Code   278  stm32f10x_gpio.o(i.GPIO_Init)
    GPIO_ReadInputDataBit                    0x080008cf   Thumb Code    18  stm32f10x_gpio.o(i.GPIO_ReadInputDataBit)
    GPIO_SetBits                             0x080008e1   Thumb Code     4  stm32f10x_gpio.o(i.GPIO_SetBits)
    GPIO_StructInit                          0x080008e5   Thumb Code    16  stm32f10x_gpio.o(i.GPIO_StructInit)
    GPIO_WriteBit                            0x080008f5   Thumb Code    10  stm32f10x_gpio.o(i.GPIO_WriteBit)
    HardFault_Handler                        0x080008ff   Thumb Code     4  stm32f10x_it.o(i.HardFault_Handler)
    MemManage_Handler                        0x08000903   Thumb Code     4  stm32f10x_it.o(i.MemManage_Handler)
    MyADCAndDMA_Init                         0x08000909   Thumb Code   188  myadcanddma.o(i.MyADCAndDMA_Init)
    MyAirP_Init                              0x080009d1   Thumb Code    40  myairp.o(i.MyAirP_Init)
    MyAirP_SET                               0x080009fd   Thumb Code    14  myairp.o(i.MyAirP_SET)
    MyAirSReadCheck                          0x08000a11   Thumb Code    28  myairs.o(i.MyAirSReadCheck)
    MyAirS_Count_ReadInterval_Save           0x08000a31   Thumb Code    50  myairs.o(i.MyAirS_Count_ReadInterval_Save)
    MyAirS_Count_ReadInterval_Start          0x08000a75   Thumb Code    20  myairs.o(i.MyAirS_Count_ReadInterval_Start)
    MyAirS_Count_TIM3ARer                    0x08000a95   Thumb Code    20  myairs.o(i.MyAirS_Count_TIM3ARer)
    MyAirS_DataTranslate                     0x08000ab1   Thumb Code   138  myairs.o(i.MyAirS_DataTranslate)
    MyAirS_Init                              0x08000b4d   Thumb Code   102  myairs.o(i.MyAirS_Init)
    MyAirS_ReadCheckTimer                    0x08000bc1   Thumb Code    44  myairs.o(i.MyAirS_ReadCheckTimer)
    MyAirS_ReadFailed                        0x08000bf5   Thumb Code     8  myairs.o(i.MyAirS_ReadFailed)
    MyAirS_ReadSucced                        0x08000bfd   Thumb Code     8  myairs.o(i.MyAirS_ReadSucced)
    MyAirS_ReaderSM                          0x08000c05   Thumb Code   250  myairs.o(i.MyAirS_ReaderSM)
    MyAirS_ReaderSM_PrePrepare               0x08000d19   Thumb Code    14  myairs.o(i.MyAirS_ReaderSM_PrePrepare)
    MyAirS_Reset                             0x08000d2d   Thumb Code    22  myairs.o(i.MyAirS_Reset)
    MyAirS_SetEXTITrigFalling                0x08000d51   Thumb Code    16  myairs.o(i.MyAirS_SetEXTITrigFalling)
    MyAirS_SetEXTITrigRising                 0x08000d65   Thumb Code    16  myairs.o(i.MyAirS_SetEXTITrigRising)
    MyAirS_SetMode_Read                      0x08000d79   Thumb Code    28  myairs.o(i.MyAirS_SetMode_Read)
    MyAirS_SetMode_Write                     0x08000da1   Thumb Code    28  myairs.o(i.MyAirS_SetMode_Write)
    MyAirS_SwitchOn                          0x08000dc9   Thumb Code    36  myairs.o(i.MyAirS_SwitchOn)
    MyAirS_WriterSM                          0x08000dfd   Thumb Code   106  myairs.o(i.MyAirS_WriterSM)
    MyAquariumL_Init                         0x08000e7d   Thumb Code    88  myaquariuml.o(i.MyAquariumL_Init)
    MyArray_GetAverage_uint16_t              0x08000ee1   Thumb Code    52  array.o(i.MyArray_GetAverage_uint16_t)
    MyArray_TailAdd_uint16_t                 0x08000f15   Thumb Code    34  array.o(i.MyArray_TailAdd_uint16_t)
    MyFeeder_Init                            0x08000f39   Thumb Code    94  myfeeder.o(i.MyFeeder_Init)
    MyIlluminationS_Init                     0x08000fa5   Thumb Code    48  myilluminations.o(i.MyIlluminationS_Init)
    MyPlantGL_Init                           0x08000fdd   Thumb Code    88  myplantgl.o(i.MyPlantGL_Init)
    MySoilMS_Init                            0x08001041   Thumb Code    48  mysoilms.o(i.MySoilMS_Init)
    MyTIM1_Init                              0x08001079   Thumb Code   118  mytim.o(i.MyTIM1_Init)
    MyTIM2_Init                              0x080010f5   Thumb Code   122  mytim.o(i.MyTIM2_Init)
    MyTIM3_DIVx                              0x08001171   Thumb Code    36  mytim.o(i.MyTIM3_DIVx)
    MyTIM3_DIVy                              0x08001199   Thumb Code    32  mytim.o(i.MyTIM3_DIVy)
    MyTIM3_Init                              0x080011bd   Thumb Code   110  mytim.o(i.MyTIM3_Init)
    MyTIM4_Init                              0x08001231   Thumb Code   110  mytim.o(i.MyTIM4_Init)
    MyTIMx_ENABLECmd                         0x080012a5   Thumb Code    14  mytim.o(i.MyTIMx_ENABLECmd)
    MyTest_PB5_Init                          0x080012b5   Thumb Code    34  mytest.o(i.MyTest_PB5_Init)
    MyTest_PB5_WriteSET                      0x080012dd   Thumb Code    14  mytest.o(i.MyTest_PB5_WriteSET)
    MyWaterH_Init                            0x080012f1   Thumb Code    40  mywaterh.o(i.MyWaterH_Init)
    MyWaterH_SET                             0x0800131d   Thumb Code    14  mywaterh.o(i.MyWaterH_SET)
    MyWaterP_Init                            0x08001331   Thumb Code    94  mywaterp.o(i.MyWaterP_Init)
    MyWaterQS_Init                           0x0800139d   Thumb Code    48  mywaterqs.o(i.MyWaterQS_Init)
    MyWaterSS_CollectEchoSpan                0x080013d5   Thumb Code    64  mywaterss.o(i.MyWaterSS_CollectEchoSpan)
    MyWaterSS_EchoCtrlerSM                   0x08001429   Thumb Code    86  mywaterss.o(i.MyWaterSS_EchoCtrlerSM)
    MyWaterSS_Echo_Init                      0x08001495   Thumb Code   108  mywaterss.o(i.MyWaterSS_Echo_Init)
    MyWaterSS_GetResult_mm                   0x08001509   Thumb Code    40  mywaterss.o(i.MyWaterSS_GetResult_mm)
    MyWaterSS_SetEXITTrig                    0x0800153d   Thumb Code    14  mywaterss.o(i.MyWaterSS_SetEXITTrig)
    MyWaterSS_TrigCtrler                     0x08001551   Thumb Code    48  mywaterss.o(i.MyWaterSS_TrigCtrler)
    MyWaterSS_TrigCtrlerSwitchOn             0x08001589   Thumb Code    12  mywaterss.o(i.MyWaterSS_TrigCtrlerSwitchOn)
    MyWaterSS_TrigRESETer                    0x0800159d   Thumb Code    34  mywaterss.o(i.MyWaterSS_TrigRESETer)
    MyWaterSS_TrigSETer                      0x080015cd   Thumb Code    28  mywaterss.o(i.MyWaterSS_TrigSETer)
    MyWaterSS_Trig_Init                      0x080015f1   Thumb Code    48  mywaterss.o(i.MyWaterSS_Trig_Init)
    MyWaterTS_Init                           0x08001625   Thumb Code    32  mywaterts.o(i.MyWaterTS_Init)
    MyWaterTS_TaskSM                         0x080016b1   Thumb Code   772  mywaterts.o(i.MyWaterTS_TaskSM)
    MyWaterTS_TaskSM_TurnOn                  0x080019fd   Thumb Code    50  mywaterts.o(i.MyWaterTS_TaskSM_TurnOn)
    MyWaterTS_TaskSuccedCheckTimer           0x08001a59   Thumb Code    54  mywaterts.o(i.MyWaterTS_TaskSuccedCheckTimer)
    NMI_Handler                              0x08001ac9   Thumb Code     2  stm32f10x_it.o(i.NMI_Handler)
    NVIC_Init                                0x08001acd   Thumb Code   100  misc.o(i.NVIC_Init)
    NVIC_PriorityGroupConfig                 0x08001b3d   Thumb Code    10  misc.o(i.NVIC_PriorityGroupConfig)
    OLED_Clear                               0x08001b51   Thumb Code    42  oled.o(i.OLED_Clear)
    OLED_I2C_Init                            0x08001b7d   Thumb Code    76  oled.o(i.OLED_I2C_Init)
    OLED_I2C_SendByte                        0x08001bcd   Thumb Code    80  oled.o(i.OLED_I2C_SendByte)
    OLED_I2C_Start                           0x08001c21   Thumb Code    48  oled.o(i.OLED_I2C_Start)
    OLED_I2C_Stop                            0x08001c55   Thumb Code    36  oled.o(i.OLED_I2C_Stop)
    OLED_Init                                0x08001c7d   Thumb Code   174  oled.o(i.OLED_Init)
    OLED_Pow                                 0x08001d2b   Thumb Code    20  oled.o(i.OLED_Pow)
    OLED_SetCursor                           0x08001d3f   Thumb Code    34  oled.o(i.OLED_SetCursor)
    OLED_ShowChar                            0x08001d61   Thumb Code   110  oled.o(i.OLED_ShowChar)
    OLED_ShowNum                             0x08001dd5   Thumb Code    68  oled.o(i.OLED_ShowNum)
    OLED_WriteCommand                        0x08001e19   Thumb Code    32  oled.o(i.OLED_WriteCommand)
    OLED_WriteData                           0x08001e39   Thumb Code    32  oled.o(i.OLED_WriteData)
    PendSV_Handler                           0x08001e59   Thumb Code     2  stm32f10x_it.o(i.PendSV_Handler)
    RCC_ADCCLKConfig                         0x08001e5d   Thumb Code    18  stm32f10x_rcc.o(i.RCC_ADCCLKConfig)
    RCC_AHBPeriphClockCmd                    0x08001e75   Thumb Code    26  stm32f10x_rcc.o(i.RCC_AHBPeriphClockCmd)
    RCC_APB1PeriphClockCmd                   0x08001e95   Thumb Code    26  stm32f10x_rcc.o(i.RCC_APB1PeriphClockCmd)
    RCC_APB2PeriphClockCmd                   0x08001eb5   Thumb Code    26  stm32f10x_rcc.o(i.RCC_APB2PeriphClockCmd)
    RCC_GetClocksFreq                        0x08001ed5   Thumb Code   192  stm32f10x_rcc.o(i.RCC_GetClocksFreq)
    SVC_Handler                              0x08001fa9   Thumb Code     2  stm32f10x_it.o(i.SVC_Handler)
    Serial3_Init_All                         0x08001fab   Thumb Code    30  esp8266.o(i.Serial3_Init_All)
    Serial3_Init_Com                         0x08001fc9   Thumb Code    68  esp8266.o(i.Serial3_Init_Com)
    Serial3_Init_Tx_DMA                      0x08002015   Thumb Code   126  esp8266.o(i.Serial3_Init_Tx_DMA)
    Serial3_Init_Tx_USART                    0x080020ad   Thumb Code    36  esp8266.o(i.Serial3_Init_Tx_USART)
    Serial3_SendByte                         0x080020d9   Thumb Code    28  esp8266.o(i.Serial3_SendByte)
    Serial_Auto_StateMachine                 0x080020f9   Thumb Code   142  myserial.o(i.Serial_Auto_StateMachine)
    Serial_Init                              0x0800218d   Thumb Code   196  myserial.o(i.Serial_Init)
    Serial_SendByte                          0x08002265   Thumb Code    30  myserial.o(i.Serial_SendByte)
    Serial_SendStringV2                      0x08002283   Thumb Code    26  myserial.o(i.Serial_SendStringV2)
    SysTick_Handler                          0x08002385   Thumb Code     2  stm32f10x_it.o(i.SysTick_Handler)
    SystemInit                               0x08002389   Thumb Code    78  system_stm32f10x.o(i.SystemInit)
    TIM1_UP_IRQHandler                       0x080023e9   Thumb Code    24  mytim.o(i.TIM1_UP_IRQHandler)
    TIM2_IRQHandler                          0x08002405   Thumb Code    36  mytim.o(i.TIM2_IRQHandler)
    TIM3_IRQHandler                          0x08002429   Thumb Code    50  mytim.o(i.TIM3_IRQHandler)
    TIM4_IRQHandler                          0x08002461   Thumb Code    24  mytim.o(i.TIM4_IRQHandler)
    TIM_ARRPreloadConfig                     0x0800247d   Thumb Code    24  stm32f10x_tim.o(i.TIM_ARRPreloadConfig)
    TIM_ClearFlag                            0x08002495   Thumb Code     6  stm32f10x_tim.o(i.TIM_ClearFlag)
    TIM_ClearITPendingBit                    0x0800249b   Thumb Code     6  stm32f10x_tim.o(i.TIM_ClearITPendingBit)
    TIM_Cmd                                  0x080024a1   Thumb Code    24  stm32f10x_tim.o(i.TIM_Cmd)
    TIM_CtrlPWMOutputs                       0x080024b9   Thumb Code    30  stm32f10x_tim.o(i.TIM_CtrlPWMOutputs)
    TIM_GetCounter                           0x080024d7   Thumb Code     6  stm32f10x_tim.o(i.TIM_GetCounter)
    TIM_GetITStatus                          0x080024dd   Thumb Code    34  stm32f10x_tim.o(i.TIM_GetITStatus)
    TIM_ITConfig                             0x080024ff   Thumb Code    18  stm32f10x_tim.o(i.TIM_ITConfig)
    TIM_InternalClockConfig                  0x08002511   Thumb Code    12  stm32f10x_tim.o(i.TIM_InternalClockConfig)
    TIM_OC1Init                              0x0800251d   Thumb Code   132  stm32f10x_tim.o(i.TIM_OC1Init)
    TIM_OC1PreloadConfig                     0x080025b5   Thumb Code    18  stm32f10x_tim.o(i.TIM_OC1PreloadConfig)
    TIM_OC2Init                              0x080025c9   Thumb Code   154  stm32f10x_tim.o(i.TIM_OC2Init)
    TIM_OC2PreloadConfig                     0x0800266d   Thumb Code    26  stm32f10x_tim.o(i.TIM_OC2PreloadConfig)
    TIM_OC3Init                              0x08002689   Thumb Code   150  stm32f10x_tim.o(i.TIM_OC3Init)
    TIM_OC3PreloadConfig                     0x08002729   Thumb Code    18  stm32f10x_tim.o(i.TIM_OC3PreloadConfig)
    TIM_OC4Init                              0x0800273d   Thumb Code   114  stm32f10x_tim.o(i.TIM_OC4Init)
    TIM_OC4PreloadConfig                     0x080027b9   Thumb Code    26  stm32f10x_tim.o(i.TIM_OC4PreloadConfig)
    TIM_OCStructInit                         0x080027d3   Thumb Code    20  stm32f10x_tim.o(i.TIM_OCStructInit)
    TIM_TimeBaseInit                         0x080027e9   Thumb Code   122  stm32f10x_tim.o(i.TIM_TimeBaseInit)
    TIM_TimeBaseStructInit                   0x0800288d   Thumb Code    18  stm32f10x_tim.o(i.TIM_TimeBaseStructInit)
    USART2_IRQHandler                        0x080028a1   Thumb Code    40  myserial.o(i.USART2_IRQHandler)
    USART_Cmd                                0x080028d9   Thumb Code    24  stm32f10x_usart.o(i.USART_Cmd)
    USART_DMACmd                             0x080028f1   Thumb Code    18  stm32f10x_usart.o(i.USART_DMACmd)
    USART_GetFlagStatus                      0x08002903   Thumb Code    26  stm32f10x_usart.o(i.USART_GetFlagStatus)
    USART_GetITStatus                        0x0800291d   Thumb Code    84  stm32f10x_usart.o(i.USART_GetITStatus)
    USART_ITConfig                           0x08002971   Thumb Code    74  stm32f10x_usart.o(i.USART_ITConfig)
    USART_Init                               0x080029bd   Thumb Code   210  stm32f10x_usart.o(i.USART_Init)
    USART_ReceiveData                        0x08002a95   Thumb Code    10  stm32f10x_usart.o(i.USART_ReceiveData)
    USART_SendData                           0x08002a9f   Thumb Code     8  stm32f10x_usart.o(i.USART_SendData)
    USART_StructInit                         0x08002aa7   Thumb Code    24  stm32f10x_usart.o(i.USART_StructInit)
    UsageFault_Handler                       0x08002abf   Thumb Code     4  stm32f10x_it.o(i.UsageFault_Handler)
    main                                     0x08002ac5   Thumb Code   640  main.o(i.main)
    __aeabi_d2uiz                            0x08002d79   Thumb Code     0  dfixu.o(x$fpl$dfixu)
    _dfixu                                   0x08002d79   Thumb Code    90  dfixu.o(x$fpl$dfixu)
    __aeabi_dmul                             0x08002dd5   Thumb Code     0  dmul.o(x$fpl$dmul)
    _dmul                                    0x08002dd5   Thumb Code   332  dmul.o(x$fpl$dmul)
    __fpl_dnaninf                            0x08002f29   Thumb Code   156  dnaninf.o(x$fpl$dnaninf)
    __fpl_dretinf                            0x08002fc5   Thumb Code    12  dretinf.o(x$fpl$dretinf)
    __aeabi_f2d                              0x08002fd1   Thumb Code     0  f2d.o(x$fpl$f2d)
    _f2d                                     0x08002fd1   Thumb Code    86  f2d.o(x$fpl$f2d)
    __aeabi_fdiv                             0x08003029   Thumb Code     0  fdiv.o(x$fpl$fdiv)
    _fdiv                                    0x08003029   Thumb Code   384  fdiv.o(x$fpl$fdiv)
    __aeabi_f2uiz                            0x080031ad   Thumb Code     0  ffixu.o(x$fpl$ffixu)
    _ffixu                                   0x080031ad   Thumb Code    62  ffixu.o(x$fpl$ffixu)
    __aeabi_ui2f                             0x080031ed   Thumb Code     0  fflt_clz.o(x$fpl$ffltu)
    _ffltu                                   0x080031ed   Thumb Code    38  fflt_clz.o(x$fpl$ffltu)
    __fpl_fnaninf                            0x08003213   Thumb Code   140  fnaninf.o(x$fpl$fnaninf)
    __fpl_fretinf                            0x0800329f   Thumb Code    10  fretinf.o(x$fpl$fretinf)
    OLED_F8x16                               0x080032a8   Data        1520  oled.o(.constdata)
    __I$use$fp                               0x080032a8   Number         0  usenofp.o(x$fpl$usenofp)
    Region$$Table$$Base                      0x08003924   Number         0  anon$$obj.o(Region$$Table)
    Region$$Table$$Limit                     0x08003944   Number         0  anon$$obj.o(Region$$Table)
    MyTIM_1UpCount                           0x20000014   Data           4  mytim.o(.data)
    MyTIM_2Count                             0x20000018   Data           4  mytim.o(.data)
    MyTIM_3Count                             0x2000001c   Data           4  mytim.o(.data)
    MyTIM_4Count                             0x20000020   Data           4  mytim.o(.data)
    Serial_RxFlag                            0x20000028   Data           4  myserial.o(.data)
    StateMachine_s3                          0x2000002c   Data           1  myserial.o(.data)
    StateMachine_count3                      0x2000002d   Data           1  myserial.o(.data)
    StateMachine_s2                          0x2000002e   Data           1  myserial.o(.data)
    StateMachine_count2                      0x2000002f   Data           1  myserial.o(.data)
    tx3_tc_flag                              0x20000030   Data           1  esp8266.o(.data)
    tc_count                                 0x20000032   Data           2  esp8266.o(.data)
    tst_num1                                 0x20000034   Data           2  esp8266.o(.data)
    GPIO_IS_Tx                               0x20000036   Data           4  esp8266.o(.data)
    GPIO_IS_Rx                               0x2000003a   Data           4  esp8266.o(.data)
    NVIC_IS_Tx                               0x2000003e   Data           4  esp8266.o(.data)
    NVIC_IS_Rx                               0x20000042   Data           4  esp8266.o(.data)
    MyWaterTS_ReadPacket_16Bit_Temp          0x2000005e   Data           2  mywaterts.o(.data)
    MyWaterTS_Result_12Bit_H7Bit             0x20000060   Data           2  mywaterts.o(.data)
    MyWaterTS_Result_12Bit_L4Bit             0x20000062   Data           2  mywaterts.o(.data)
    MyAirS_Flag_TIM3ARCounter_On             0x20000074   Data           1  myairs.o(.data)
    MyAirS_Count_TIM3AR                      0x20000078   Data           4  myairs.o(.data)
    MyAirS_Flag_ReadCheckTimer_On            0x2000007c   Data           1  myairs.o(.data)
    MyAirS_Flag_WriterSM_On                  0x2000007d   Data           1  myairs.o(.data)
    MyAirS_State_WriterSM                    0x2000007e   Data           1  myairs.o(.data)
    MyAirS_Count_WriterSM                    0x20000080   Data           4  myairs.o(.data)
    MyAirS_DataArr                           0x20000084   Data           3  myairs.o(.data)
    MyAirS_State_ReaderSM                    0x20000087   Data           1  myairs.o(.data)
    MyAirS_Count_ReadInterval                0x20000088   Data           4  myairs.o(.data)
    MyAirS_Count_ReadIntervalStart           0x2000008c   Data           4  myairs.o(.data)
    MyAirS_Flag_ReadSucced                   0x20000090   Data           1  myairs.o(.data)
    MyAirS_Count_ReadBit                     0x20000091   Data           1  myairs.o(.data)
    AirT                                     0x20000092   Data           1  myairs.o(.data)
    AirH                                     0x20000093   Data           1  myairs.o(.data)
    EXTI_InitStruct                          0x20000098   Data           8  mywaterss.o(.data)
    MyWaterSS_TrigCtrler_Ctrl                0x200000a0   Data           1  mywaterss.o(.data)
    MyWaterSS_TrigSETer_Ctrl                 0x200000a1   Data           1  mywaterss.o(.data)
    MyWaterSS_EchoCtrlerSM_Ctrl              0x200000a2   Data           1  mywaterss.o(.data)
    MyWaterSS_EchoCtrlerSM_State             0x200000a3   Data           1  mywaterss.o(.data)
    MyWaterSS_CountEchoSpan                  0x200000a4   Data           4  mywaterss.o(.data)
    MyWaterSS_CountEchoSpanFiltered          0x200000a8   Data           2  mywaterss.o(.data)
    WaterSD                                  0x200000aa   Data           2  mywaterss.o(.data)
    WaterPVR                                 0x200000bc   Data           4  mywaterp.o(.data)
    AquariumLVR                              0x200000c0   Data           4  myaquariuml.o(.data)
    PlantGLVR                                0x200000c4   Data           4  myplantgl.o(.data)
    MyADCAndDMA_Result                       0x200000c8   Data           8  myadcanddma.o(.data)
    Serial_Rx3StringPacket                   0x200000e0   Data         244  myserial.o(.bss)
    Serial_Rx2StringPacket                   0x200001d4   Data         244  myserial.o(.bss)
    tx3_buf                                  0x200002c8   Data         512  esp8266.o(.bss)
    rx3_buf                                  0x200004c8   Data         512  esp8266.o(.bss)
    USART_IS                                 0x200006c8   Data          16  esp8266.o(.bss)
    DMA_IS_Tx                                0x200006d8   Data          44  esp8266.o(.bss)
    DMA_IS_Rx                                0x20000704   Data          44  esp8266.o(.bss)
    MyAirS_BitsArr                           0x20000778   Data          40  myairs.o(.bss)
    __libspace_start                         0x200007e0   Data          96  libspace.o(.bss)
    __temporary_stack_top$libspace           0x20000840   Data           0  libspace.o(.bss)



==============================================================================

Memory Map of the image

  Image Entry point : 0x080000ed

  Load Region LR_IROM1 (Base: 0x08000000, Size: 0x00003a14, Max: 0x00010000, ABSOLUTE)

    Execution Region ER_IROM1 (Exec base: 0x08000000, Load base: 0x08000000, Size: 0x00003944, Max: 0x00010000, ABSOLUTE)

    Exec Addr    Load Addr    Size         Type   Attr      Idx    E Section Name        Object

    0x08000000   0x08000000   0x000000ec   Data   RO           19    RESET               startup_stm32f10x_md.o
    0x080000ec   0x080000ec   0x00000008   Code   RO         4460  * !!!main             c_w.l(__main.o)
    0x080000f4   0x080000f4   0x00000034   Code   RO         4659    !!!scatter          c_w.l(__scatter.o)
    0x08000128   0x08000128   0x0000001a   Code   RO         4661    !!handler_copy      c_w.l(__scatter_copy.o)
    0x08000142   0x08000142   0x00000002   PAD
    0x08000144   0x08000144   0x0000001c   Code   RO         4663    !!handler_zi        c_w.l(__scatter_zi.o)
    0x08000160   0x08000160   0x00000002   Code   RO         4529    .ARM.Collect$$libinit$$00000000  c_w.l(libinit.o)
    0x08000162   0x08000162   0x00000000   Code   RO         4536    .ARM.Collect$$libinit$$00000002  c_w.l(libinit2.o)
    0x08000162   0x08000162   0x00000000   Code   RO         4538    .ARM.Collect$$libinit$$00000004  c_w.l(libinit2.o)
    0x08000162   0x08000162   0x00000000   Code   RO         4541    .ARM.Collect$$libinit$$0000000A  c_w.l(libinit2.o)
    0x08000162   0x08000162   0x00000000   Code   RO         4543    .ARM.Collect$$libinit$$0000000C  c_w.l(libinit2.o)
    0x08000162   0x08000162   0x00000000   Code   RO         4545    .ARM.Collect$$libinit$$0000000E  c_w.l(libinit2.o)
    0x08000162   0x08000162   0x00000000   Code   RO         4548    .ARM.Collect$$libinit$$00000011  c_w.l(libinit2.o)
    0x08000162   0x08000162   0x00000000   Code   RO         4550    .ARM.Collect$$libinit$$00000013  c_w.l(libinit2.o)
    0x08000162   0x08000162   0x00000000   Code   RO         4552    .ARM.Collect$$libinit$$00000015  c_w.l(libinit2.o)
    0x08000162   0x08000162   0x00000000   Code   RO         4554    .ARM.Collect$$libinit$$00000017  c_w.l(libinit2.o)
    0x08000162   0x08000162   0x00000000   Code   RO         4556    .ARM.Collect$$libinit$$00000019  c_w.l(libinit2.o)
    0x08000162   0x08000162   0x00000000   Code   RO         4558    .ARM.Collect$$libinit$$0000001B  c_w.l(libinit2.o)
    0x08000162   0x08000162   0x00000000   Code   RO         4560    .ARM.Collect$$libinit$$0000001D  c_w.l(libinit2.o)
    0x08000162   0x08000162   0x00000000   Code   RO         4562    .ARM.Collect$$libinit$$0000001F  c_w.l(libinit2.o)
    0x08000162   0x08000162   0x00000000   Code   RO         4564    .ARM.Collect$$libinit$$00000021  c_w.l(libinit2.o)
    0x08000162   0x08000162   0x00000000   Code   RO         4566    .ARM.Collect$$libinit$$00000023  c_w.l(libinit2.o)
    0x08000162   0x08000162   0x00000000   Code   RO         4568    .ARM.Collect$$libinit$$00000025  c_w.l(libinit2.o)
    0x08000162   0x08000162   0x00000000   Code   RO         4572    .ARM.Collect$$libinit$$0000002C  c_w.l(libinit2.o)
    0x08000162   0x08000162   0x00000000   Code   RO         4574    .ARM.Collect$$libinit$$0000002E  c_w.l(libinit2.o)
    0x08000162   0x08000162   0x00000000   Code   RO         4576    .ARM.Collect$$libinit$$00000030  c_w.l(libinit2.o)
    0x08000162   0x08000162   0x00000000   Code   RO         4578    .ARM.Collect$$libinit$$00000032  c_w.l(libinit2.o)
    0x08000162   0x08000162   0x00000002   Code   RO         4579    .ARM.Collect$$libinit$$00000033  c_w.l(libinit2.o)
    0x08000164   0x08000164   0x00000002   Code   RO         4599    .ARM.Collect$$libshutdown$$00000000  c_w.l(libshutdown.o)
    0x08000166   0x08000166   0x00000000   Code   RO         4612    .ARM.Collect$$libshutdown$$00000002  c_w.l(libshutdown2.o)
    0x08000166   0x08000166   0x00000000   Code   RO         4614    .ARM.Collect$$libshutdown$$00000004  c_w.l(libshutdown2.o)
    0x08000166   0x08000166   0x00000000   Code   RO         4617    .ARM.Collect$$libshutdown$$00000007  c_w.l(libshutdown2.o)
    0x08000166   0x08000166   0x00000000   Code   RO         4620    .ARM.Collect$$libshutdown$$0000000A  c_w.l(libshutdown2.o)
    0x08000166   0x08000166   0x00000000   Code   RO         4622    .ARM.Collect$$libshutdown$$0000000C  c_w.l(libshutdown2.o)
    0x08000166   0x08000166   0x00000000   Code   RO         4625    .ARM.Collect$$libshutdown$$0000000F  c_w.l(libshutdown2.o)
    0x08000166   0x08000166   0x00000002   Code   RO         4626    .ARM.Collect$$libshutdown$$00000010  c_w.l(libshutdown2.o)
    0x08000168   0x08000168   0x00000000   Code   RO         4484    .ARM.Collect$$rtentry$$00000000  c_w.l(__rtentry.o)
    0x08000168   0x08000168   0x00000000   Code   RO         4504    .ARM.Collect$$rtentry$$00000002  c_w.l(__rtentry2.o)
    0x08000168   0x08000168   0x00000006   Code   RO         4516    .ARM.Collect$$rtentry$$00000004  c_w.l(__rtentry4.o)
    0x0800016e   0x0800016e   0x00000000   Code   RO         4506    .ARM.Collect$$rtentry$$00000009  c_w.l(__rtentry2.o)
    0x0800016e   0x0800016e   0x00000004   Code   RO         4507    .ARM.Collect$$rtentry$$0000000A  c_w.l(__rtentry2.o)
    0x08000172   0x08000172   0x00000000   Code   RO         4509    .ARM.Collect$$rtentry$$0000000C  c_w.l(__rtentry2.o)
    0x08000172   0x08000172   0x00000008   Code   RO         4510    .ARM.Collect$$rtentry$$0000000D  c_w.l(__rtentry2.o)
    0x0800017a   0x0800017a   0x00000002   Code   RO         4533    .ARM.Collect$$rtexit$$00000000  c_w.l(rtexit.o)
    0x0800017c   0x0800017c   0x00000000   Code   RO         4581    .ARM.Collect$$rtexit$$00000002  c_w.l(rtexit2.o)
    0x0800017c   0x0800017c   0x00000004   Code   RO         4582    .ARM.Collect$$rtexit$$00000003  c_w.l(rtexit2.o)
    0x08000180   0x08000180   0x00000006   Code   RO         4583    .ARM.Collect$$rtexit$$00000004  c_w.l(rtexit2.o)
    0x08000186   0x08000186   0x00000002   PAD
    0x08000188   0x08000188   0x00000040   Code   RO           20    .text               startup_stm32f10x_md.o
    0x080001c8   0x080001c8   0x00000006   Code   RO         4458    .text               c_w.l(heapauxi.o)
    0x080001ce   0x080001ce   0x0000004a   Code   RO         4520    .text               c_w.l(sys_stackheap_outer.o)
    0x08000218   0x08000218   0x00000012   Code   RO         4522    .text               c_w.l(exit.o)
    0x0800022a   0x0800022a   0x00000002   PAD
    0x0800022c   0x0800022c   0x00000008   Code   RO         4530    .text               c_w.l(libspace.o)
    0x08000234   0x08000234   0x0000000c   Code   RO         4591    .text               c_w.l(sys_exit.o)
    0x08000240   0x08000240   0x00000002   Code   RO         4602    .text               c_w.l(use_no_semi.o)
    0x08000242   0x08000242   0x00000000   Code   RO         4604    .text               c_w.l(indicate_semi.o)
    0x08000242   0x08000242   0x00000016   Code   RO          202    i.ADC_Cmd           stm32f10x_adc.o
    0x08000258   0x08000258   0x00000016   Code   RO          203    i.ADC_DMACmd        stm32f10x_adc.o
    0x0800026e   0x0800026e   0x00000014   Code   RO          210    i.ADC_GetCalibrationStatus  stm32f10x_adc.o
    0x08000282   0x08000282   0x00000014   Code   RO          216    i.ADC_GetResetCalibrationStatus  stm32f10x_adc.o
    0x08000296   0x08000296   0x00000002   PAD
    0x08000298   0x08000298   0x00000050   Code   RO          220    i.ADC_Init          stm32f10x_adc.o
    0x080002e8   0x080002e8   0x000000b8   Code   RO          224    i.ADC_RegularChannelConfig  stm32f10x_adc.o
    0x080003a0   0x080003a0   0x0000000a   Code   RO          225    i.ADC_ResetCalibration  stm32f10x_adc.o
    0x080003aa   0x080003aa   0x00000016   Code   RO          227    i.ADC_SoftwareStartConvCmd  stm32f10x_adc.o
    0x080003c0   0x080003c0   0x0000000a   Code   RO          229    i.ADC_StartCalibration  stm32f10x_adc.o
    0x080003ca   0x080003ca   0x00000012   Code   RO          230    i.ADC_StructInit    stm32f10x_adc.o
    0x080003dc   0x080003dc   0x00000004   Code   RO         4359    i.BusFault_Handler  stm32f10x_it.o
    0x080003e0   0x080003e0   0x00000018   Code   RO         4323    i.DMA1_Channel2_IRQHandler  main.o
    0x080003f8   0x080003f8   0x0000001c   Code   RO          910    i.DMA_ClearITPendingBit  stm32f10x_dma.o
    0x08000414   0x08000414   0x00000018   Code   RO          911    i.DMA_Cmd           stm32f10x_dma.o
    0x0800042c   0x0800042c   0x0000014c   Code   RO          912    i.DMA_DeInit        stm32f10x_dma.o
    0x08000578   0x08000578   0x0000002c   Code   RO          915    i.DMA_GetITStatus   stm32f10x_dma.o
    0x080005a4   0x080005a4   0x00000012   Code   RO          916    i.DMA_ITConfig      stm32f10x_dma.o
    0x080005b6   0x080005b6   0x0000003c   Code   RO          917    i.DMA_Init          stm32f10x_dma.o
    0x080005f2   0x080005f2   0x0000001a   Code   RO          919    i.DMA_StructInit    stm32f10x_dma.o
    0x0800060c   0x0800060c   0x00000002   Code   RO         4360    i.DebugMon_Handler  stm32f10x_it.o
    0x0800060e   0x0800060e   0x00000018   Code   RO         3196    i.Delay_ms          delay.o
    0x08000626   0x08000626   0x00000018   Code   RO         3197    i.Delay_s           delay.o
    0x0800063e   0x0800063e   0x0000002e   Code   RO         3198    i.Delay_us          delay.o
    0x0800066c   0x0800066c   0x0000001a   Code   RO         4324    i.EXTI15_10_IRQHandler  main.o
    0x08000686   0x08000686   0x00000018   Code   RO         4325    i.EXTI4_IRQHandler  main.o
    0x0800069e   0x0800069e   0x00000002   PAD
    0x080006a0   0x080006a0   0x0000000c   Code   RO          985    i.EXTI_ClearITPendingBit  stm32f10x_exti.o
    0x080006ac   0x080006ac   0x00000028   Code   RO          989    i.EXTI_GetITStatus  stm32f10x_exti.o
    0x080006d4   0x080006d4   0x00000094   Code   RO          990    i.EXTI_Init         stm32f10x_exti.o
    0x08000768   0x08000768   0x00000010   Code   RO          991    i.EXTI_StructInit   stm32f10x_exti.o
    0x08000778   0x08000778   0x00000040   Code   RO         1344    i.GPIO_EXTILineConfig  stm32f10x_gpio.o
    0x080007b8   0x080007b8   0x00000116   Code   RO         1347    i.GPIO_Init         stm32f10x_gpio.o
    0x080008ce   0x080008ce   0x00000012   Code   RO         1351    i.GPIO_ReadInputDataBit  stm32f10x_gpio.o
    0x080008e0   0x080008e0   0x00000004   Code   RO         1355    i.GPIO_SetBits      stm32f10x_gpio.o
    0x080008e4   0x080008e4   0x00000010   Code   RO         1356    i.GPIO_StructInit   stm32f10x_gpio.o
    0x080008f4   0x080008f4   0x0000000a   Code   RO         1358    i.GPIO_WriteBit     stm32f10x_gpio.o
    0x080008fe   0x080008fe   0x00000004   Code   RO         4361    i.HardFault_Handler  stm32f10x_it.o
    0x08000902   0x08000902   0x00000004   Code   RO         4362    i.MemManage_Handler  stm32f10x_it.o
    0x08000906   0x08000906   0x00000002   PAD
    0x08000908   0x08000908   0x000000c8   Code   RO         4164    i.MyADCAndDMA_Init  myadcanddma.o
    0x080009d0   0x080009d0   0x0000002c   Code   RO         4229    i.MyAirP_Init       myairp.o
    0x080009fc   0x080009fc   0x00000014   Code   RO         4231    i.MyAirP_SET        myairp.o
    0x08000a10   0x08000a10   0x00000020   Code   RO         3800    i.MyAirSReadCheck   myairs.o
    0x08000a30   0x08000a30   0x00000044   Code   RO         3801    i.MyAirS_Count_ReadInterval_Save  myairs.o
    0x08000a74   0x08000a74   0x00000020   Code   RO         3802    i.MyAirS_Count_ReadInterval_Start  myairs.o
    0x08000a94   0x08000a94   0x0000001c   Code   RO         3803    i.MyAirS_Count_TIM3ARer  myairs.o
    0x08000ab0   0x08000ab0   0x0000009c   Code   RO         3804    i.MyAirS_DataTranslate  myairs.o
    0x08000b4c   0x08000b4c   0x00000074   Code   RO         3806    i.MyAirS_Init       myairs.o
    0x08000bc0   0x08000bc0   0x00000034   Code   RO         3808    i.MyAirS_ReadCheckTimer  myairs.o
    0x08000bf4   0x08000bf4   0x00000008   Code   RO         3809    i.MyAirS_ReadFailed  myairs.o
    0x08000bfc   0x08000bfc   0x00000008   Code   RO         3810    i.MyAirS_ReadSucced  myairs.o
    0x08000c04   0x08000c04   0x00000114   Code   RO         3811    i.MyAirS_ReaderSM   myairs.o
    0x08000d18   0x08000d18   0x00000014   Code   RO         3812    i.MyAirS_ReaderSM_PrePrepare  myairs.o
    0x08000d2c   0x08000d2c   0x00000024   Code   RO         3813    i.MyAirS_Reset      myairs.o
    0x08000d50   0x08000d50   0x00000014   Code   RO         3814    i.MyAirS_SetEXTITrigFalling  myairs.o
    0x08000d64   0x08000d64   0x00000014   Code   RO         3815    i.MyAirS_SetEXTITrigRising  myairs.o
    0x08000d78   0x08000d78   0x00000028   Code   RO         3816    i.MyAirS_SetMode_Read  myairs.o
    0x08000da0   0x08000da0   0x00000028   Code   RO         3817    i.MyAirS_SetMode_Write  myairs.o
    0x08000dc8   0x08000dc8   0x00000034   Code   RO         3820    i.MyAirS_SwitchOn   myairs.o
    0x08000dfc   0x08000dfc   0x00000080   Code   RO         3821    i.MyAirS_WriterSM   myairs.o
    0x08000e7c   0x08000e7c   0x00000064   Code   RO         4102    i.MyAquariumL_Init  myaquariuml.o
    0x08000ee0   0x08000ee0   0x00000034   Code   RO         3224    i.MyArray_GetAverage_uint16_t  array.o
    0x08000f14   0x08000f14   0x00000022   Code   RO         3226    i.MyArray_TailAdd_uint16_t  array.o
    0x08000f36   0x08000f36   0x00000002   PAD
    0x08000f38   0x08000f38   0x0000006c   Code   RO         4028    i.MyFeeder_Init     myfeeder.o
    0x08000fa4   0x08000fa4   0x00000038   Code   RO         4212    i.MyIlluminationS_Init  myilluminations.o
    0x08000fdc   0x08000fdc   0x00000064   Code   RO         4133    i.MyPlantGL_Init    myplantgl.o
    0x08001040   0x08001040   0x00000038   Code   RO         4197    i.MySoilMS_Init     mysoilms.o
    0x08001078   0x08001078   0x0000007c   Code   RO         3283    i.MyTIM1_Init       mytim.o
    0x080010f4   0x080010f4   0x0000007a   Code   RO         3284    i.MyTIM2_Init       mytim.o
    0x0800116e   0x0800116e   0x00000002   PAD
    0x08001170   0x08001170   0x00000028   Code   RO         3285    i.MyTIM3_DIVx       mytim.o
    0x08001198   0x08001198   0x00000024   Code   RO         3286    i.MyTIM3_DIVy       mytim.o
    0x080011bc   0x080011bc   0x00000074   Code   RO         3287    i.MyTIM3_Init       mytim.o
    0x08001230   0x08001230   0x00000074   Code   RO         3288    i.MyTIM4_Init       mytim.o
    0x080012a4   0x080012a4   0x0000000e   Code   RO         3290    i.MyTIMx_ENABLECmd  mytim.o
    0x080012b2   0x080012b2   0x00000002   PAD
    0x080012b4   0x080012b4   0x00000028   Code   RO         3456    i.MyTest_PB5_Init   mytest.o
    0x080012dc   0x080012dc   0x00000014   Code   RO         3458    i.MyTest_PB5_WriteSET  mytest.o
    0x080012f0   0x080012f0   0x0000002c   Code   RO         4277    i.MyWaterH_Init     mywaterh.o
    0x0800131c   0x0800131c   0x00000014   Code   RO         4279    i.MyWaterH_SET      mywaterh.o
    0x08001330   0x08001330   0x0000006c   Code   RO         4071    i.MyWaterP_Init     mywaterp.o
    0x0800139c   0x0800139c   0x00000038   Code   RO         4182    i.MyWaterQS_Init    mywaterqs.o
    0x080013d4   0x080013d4   0x00000054   Code   RO         3949    i.MyWaterSS_CollectEchoSpan  mywaterss.o
    0x08001428   0x08001428   0x0000006c   Code   RO         3950    i.MyWaterSS_EchoCtrlerSM  mywaterss.o
    0x08001494   0x08001494   0x00000074   Code   RO         3951    i.MyWaterSS_Echo_Init  mywaterss.o
    0x08001508   0x08001508   0x00000034   Code   RO         3952    i.MyWaterSS_GetResult_mm  mywaterss.o
    0x0800153c   0x0800153c   0x00000014   Code   RO         3954    i.MyWaterSS_SetEXITTrig  mywaterss.o
    0x08001550   0x08001550   0x00000038   Code   RO         3955    i.MyWaterSS_TrigCtrler  mywaterss.o
    0x08001588   0x08001588   0x00000014   Code   RO         3956    i.MyWaterSS_TrigCtrlerSwitchOn  mywaterss.o
    0x0800159c   0x0800159c   0x00000030   Code   RO         3957    i.MyWaterSS_TrigRESETer  mywaterss.o
    0x080015cc   0x080015cc   0x00000024   Code   RO         3958    i.MyWaterSS_TrigSETer  mywaterss.o
    0x080015f0   0x080015f0   0x00000034   Code   RO         3959    i.MyWaterSS_Trig_Init  mywaterss.o
    0x08001624   0x08001624   0x00000028   Code   RO         3743    i.MyWaterTS_Init    mywaterts.o
    0x0800164c   0x0800164c   0x00000064   Code   RO         3744    i.MyWaterTS_ReadPacketConvert  mywaterts.o
    0x080016b0   0x080016b0   0x0000034c   Code   RO         3745    i.MyWaterTS_TaskSM  mywaterts.o
    0x080019fc   0x080019fc   0x0000005c   Code   RO         3746    i.MyWaterTS_TaskSM_TurnOn  mywaterts.o
    0x08001a58   0x08001a58   0x00000044   Code   RO         3747    i.MyWaterTS_TaskSuccedCheckTimer  mywaterts.o
    0x08001a9c   0x08001a9c   0x00000020   Code   RO         3748    i.MyWaterTS_TaskSuccedCkeck  mywaterts.o
    0x08001abc   0x08001abc   0x0000000c   Code   RO         3749    i.MyWaterTS_Task_Reset  mywaterts.o
    0x08001ac8   0x08001ac8   0x00000002   Code   RO         4363    i.NMI_Handler       stm32f10x_it.o
    0x08001aca   0x08001aca   0x00000002   PAD
    0x08001acc   0x08001acc   0x00000070   Code   RO          137    i.NVIC_Init         misc.o
    0x08001b3c   0x08001b3c   0x00000014   Code   RO          138    i.NVIC_PriorityGroupConfig  misc.o
    0x08001b50   0x08001b50   0x0000002a   Code   RO         3555    i.OLED_Clear        oled.o
    0x08001b7a   0x08001b7a   0x00000002   PAD
    0x08001b7c   0x08001b7c   0x00000050   Code   RO         3556    i.OLED_I2C_Init     oled.o
    0x08001bcc   0x08001bcc   0x00000054   Code   RO         3557    i.OLED_I2C_SendByte  oled.o
    0x08001c20   0x08001c20   0x00000034   Code   RO         3558    i.OLED_I2C_Start    oled.o
    0x08001c54   0x08001c54   0x00000028   Code   RO         3559    i.OLED_I2C_Stop     oled.o
    0x08001c7c   0x08001c7c   0x000000ae   Code   RO         3560    i.OLED_Init         oled.o
    0x08001d2a   0x08001d2a   0x00000014   Code   RO         3561    i.OLED_Pow          oled.o
    0x08001d3e   0x08001d3e   0x00000022   Code   RO         3563    i.OLED_SetCursor    oled.o
    0x08001d60   0x08001d60   0x00000074   Code   RO         3565    i.OLED_ShowChar     oled.o
    0x08001dd4   0x08001dd4   0x00000044   Code   RO         3567    i.OLED_ShowNum      oled.o
    0x08001e18   0x08001e18   0x00000020   Code   RO         3570    i.OLED_WriteCommand  oled.o
    0x08001e38   0x08001e38   0x00000020   Code   RO         3571    i.OLED_WriteData    oled.o
    0x08001e58   0x08001e58   0x00000002   Code   RO         4364    i.PendSV_Handler    stm32f10x_it.o
    0x08001e5a   0x08001e5a   0x00000002   PAD
    0x08001e5c   0x08001e5c   0x00000018   Code   RO         1773    i.RCC_ADCCLKConfig  stm32f10x_rcc.o
    0x08001e74   0x08001e74   0x00000020   Code   RO         1774    i.RCC_AHBPeriphClockCmd  stm32f10x_rcc.o
    0x08001e94   0x08001e94   0x00000020   Code   RO         1775    i.RCC_APB1PeriphClockCmd  stm32f10x_rcc.o
    0x08001eb4   0x08001eb4   0x00000020   Code   RO         1777    i.RCC_APB2PeriphClockCmd  stm32f10x_rcc.o
    0x08001ed4   0x08001ed4   0x000000d4   Code   RO         1785    i.RCC_GetClocksFreq  stm32f10x_rcc.o
    0x08001fa8   0x08001fa8   0x00000002   Code   RO         4365    i.SVC_Handler       stm32f10x_it.o
    0x08001faa   0x08001faa   0x0000001e   Code   RO         3669    i.Serial3_Init_All  esp8266.o
    0x08001fc8   0x08001fc8   0x0000004c   Code   RO         3670    i.Serial3_Init_Com  esp8266.o
    0x08002014   0x08002014   0x00000098   Code   RO         3672    i.Serial3_Init_Tx_DMA  esp8266.o
    0x080020ac   0x080020ac   0x0000002c   Code   RO         3673    i.Serial3_Init_Tx_USART  esp8266.o
    0x080020d8   0x080020d8   0x00000020   Code   RO         3674    i.Serial3_SendByte  esp8266.o
    0x080020f8   0x080020f8   0x00000094   Code   RO         3486    i.Serial_Auto_StateMachine  myserial.o
    0x0800218c   0x0800218c   0x000000d8   Code   RO         3488    i.Serial_Init       myserial.o
    0x08002264   0x08002264   0x0000001e   Code   RO         3489    i.Serial_SendByte   myserial.o
    0x08002282   0x08002282   0x0000001a   Code   RO         3492    i.Serial_SendStringV2  myserial.o
    0x0800229c   0x0800229c   0x00000008   Code   RO           24    i.SetSysClock       system_stm32f10x.o
    0x080022a4   0x080022a4   0x000000e0   Code   RO           25    i.SetSysClockTo72   system_stm32f10x.o
    0x08002384   0x08002384   0x00000002   Code   RO         4366    i.SysTick_Handler   stm32f10x_it.o
    0x08002386   0x08002386   0x00000002   PAD
    0x08002388   0x08002388   0x00000060   Code   RO           27    i.SystemInit        system_stm32f10x.o
    0x080023e8   0x080023e8   0x0000001c   Code   RO         3291    i.TIM1_UP_IRQHandler  mytim.o
    0x08002404   0x08002404   0x00000024   Code   RO         3292    i.TIM2_IRQHandler   mytim.o
    0x08002428   0x08002428   0x00000038   Code   RO         3293    i.TIM3_IRQHandler   mytim.o
    0x08002460   0x08002460   0x0000001c   Code   RO         3294    i.TIM4_IRQHandler   mytim.o
    0x0800247c   0x0800247c   0x00000018   Code   RO         2409    i.TIM_ARRPreloadConfig  stm32f10x_tim.o
    0x08002494   0x08002494   0x00000006   Code   RO         2415    i.TIM_ClearFlag     stm32f10x_tim.o
    0x0800249a   0x0800249a   0x00000006   Code   RO         2416    i.TIM_ClearITPendingBit  stm32f10x_tim.o
    0x080024a0   0x080024a0   0x00000018   Code   RO         2421    i.TIM_Cmd           stm32f10x_tim.o
    0x080024b8   0x080024b8   0x0000001e   Code   RO         2423    i.TIM_CtrlPWMOutputs  stm32f10x_tim.o
    0x080024d6   0x080024d6   0x00000006   Code   RO         2440    i.TIM_GetCounter    stm32f10x_tim.o
    0x080024dc   0x080024dc   0x00000022   Code   RO         2442    i.TIM_GetITStatus   stm32f10x_tim.o
    0x080024fe   0x080024fe   0x00000012   Code   RO         2446    i.TIM_ITConfig      stm32f10x_tim.o
    0x08002510   0x08002510   0x0000000c   Code   RO         2448    i.TIM_InternalClockConfig  stm32f10x_tim.o
    0x0800251c   0x0800251c   0x00000098   Code   RO         2450    i.TIM_OC1Init       stm32f10x_tim.o
    0x080025b4   0x080025b4   0x00000012   Code   RO         2453    i.TIM_OC1PreloadConfig  stm32f10x_tim.o
    0x080025c6   0x080025c6   0x00000002   PAD
    0x080025c8   0x080025c8   0x000000a4   Code   RO         2455    i.TIM_OC2Init       stm32f10x_tim.o
    0x0800266c   0x0800266c   0x0000001a   Code   RO         2458    i.TIM_OC2PreloadConfig  stm32f10x_tim.o
    0x08002686   0x08002686   0x00000002   PAD
    0x08002688   0x08002688   0x000000a0   Code   RO         2460    i.TIM_OC3Init       stm32f10x_tim.o
    0x08002728   0x08002728   0x00000012   Code   RO         2463    i.TIM_OC3PreloadConfig  stm32f10x_tim.o
    0x0800273a   0x0800273a   0x00000002   PAD
    0x0800273c   0x0800273c   0x0000007c   Code   RO         2465    i.TIM_OC4Init       stm32f10x_tim.o
    0x080027b8   0x080027b8   0x0000001a   Code   RO         2467    i.TIM_OC4PreloadConfig  stm32f10x_tim.o
    0x080027d2   0x080027d2   0x00000014   Code   RO         2468    i.TIM_OCStructInit  stm32f10x_tim.o
    0x080027e6   0x080027e6   0x00000002   PAD
    0x080027e8   0x080027e8   0x000000a4   Code   RO         2492    i.TIM_TimeBaseInit  stm32f10x_tim.o
    0x0800288c   0x0800288c   0x00000012   Code   RO         2493    i.TIM_TimeBaseStructInit  stm32f10x_tim.o
    0x0800289e   0x0800289e   0x00000002   PAD
    0x080028a0   0x080028a0   0x00000038   Code   RO         3493    i.USART2_IRQHandler  myserial.o
    0x080028d8   0x080028d8   0x00000018   Code   RO         2960    i.USART_Cmd         stm32f10x_usart.o
    0x080028f0   0x080028f0   0x00000012   Code   RO         2961    i.USART_DMACmd      stm32f10x_usart.o
    0x08002902   0x08002902   0x0000001a   Code   RO         2963    i.USART_GetFlagStatus  stm32f10x_usart.o
    0x0800291c   0x0800291c   0x00000054   Code   RO         2964    i.USART_GetITStatus  stm32f10x_usart.o
    0x08002970   0x08002970   0x0000004a   Code   RO         2966    i.USART_ITConfig    stm32f10x_usart.o
    0x080029ba   0x080029ba   0x00000002   PAD
    0x080029bc   0x080029bc   0x000000d8   Code   RO         2967    i.USART_Init        stm32f10x_usart.o
    0x08002a94   0x08002a94   0x0000000a   Code   RO         2974    i.USART_ReceiveData  stm32f10x_usart.o
    0x08002a9e   0x08002a9e   0x00000008   Code   RO         2977    i.USART_SendData    stm32f10x_usart.o
    0x08002aa6   0x08002aa6   0x00000018   Code   RO         2983    i.USART_StructInit  stm32f10x_usart.o
    0x08002abe   0x08002abe   0x00000004   Code   RO         4367    i.UsageFault_Handler  stm32f10x_it.o
    0x08002ac2   0x08002ac2   0x00000002   PAD
    0x08002ac4   0x08002ac4   0x000002b4   Code   RO         4326    i.main              main.o
    0x08002d78   0x08002d78   0x0000005a   Code   RO         4462    x$fpl$dfixu         fz_ws.l(dfixu.o)
    0x08002dd2   0x08002dd2   0x00000002   PAD
    0x08002dd4   0x08002dd4   0x00000154   Code   RO         4466    x$fpl$dmul          fz_ws.l(dmul.o)
    0x08002f28   0x08002f28   0x0000009c   Code   RO         4494    x$fpl$dnaninf       fz_ws.l(dnaninf.o)
    0x08002fc4   0x08002fc4   0x0000000c   Code   RO         4496    x$fpl$dretinf       fz_ws.l(dretinf.o)
    0x08002fd0   0x08002fd0   0x00000056   Code   RO         4468    x$fpl$f2d           fz_ws.l(f2d.o)
    0x08003026   0x08003026   0x00000002   PAD
    0x08003028   0x08003028   0x00000184   Code   RO         4471    x$fpl$fdiv          fz_ws.l(fdiv.o)
    0x080031ac   0x080031ac   0x0000003e   Code   RO         4474    x$fpl$ffixu         fz_ws.l(ffixu.o)
    0x080031ea   0x080031ea   0x00000002   PAD
    0x080031ec   0x080031ec   0x00000026   Code   RO         4478    x$fpl$ffltu         fz_ws.l(fflt_clz.o)
    0x08003212   0x08003212   0x0000008c   Code   RO         4498    x$fpl$fnaninf       fz_ws.l(fnaninf.o)
    0x0800329e   0x0800329e   0x0000000a   Code   RO         4500    x$fpl$fretinf       fz_ws.l(fretinf.o)
    0x080032a8   0x080032a8   0x00000000   Code   RO         4502    x$fpl$usenofp       fz_ws.l(usenofp.o)
    0x080032a8   0x080032a8   0x000005f0   Data   RO         3572    .constdata          oled.o
    0x08003898   0x08003898   0x0000008a   Data   RO         3751    .constdata          mywaterts.o
    0x08003922   0x08003922   0x00000002   PAD
    0x08003924   0x08003924   0x00000020   Data   RO         4657    Region$$Table       anon$$obj.o


    Execution Region RW_IRAM1 (Exec base: 0x20000000, Load base: 0x08003944, Size: 0x00000e40, Max: 0x00005000, ABSOLUTE)

    Exec Addr    Load Addr    Size         Type   Attr      Idx    E Section Name        Object

    0x20000000   0x08003944   0x00000014   Data   RW         1805    .data               stm32f10x_rcc.o
    0x20000014   0x08003958   0x00000014   Data   RW         3295    .data               mytim.o
    0x20000028   0x0800396c   0x00000008   Data   RW         3495    .data               myserial.o
    0x20000030   0x08003974   0x00000016   Data   RW         3679    .data               esp8266.o
    0x20000046   0x0800398a   0x00000002   PAD
    0x20000048   0x0800398c   0x0000001e   Data   RW         3752    .data               mywaterts.o
    0x20000066   0x080039aa   0x00000002   PAD
    0x20000068   0x080039ac   0x0000002d   Data   RW         3823    .data               myairs.o
    0x20000095   0x080039d9   0x00000003   PAD
    0x20000098   0x080039dc   0x00000024   Data   RW         3961    .data               mywaterss.o
    0x200000bc   0x08003a00   0x00000004   Data   RW         4075    .data               mywaterp.o
    0x200000c0   0x08003a04   0x00000004   Data   RW         4106    .data               myaquariuml.o
    0x200000c4   0x08003a08   0x00000004   Data   RW         4137    .data               myplantgl.o
    0x200000c8   0x08003a0c   0x00000008   Data   RW         4165    .data               myadcanddma.o
    0x200000d0        -       0x000001f8   Zero   RW         3494    .bss                myserial.o
    0x200002c8        -       0x00000468   Zero   RW         3678    .bss                esp8266.o
    0x20000730        -       0x00000048   Zero   RW         3750    .bss                mywaterts.o
    0x20000778        -       0x00000028   Zero   RW         3822    .bss                myairs.o
    0x200007a0        -       0x00000010   Zero   RW         4033    .bss                myfeeder.o
    0x200007b0        -       0x00000010   Zero   RW         4074    .bss                mywaterp.o
    0x200007c0        -       0x00000010   Zero   RW         4105    .bss                myaquariuml.o
    0x200007d0        -       0x00000010   Zero   RW         4136    .bss                myplantgl.o
    0x200007e0        -       0x00000060   Zero   RW         4531    .bss                c_w.l(libspace.o)
    0x20000840        -       0x00000200   Zero   RW           18    HEAP                startup_stm32f10x_md.o
    0x20000a40        -       0x00000400   Zero   RW           17    STACK               startup_stm32f10x_md.o


==============================================================================

Image component sizes


      Code (inc. data)   RO Data    RW Data    ZI Data      Debug   Object Name

        86          0          0          0          0       2013   array.o
         0          0          0          0          0       4564   core_cm3.o
        94          0          0          0          0       1380   delay.o
       334         46          0         22       1128       3664   esp8266.o
       766         52          0          0          0       2140   main.o
       132         22          0          0          0     215887   misc.o
       200         12          0          8          0       1228   myadcanddma.o
        64         10          0          0          0        891   myairp.o
      1132        204          0         45         40      10944   myairs.o
       100         12          0          4         16        837   myaquariuml.o
       108         14          0          0         16        851   myfeeder.o
        56          8          0          0          0        507   myilluminations.o
       100         12          0          4         16        821   myplantgl.o
       476         42          0          8        504       4399   myserial.o
        56          8          0          0          0        476   mysoilms.o
        60         12          0          0          0        912   mytest.o
       716         40          0         20          0       6630   mytim.o
        64         10          0          0          0        907   mywaterh.o
       108         14          0          4         16        819   mywaterp.o
        56          8          0          0          0        481   mywaterqs.o
       592        110          0         36          0       6441   mywaterss.o
      1188        174        138         30         72       5599   mywaterts.o
       774         22       1520          0          0       6839   oled.o
        64         26        236          0       1536        788   startup_stm32f10x_md.o
       408         10          0          0          0      18106   stm32f10x_adc.o
       532         26          0          0          0      15100   stm32f10x_dma.o
       216         18          0          0          0       4542   stm32f10x_exti.o
       390          4          0          0          0      12855   stm32f10x_gpio.o
        26          0          0          0          0       3686   stm32f10x_it.o
       332         44          0         20          0      13961   stm32f10x_rcc.o
      1050         92          0          0          0      31957   stm32f10x_tim.o
       484          6          0          0          0      12867   stm32f10x_usart.o
       328         28          0          0          0      54969   system_stm32f10x.o

    ----------------------------------------------------------------------
     11126       1086       1928        208       3344     448061   Object Totals
         0          0         32          0          0          0   (incl. Generated)
        34          0          2          7          0          0   (incl. Padding)

    ----------------------------------------------------------------------

      Code (inc. data)   RO Data    RW Data    ZI Data      Debug   Library Member Name

         8          0          0          0          0         68   __main.o
         0          0          0          0          0          0   __rtentry.o
        12          0          0          0          0          0   __rtentry2.o
         6          0          0          0          0          0   __rtentry4.o
        52          8          0          0          0          0   __scatter.o
        26          0          0          0          0          0   __scatter_copy.o
        28          0          0          0          0          0   __scatter_zi.o
        18          0          0          0          0         80   exit.o
         6          0          0          0          0        152   heapauxi.o
         0          0          0          0          0          0   indicate_semi.o
         2          0          0          0          0          0   libinit.o
         2          0          0          0          0          0   libinit2.o
         2          0          0          0          0          0   libshutdown.o
         2          0          0          0          0          0   libshutdown2.o
         8          4          0          0         96         68   libspace.o
         2          0          0          0          0          0   rtexit.o
        10          0          0          0          0          0   rtexit2.o
        12          4          0          0          0         68   sys_exit.o
        74          0          0          0          0         80   sys_stackheap_outer.o
         2          0          0          0          0         68   use_no_semi.o
        90          4          0          0          0         92   dfixu.o
       340         12          0          0          0        104   dmul.o
       156          4          0          0          0         92   dnaninf.o
        12          0          0          0          0         68   dretinf.o
        86          4          0          0          0         84   f2d.o
       388         76          0          0          0         96   fdiv.o
        62          4          0          0          0         84   ffixu.o
        38          0          0          0          0         68   fflt_clz.o
       140          4          0          0          0         84   fnaninf.o
        10          0          0          0          0         68   fretinf.o
         0          0          0          0          0          0   usenofp.o

    ----------------------------------------------------------------------
      1606        124          0          0         96       1424   Library Totals
        12          0          0          0          0          0   (incl. Padding)

    ----------------------------------------------------------------------

      Code (inc. data)   RO Data    RW Data    ZI Data      Debug   Library Name

       272         16          0          0         96        584   c_w.l
      1322        108          0          0          0        840   fz_ws.l

    ----------------------------------------------------------------------
      1606        124          0          0         96       1424   Library Totals

    ----------------------------------------------------------------------

==============================================================================


      Code (inc. data)   RO Data    RW Data    ZI Data      Debug   

     12732       1210       1928        208       3440     440381   Grand Totals
     12732       1210       1928        208       3440     440381   ELF Image Totals
     12732       1210       1928        208          0          0   ROM Totals

==============================================================================

    Total RO  Size (Code + RO Data)                14660 (  14.32kB)
    Total RW  Size (RW Data + ZI Data)              3648 (   3.56kB)
    Total ROM Size (Code + RO Data + RW Data)      14868 (  14.52kB)

==============================================================================

